Component: ARM Compiler 5.06 update 5 (build 528) Tool: armlink [4d35e2]

==============================================================================

Section Cross References

    startup_stm32f427xx.o(RESET) refers to startup_stm32f427xx.o(STACK) for __initial_sp
    startup_stm32f427xx.o(RESET) refers to startup_stm32f427xx.o(.text) for Reset_Handler
    startup_stm32f427xx.o(RESET) refers to stm32f4xx_it.o(i.NMI_Handler) for NMI_Handler
    startup_stm32f427xx.o(RESET) refers to stm32f4xx_it.o(i.HardFault_Handler) for HardFault_Handler
    startup_stm32f427xx.o(RESET) refers to stm32f4xx_it.o(i.MemManage_Handler) for MemManage_Handler
    startup_stm32f427xx.o(RESET) refers to stm32f4xx_it.o(i.BusFault_Handler) for BusFault_Handler
    startup_stm32f427xx.o(RESET) refers to stm32f4xx_it.o(i.UsageFault_Handler) for UsageFault_Handler
    startup_stm32f427xx.o(RESET) refers to port.o(.emb_text) for SVC_Handler
    startup_stm32f427xx.o(RESET) refers to stm32f4xx_it.o(i.DebugMon_Handler) for DebugMon_Handler
    startup_stm32f427xx.o(RESET) refers to stm32f4xx_it.o(i.SysTick_Handler) for SysTick_Handler
    startup_stm32f427xx.o(RESET) refers to stm32f4xx_it.o(i.CAN1_TX_IRQHandler) for CAN1_TX_IRQHandler
    startup_stm32f427xx.o(RESET) refers to stm32f4xx_it.o(i.CAN1_RX0_IRQHandler) for CAN1_RX0_IRQHandler
    startup_stm32f427xx.o(RESET) refers to stm32f4xx_it.o(i.USART1_IRQHandler) for USART1_IRQHandler
    startup_stm32f427xx.o(RESET) refers to stm32f4xx_it.o(i.DMA2_Stream2_IRQHandler) for DMA2_Stream2_IRQHandler
    startup_stm32f427xx.o(RESET) refers to stm32f4xx_it.o(i.CAN2_TX_IRQHandler) for CAN2_TX_IRQHandler
    startup_stm32f427xx.o(RESET) refers to stm32f4xx_it.o(i.CAN2_RX1_IRQHandler) for CAN2_RX1_IRQHandler
    startup_stm32f427xx.o(RESET) refers to stm32f4xx_it.o(i.USART6_IRQHandler) for USART6_IRQHandler
    startup_stm32f427xx.o(.text) refers to system_stm32f4xx.o(i.SystemInit) for SystemInit
    startup_stm32f427xx.o(.text) refers to entry.o(.ARM.Collect$$$$00000000) for __main
    bsp_can.o(i.HAL_CAN_RxFifo0MsgPendingCallback) refers to stm32f4xx_hal_can.o(i.HAL_CAN_GetRxMessage) for HAL_CAN_GetRxMessage
    bsp_can.o(i.HAL_CAN_RxFifo0MsgPendingCallback) refers to main.o(i._Error_Handler) for _Error_Handler
    bsp_can.o(i.HAL_CAN_RxFifo0MsgPendingCallback) refers to bsp_can.o(i.get_moto_offset) for get_moto_offset
    bsp_can.o(i.HAL_CAN_RxFifo0MsgPendingCallback) refers to bsp_can.o(i.encoder_data_handler) for encoder_data_handler
    bsp_can.o(i.HAL_CAN_RxFifo0MsgPendingCallback) refers to bsp_can.o(.data) for .data
    bsp_can.o(i.HAL_CAN_RxFifo0MsgPendingCallback) refers to bsp_can.o(.bss) for .bss
    bsp_can.o(i.HAL_CAN_RxFifo0MsgPendingCallback) refers to can.o(.bss) for hcan1
    bsp_can.o(i.can_filter_init) refers to stm32f4xx_hal_can.o(i.HAL_CAN_ConfigFilter) for HAL_CAN_ConfigFilter
    bsp_can.o(i.can_filter_init) refers to main.o(i._Error_Handler) for _Error_Handler
    bsp_can.o(i.can_filter_init) refers to stm32f4xx_hal_can.o(i.HAL_CAN_Start) for HAL_CAN_Start
    bsp_can.o(i.can_filter_init) refers to stm32f4xx_hal_can.o(i.HAL_CAN_ActivateNotification) for HAL_CAN_ActivateNotification
    bsp_can.o(i.can_filter_init) refers to can.o(.bss) for hcan1
    bsp_can.o(i.send_chassis_cur) refers to stm32f4xx_hal_can.o(i.HAL_CAN_AddTxMessage) for HAL_CAN_AddTxMessage
    bsp_can.o(i.send_chassis_cur) refers to main.o(i._Error_Handler) for _Error_Handler
    bsp_can.o(i.send_chassis_cur) refers to stm32f4xx_hal_can.o(i.HAL_CAN_GetTxMailboxesFreeLevel) for HAL_CAN_GetTxMailboxesFreeLevel
    bsp_can.o(i.send_chassis_cur) refers to can.o(.bss) for hcan1
    bsp_uart.o(i.dbus_uart_init) refers to stm32f4xx_hal_dma.o(i.HAL_DMA_Start) for HAL_DMA_Start
    bsp_uart.o(i.dbus_uart_init) refers to usart.o(.bss) for huart1
    bsp_uart.o(i.dbus_uart_init) refers to bsp_uart.o(.bss) for .bss
    bsp_uart.o(i.uart_receive_handler) refers to bsp_uart.o(i.rc_callback_handler) for rc_callback_handler
    bsp_uart.o(i.uart_receive_handler) refers to usart.o(.bss) for huart1
    bsp_uart.o(i.uart_receive_handler) refers to bsp_uart.o(.bss) for .bss
    main.o(i.SystemClock_Config) refers to stm32f4xx_hal_rcc.o(i.HAL_RCC_OscConfig) for HAL_RCC_OscConfig
    main.o(i.SystemClock_Config) refers to stm32f4xx_hal_pwr_ex.o(i.HAL_PWREx_EnableOverDrive) for HAL_PWREx_EnableOverDrive
    main.o(i.SystemClock_Config) refers to stm32f4xx_hal_rcc.o(i.HAL_RCC_ClockConfig) for HAL_RCC_ClockConfig
    main.o(i.SystemClock_Config) refers to stm32f4xx_hal_rcc.o(i.HAL_RCC_GetHCLKFreq) for HAL_RCC_GetHCLKFreq
    main.o(i.SystemClock_Config) refers to stm32f4xx_hal_cortex.o(i.HAL_SYSTICK_Config) for HAL_SYSTICK_Config
    main.o(i.SystemClock_Config) refers to stm32f4xx_hal_cortex.o(i.HAL_SYSTICK_CLKSourceConfig) for HAL_SYSTICK_CLKSourceConfig
    main.o(i.SystemClock_Config) refers to stm32f4xx_hal_cortex.o(i.HAL_NVIC_SetPriority) for HAL_NVIC_SetPriority
[...]
    ..\Drivers\STM32F4xx_HAL_Driver\Src\stm32f4xx_hal_rcc_ex.c 0x00000000   Number         0  stm32f4xx_hal_rcc_ex.o ABSOLUTE
    ..\Drivers\STM32F4xx_HAL_Driver\Src\stm32f4xx_hal_spi.c 0x00000000   Number         0  stm32f4xx_hal_spi.o ABSOLUTE
    ..\Drivers\STM32F4xx_HAL_Driver\Src\stm32f4xx_hal_tim.c 0x00000000   Number         0  stm32f4xx_hal_tim.o ABSOLUTE
    ..\Drivers\STM32F4xx_HAL_Driver\Src\stm32f4xx_hal_tim_ex.c 0x00000000   Number         0  stm32f4xx_hal_tim_ex.o ABSOLUTE
    ..\Drivers\STM32F4xx_HAL_Driver\Src\stm32f4xx_hal_uart.c 0x00000000   Number         0  stm32f4xx_hal_uart.o ABSOLUTE
    ..\Middlewares\Third_Party\FreeRTOS\Source\CMSIS_RTOS\cmsis_os.c 0x00000000   Number         0  cmsis_os.o ABSOLUTE
    ..\Middlewares\Third_Party\FreeRTOS\Source\portable\RVDS\ARM_CM4F\port.c 0x00000000   Number         0  port.o ABSOLUTE
    ..\Src\can.c                             0x00000000   Number         0  can.o ABSOLUTE
    ..\Src\dma.c                             0x00000000   Number         0  dma.o ABSOLUTE
    ..\Src\freertos.c                        0x00000000   Number         0  freertos.o ABSOLUTE
    ..\Src\gpio.c                            0x00000000   Number         0  gpio.o ABSOLUTE
    ..\Src\main.c                            0x00000000   Number         0  main.o ABSOLUTE
    ..\Src\spi.c                             0x00000000   Number         0  spi.o ABSOLUTE
    ..\Src\stm32f4xx_hal_msp.c               0x00000000   Number         0  stm32f4xx_hal_msp.o ABSOLUTE
    ..\Src\stm32f4xx_it.c                    0x00000000   Number         0  stm32f4xx_it.o ABSOLUTE
    ..\Src\usart.c                           0x00000000   Number         0  usart.o ABSOLUTE
    ..\\Src\system_stm32f4xx.c               0x00000000   Number         0  system_stm32f4xx.o ABSOLUTE
    ..\\bsp\\can\\bsp_can.c                  0x00000000   Number         0  bsp_can.o ABSOLUTE
    ..\\bsp\\uart\\bsp_uart.c                0x00000000   Number         0  bsp_uart.o ABSOLUTE
    ..\\lib\\pid.c                           0x00000000   Number         0  pid.o ABSOLUTE
    ..\\task\\chassis_ctrl.c                 0x00000000   Number         0  chassis_ctrl.o ABSOLUTE
    ..\bsp\can\bsp_can.c                     0x00000000   Number         0  bsp_can.o ABSOLUTE
    ..\bsp\uart\bsp_uart.c                   0x00000000   Number         0  bsp_uart.o ABSOLUTE
    ..\lib\pid.c                             0x00000000   Number         0  pid.o ABSOLUTE
    ..\task\chassis_ctrl.c                   0x00000000   Number         0  chassis_ctrl.o ABSOLUTE
    dc.s                                     0x00000000   Number         0  dc.o ABSOLUTE
    handlers.s                               0x00000000   Number         0  handlers.o ABSOLUTE
    init.s                                   0x00000000   Number         0  init.o ABSOLUTE
    startup_stm32f427xx.s                    0x00000000   Number         0  startup_stm32f427xx.o ABSOLUTE
    RESET                                    0x08000000   Section      428  startup_stm32f427xx.o(RESET)
    .ARM.Collect$$$$00000000                 0x080001ac   Section        0  entry.o(.ARM.Collect$$$$00000000)
    .ARM.Collect$$$$00000001                 0x080001ac   Section        4  entry2.o(.ARM.Collect$$$$00000001)
    .ARM.Collect$$$$00000004                 0x080001b0   Section        4  entry5.o(.ARM.Collect$$$$00000004)
    .ARM.Collect$$$$00000008                 0x080001b4   Section        0  entry7b.o(.ARM.Collect$$$$00000008)
    .ARM.Collect$$$$0000000A                 0x080001b4   Section        0  entry8b.o(.ARM.Collect$$$$0000000A)
    .ARM.Collect$$$$0000000B                 0x080001b4   Section        8  entry9a.o(.ARM.Collect$$$$0000000B)
    .ARM.Collect$$$$0000000D                 0x080001bc   Section        0  entry10a.o(.ARM.Collect$$$$0000000D)
    .ARM.Collect$$$$0000000F                 0x080001bc   Section        0  entry11a.o(.ARM.Collect$$$$0000000F)
    .ARM.Collect$$$$00002712                 0x080001bc   Section        4  entry2.o(.ARM.Collect$$$$00002712)
    __lit__00000000                          0x080001bc   Data           4  entry2.o(.ARM.Collect$$$$00002712)
    .emb_text                                0x080001c0   Section      186  port.o(.emb_text)
    $v0                                      0x080001c0   Number         0  port.o(.emb_text)
    .text                                    0x0800027c   Section       36  startup_stm32f427xx.o(.text)
    $v0                                      0x0800027c   Number         0  startup_stm32f427xx.o(.text)
    .text                                    0x080002a0   Section        0  uldiv.o(.text)
    .text                                    0x08000302   Section        0  memcpya.o(.text)
    .text                                    0x08000326   Section        0  memseta.o(.text)
    .text                                    0x0800034a   Section        0  dadd.o(.text)
    .text                                    0x08000498   Section        0  dmul.o(.text)
    .text                                    0x0800057c   Section        0  ddiv.o(.text)
    .text                                    0x0800065a   Section        0  dfixi.o(.text)
    .text                                    0x08000698   Section        0  f2d.o(.text)
    .text                                    0x080006be   Section        0  llshl.o(.text)
    .text                                    0x080006dc   Section        0  llushr.o(.text)
    .text                                    0x080006fc   Section        0  llsshr.o(.text)
    .text                                    0x08000720   Section        0  depilogue.o(.text)
    .text                                    0x08000720   Section        0  iusefp.o(.text)
    .text                                    0x080007dc   Section       36  init.o(.text)
    i.BusFault_Handler                       0x08000800   Section        0  stm32f4xx_it.o(i.BusFault_Handler)
    i.CAN1_RX0_IRQHandler                    0x08000804   Section        0  stm32f4xx_it.o(i.CAN1_RX0_IRQHandler)
    i.CAN1_TX_IRQHandler                     0x08000810   Section        0  stm32f4xx_it.o(i.CAN1_TX_IRQHandler)
    i.CAN2_RX1_IRQHandler                    0x0800081c   Section        0  stm32f4xx_it.o(i.CAN2_RX1_IRQHandler)
    i.CAN2_TX_IRQHandler                     0x08000828   Section        0  stm32f4xx_it.o(i.CAN2_TX_IRQHandler)
    i.DMA2_Stream2_IRQHandler                0x08000834   Section        0  stm32f4xx_it.o(i.DMA2_Stream2_IRQHandler)
    i.DMA_CalcBaseAndBitshift                0x08000840   Section        0  stm32f4xx_hal_dma.o(i.DMA_CalcBaseAndBitshift)
    DMA_CalcBaseAndBitshift                  0x08000841   Thumb Code    34  stm32f4xx_hal_dma.o(i.DMA_CalcBaseAndBitshift)
    i.DMA_CheckFifoParam                     0x08000868   Section        0  stm32f4xx_hal_dma.o(i.DMA_CheckFifoParam)
    DMA_CheckFifoParam                       0x08000869   Thumb Code    84  stm32f4xx_hal_dma.o(i.DMA_CheckFifoParam)
    i.DMA_SetConfig                          0x080008bc   Section        0  stm32f4xx_hal_dma.o(i.DMA_SetConfig)
    DMA_SetConfig                            0x080008bd   Thumb Code    40  stm32f4xx_hal_dma.o(i.DMA_SetConfig)
    i.DebugMon_Handler                       0x080008e4   Section        0  stm32f4xx_it.o(i.DebugMon_Handler)
    i.HAL_CAN_ActivateNotification           0x080008e6   Section        0  stm32f4xx_hal_can.o(i.HAL_CAN_ActivateNotification)
    i.HAL_CAN_AddTxMessage                   0x0800090e   Section        0  stm32f4xx_hal_can.o(i.HAL_CAN_AddTxMessage)
    i.HAL_CAN_ConfigFilter                   0x080009d8   Section        0  stm32f4xx_hal_can.o(i.HAL_CAN_ConfigFilter)
    i.HAL_CAN_ErrorCallback                  0x08000ae4   Section        0  bsp_can.o(i.HAL_CAN_ErrorCallback)
    i.HAL_CAN_GetRxMessage                   0x08000af0   Section        0  stm32f4xx_hal_can.o(i.HAL_CAN_GetRxMessage)
    i.HAL_CAN_GetTxMailboxesFreeLevel        0x08000bea   Section        0  stm32f4xx_hal_can.o(i.HAL_CAN_GetTxMailboxesFreeLevel)
    i.HAL_CAN_IRQHandler                     0x08000c1a   Section        0  stm32f4xx_hal_can.o(i.HAL_CAN_IRQHandler)
    i.HAL_CAN_Init                           0x08000e16   Section        0  stm32f4xx_hal_can.o(i.HAL_CAN_Init)
    i.HAL_CAN_MspInit                        0x08000f30   Section        0  can.o(i.HAL_CAN_MspInit)
    i.HAL_CAN_RxFifo0FullCallback            0x08001010   Section        0  stm32f4xx_hal_can.o(i.HAL_CAN_RxFifo0FullCallback)
    i.HAL_CAN_RxFifo0MsgPendingCallback      0x08001014   Section        0  bsp_can.o(i.HAL_CAN_RxFifo0MsgPendingCallback)
    i.HAL_CAN_RxFifo1FullCallback            0x080010ac   Section        0  stm32f4xx_hal_can.o(i.HAL_CAN_RxFifo1FullCallback)
    i.HAL_CAN_RxFifo1MsgPendingCallback      0x080010ae   Section        0  stm32f4xx_hal_can.o(i.HAL_CAN_RxFifo1MsgPendingCallback)
    i.HAL_CAN_SleepCallback                  0x080010b0   Section        0  stm32f4xx_hal_can.o(i.HAL_CAN_SleepCallback)
    i.HAL_CAN_Start                          0x080010b4   Section        0  stm32f4xx_hal_can.o(i.HAL_CAN_Start)
    i.HAL_CAN_TxMailbox0AbortCallback        0x0800110c   Section        0  stm32f4xx_hal_can.o(i.HAL_CAN_TxMailbox0AbortCallback)
    i.HAL_CAN_TxMailbox0CompleteCallback     0x0800110e   Section        0  stm32f4xx_hal_can.o(i.HAL_CAN_TxMailbox0CompleteCallback)
    i.HAL_CAN_TxMailbox1AbortCallback        0x08001110   Section        0  stm32f4xx_hal_can.o(i.HAL_CAN_TxMailbox1AbortCallback)
    i.HAL_CAN_TxMailbox1CompleteCallback     0x08001112   Section        0  stm32f4xx_hal_can.o(i.HAL_CAN_TxMailbox1CompleteCallback)
    i.HAL_CAN_TxMailbox2AbortCallback        0x08001114   Section        0  stm32f4xx_hal_can.o(i.HAL_CAN_TxMailbox2AbortCallback)
    i.HAL_CAN_TxMailbox2CompleteCallback     0x08001116   Section        0  stm32f4xx_hal_can.o(i.HAL_CAN_TxMailbox2CompleteCallback)
    i.HAL_CAN_WakeUpFromRxMsgCallback        0x08001118   Section        0  stm32f4xx_hal_can.o(i.HAL_CAN_WakeUpFromRxMsgCallback)
    i.HAL_DMA_Abort_IT                       0x0800111a   Section        0  stm32f4xx_hal_dma.o(i.HAL_DMA_Abort_IT)
    i.HAL_DMA_IRQHandler                     0x08001140   Section        0  stm32f4xx_hal_dma.o(i.HAL_DMA_IRQHandler)
    i.HAL_DMA_Init                           0x080012e0   Section        0  stm32f4xx_hal_dma.o(i.HAL_DMA_Init)
    i.HAL_DMA_Start                          0x080013b4   Section        0  stm32f4xx_hal_dma.o(i.HAL_DMA_Start)
    i.HAL_GPIO_Init                          0x080013fc   Section        0  stm32f4xx_hal_gpio.o(i.HAL_GPIO_Init)
    i.HAL_GPIO_WritePin                      0x080015c8   Section        0  stm32f4xx_hal_gpio.o(i.HAL_GPIO_WritePin)
    i.HAL_GetTick                            0x080015d4   Section        0  stm32f4xx_hal.o(i.HAL_GetTick)
    i.HAL_IncTick                            0x080015e0   Section        0  stm32f4xx_hal.o(i.HAL_IncTick)
    i.HAL_Init                               0x080015f0   Section        0  stm32f4xx_hal.o(i.HAL_Init)
    i.HAL_InitTick                           0x08001624   Section        0  stm32f4xx_hal.o(i.HAL_InitTick)
    i.HAL_MspInit                            0x08001664   Section        0  stm32f4xx_hal_msp.o(i.HAL_MspInit)
    i.HAL_NVIC_EnableIRQ                     0x080016e8   Section        0  stm32f4xx_hal_cortex.o(i.HAL_NVIC_EnableIRQ)
    i.HAL_NVIC_SetPriority                   0x08001700   Section        0  stm32f4xx_hal_cortex.o(i.HAL_NVIC_SetPriority)
    i.HAL_NVIC_SetPriorityGrouping           0x08001740   Section        0  stm32f4xx_hal_cortex.o(i.HAL_NVIC_SetPriorityGrouping)
    i.HAL_PWREx_EnableOverDrive              0x08001764   Section        0  stm32f4xx_hal_pwr_ex.o(i.HAL_PWREx_EnableOverDrive)
    i.HAL_RCC_ClockConfig                    0x080017d4   Section        0  stm32f4xx_hal_rcc.o(i.HAL_RCC_ClockConfig)
    i.HAL_RCC_GetHCLKFreq                    0x08001904   Section        0  stm32f4xx_hal_rcc.o(i.HAL_RCC_GetHCLKFreq)
    i.HAL_RCC_GetPCLK1Freq                   0x08001910   Section        0  stm32f4xx_hal_rcc.o(i.HAL_RCC_GetPCLK1Freq)
    i.HAL_RCC_GetPCLK2Freq                   0x08001930   Section        0  stm32f4xx_hal_rcc.o(i.HAL_RCC_GetPCLK2Freq)
    i.HAL_RCC_GetSysClockFreq                0x08001950   Section        0  stm32f4xx_hal_rcc.o(i.HAL_RCC_GetSysClockFreq)
    i.HAL_RCC_OscConfig                      0x080019b4   Section        0  stm32f4xx_hal_rcc.o(i.HAL_RCC_OscConfig)
    i.HAL_SPI_Init                           0x08001cd0   Section        0  stm32f4xx_hal_spi.o(i.HAL_SPI_Init)
    i.HAL_SPI_MspInit                        0x08001d50   Section        0  spi.o(i.HAL_SPI_MspInit)
    i.HAL_SYSTICK_CLKSourceConfig            0x08001d9c   Section        0  stm32f4xx_hal_cortex.o(i.HAL_SYSTICK_CLKSourceConfig)
    i.HAL_SYSTICK_Config                     0x08001db4   Section        0  stm32f4xx_hal_cortex.o(i.HAL_SYSTICK_Config)
    i.HAL_UART_ErrorCallback                 0x08001ddc   Section        0  stm32f4xx_hal_uart.o(i.HAL_UART_ErrorCallback)
    i.HAL_UART_IRQHandler                    0x08001de0   Section        0  stm32f4xx_hal_uart.o(i.HAL_UART_IRQHandler)
    i.HAL_UART_Init                          0x08001ef0   Section        0  stm32f4xx_hal_uart.o(i.HAL_UART_Init)
    i.HAL_UART_MspInit                       0x08001f54   Section        0  usart.o(i.HAL_UART_MspInit)
    i.HAL_UART_RxCpltCallback                0x08002044   Section        0  stm32f4xx_hal_uart.o(i.HAL_UART_RxCpltCallback)
    i.HAL_UART_TxCpltCallback                0x08002046   Section        0  stm32f4xx_hal_uart.o(i.HAL_UART_TxCpltCallback)
    i.HardFault_Handler                      0x08002048   Section        0  stm32f4xx_it.o(i.HardFault_Handler)
    i.MX_CAN1_Init                           0x0800204c   Section        0  can.o(i.MX_CAN1_Init)
    i.MX_CAN2_Init                           0x080020a4   Section        0  can.o(i.MX_CAN2_Init)
    i.MX_DMA_Init                            0x080020fc   Section        0  dma.o(i.MX_DMA_Init)
    i.MX_FREERTOS_Init                       0x08002128   Section        0  freertos.o(i.MX_FREERTOS_Init)
    i.MX_GPIO_Init                           0x08002174   Section        0  gpio.o(i.MX_GPIO_Init)
    i.MX_SPI5_Init                           0x08002280   Section        0  spi.o(i.MX_SPI5_Init)
    i.MX_USART1_UART_Init                    0x080022d8   Section        0  usart.o(i.MX_USART1_UART_Init)
    i.MX_USART6_UART_Init                    0x0800232c   Section        0  usart.o(i.MX_USART6_UART_Init)
    i.MemManage_Handler                      0x08002378   Section        0  stm32f4xx_it.o(i.MemManage_Handler)
    i.NMI_Handler                            0x0800237a   Section        0  stm32f4xx_it.o(i.NMI_Handler)
    i.NVIC_SetPriority                       0x0800237c   Section        0  stm32f4xx_hal_cortex.o(i.NVIC_SetPriority)
    NVIC_SetPriority                         0x0800237d   Thumb Code    32  stm32f4xx_hal_cortex.o(i.NVIC_SetPriority)
    i.PID_struct_init                        0x0800239c   Section        0  pid.o(i.PID_struct_init)
    i.StartDefaultTask                       0x080023e0   Section        0  freertos.o(i.StartDefaultTask)
    i.Start_chassis_ctrl_task                0x080023e8   Section        0  chassis_ctrl.o(i.Start_chassis_ctrl_task)
    i.SysTick_Handler                        0x0800243c   Section        0  stm32f4xx_it.o(i.SysTick_Handler)
    i.SystemClock_Config                     0x0800244c   Section        0  main.o(i.SystemClock_Config)
    i.SystemInit                             0x080024f4   Section        0  system_stm32f4xx.o(i.SystemInit)
    i.UART_DMAAbortOnError                   0x08002548   Section        0  stm32f4xx_hal_uart.o(i.UART_DMAAbortOnError)
    UART_DMAAbortOnError                     0x08002549   Thumb Code    16  stm32f4xx_hal_uart.o(i.UART_DMAAbortOnError)
    i.UART_EndRxTransfer                     0x08002558   Section        0  stm32f4xx_hal_uart.o(i.UART_EndRxTransfer)
    UART_EndRxTransfer                       0x08002559   Thumb Code    28  stm32f4xx_hal_uart.o(i.UART_EndRxTransfer)
    i.UART_Receive_IT                        0x08002574   Section        0  stm32f4xx_hal_uart.o(i.UART_Receive_IT)
    UART_Receive_IT                          0x08002575   Thumb Code   140  stm32f4xx_hal_uart.o(i.UART_Receive_IT)
    i.UART_SetConfig                         0x08002600   Section        0  stm32f4xx_hal_uart.o(i.UART_SetConfig)
    UART_SetConfig                           0x08002601   Thumb Code   676  stm32f4xx_hal_uart.o(i.UART_SetConfig)
    i.UART_Transmit_IT                       0x080028ac   Section        0  stm32f4xx_hal_uart.o(i.UART_Transmit_IT)
    UART_Transmit_IT                         0x080028ad   Thumb Code    98  stm32f4xx_hal_uart.o(i.UART_Transmit_IT)
    i.USART1_IRQHandler                      0x08002910   Section        0  stm32f4xx_it.o(i.USART1_IRQHandler)
    i.USART6_IRQHandler                      0x08002928   Section        0  stm32f4xx_it.o(i.USART6_IRQHandler)
    i.UsageFault_Handler                     0x08002934   Section        0  stm32f4xx_it.o(i.UsageFault_Handler)
    i._Error_Handler                         0x08002936   Section        0  main.o(i._Error_Handler)
    i.__scatterload_copy                     0x08002938   Section       14  handlers.o(i.__scatterload_copy)
    i.__scatterload_null                     0x08002946   Section        2  handlers.o(i.__scatterload_null)
    i.__scatterload_zeroinit                 0x08002948   Section       14  handlers.o(i.__scatterload_zeroinit)
    i.abs_limit                              0x08002956   Section        0  pid.o(i.abs_limit)
    i.can_filter_init                        0x08002980   Section        0  bsp_can.o(i.can_filter_init)
    i.chassis_operation_func                 0x08002a0c   Section        0  chassis_ctrl.o(i.chassis_operation_func)
    i.chassis_param_init                     0x08002a5c   Section        0  chassis_ctrl.o(i.chassis_param_init)
    i.dbus_uart_init                         0x08002aec   Section        0  bsp_uart.o(i.dbus_uart_init)
    i.encoder_data_handler                   0x08002b34   Section        0  bsp_can.o(i.encoder_data_handler)
    i.get_moto_offset                        0x08002b98   Section        0  bsp_can.o(i.get_moto_offset)
    i.inHandlerMode                          0x08002ba2   Section        0  cmsis_os.o(i.inHandlerMode)
    inHandlerMode                            0x08002ba3   Thumb Code    12  cmsis_os.o(i.inHandlerMode)
    i.led_off                                0x08002bb0   Section        0  gpio.o(i.led_off)
    i.main                                   0x08002bd4   Section        0  main.o(i.main)
    i.makeFreeRtosPriority                   0x08002c20   Section        0  cmsis_os.o(i.makeFreeRtosPriority)
    makeFreeRtosPriority                     0x08002c21   Thumb Code    12  cmsis_os.o(i.makeFreeRtosPriority)
    i.osDelay                                0x08002c2c   Section        0  cmsis_os.o(i.osDelay)
    i.osDelayUntil                           0x08002c3a   Section        0  cmsis_os.o(i.osDelayUntil)
    i.osKernelStart                          0x08002c3e   Section        0  cmsis_os.o(i.osKernelStart)
    i.osKernelSysTick                        0x08002c48   Section        0  cmsis_os.o(i.osKernelSysTick)
    i.osSemaphoreCreate                      0x08002c60   Section        0  cmsis_os.o(i.osSemaphoreCreate)
    i.osSystickHandler                       0x08002c86   Section        0  cmsis_os.o(i.osSystickHandler)
    i.osThreadCreate                         0x08002c9a   Section        0  cmsis_os.o(i.osThreadCreate)
    i.pid_calc                               0x08002cc8   Section        0  pid.o(i.pid_calc)
    i.pid_param_init                         0x08002e14   Section        0  pid.o(i.pid_param_init)
    pid_param_init                           0x08002e15   Thumb Code    14  pid.o(i.pid_param_init)
    i.pid_reset                              0x08002e24   Section        0  pid.o(i.pid_reset)
    pid_reset                                0x08002e25   Thumb Code    26  pid.o(i.pid_reset)
    i.prvAddCurrentTaskToDelayedList         0x08002e44   Section        0  tasks.o(i.prvAddCurrentTaskToDelayedList)
    prvAddCurrentTaskToDelayedList           0x08002e45   Thumb Code   102  tasks.o(i.prvAddCurrentTaskToDelayedList)
    i.prvAddNewTaskToReadyList               0x08002eb4   Section        0  tasks.o(i.prvAddNewTaskToReadyList)
    prvAddNewTaskToReadyList                 0x08002eb5   Thumb Code   194  tasks.o(i.prvAddNewTaskToReadyList)
    i.prvCheckTasksWaitingTermination        0x08002f84   Section        0  tasks.o(i.prvCheckTasksWaitingTermination)
    prvCheckTasksWaitingTermination          0x08002f85   Thumb Code    70  tasks.o(i.prvCheckTasksWaitingTermination)
    i.prvCopyDataToQueue                     0x08002fd4   Section        0  queue.o(i.prvCopyDataToQueue)
    prvCopyDataToQueue                       0x08002fd5   Thumb Code   108  queue.o(i.prvCopyDataToQueue)
    i.prvDeleteTCB                           0x08003040   Section        0  tasks.o(i.prvDeleteTCB)
    prvDeleteTCB                             0x08003041   Thumb Code    20  tasks.o(i.prvDeleteTCB)
    i.prvHeapInit                            0x08003054   Section        0  heap_4.o(i.prvHeapInit)
    prvHeapInit                              0x08003055   Thumb Code    66  heap_4.o(i.prvHeapInit)
    i.prvIdleTask                            0x080030a0   Section        0  tasks.o(i.prvIdleTask)
    prvIdleTask                              0x080030a1   Thumb Code    30  tasks.o(i.prvIdleTask)
    i.prvInitialiseNewTask                   0x080030c8   Section        0  tasks.o(i.prvInitialiseNewTask)
    prvInitialiseNewTask                     0x080030c9   Thumb Code   142  tasks.o(i.prvInitialiseNewTask)
    i.prvInsertBlockIntoFreeList             0x08003158   Section        0  heap_4.o(i.prvInsertBlockIntoFreeList)
    prvInsertBlockIntoFreeList               0x08003159   Thumb Code    72  heap_4.o(i.prvInsertBlockIntoFreeList)
    i.prvResetNextTaskUnblockTime            0x080031a4   Section        0  tasks.o(i.prvResetNextTaskUnblockTime)
    prvResetNextTaskUnblockTime              0x080031a5   Thumb Code    26  tasks.o(i.prvResetNextTaskUnblockTime)
    i.prvTaskExitError                       0x080031c4   Section        0  port.o(i.prvTaskExitError)
    prvTaskExitError                         0x080031c5   Thumb Code    36  port.o(i.prvTaskExitError)
    i.prvUnlockQueue                         0x080031ec   Section        0  queue.o(i.prvUnlockQueue)
    prvUnlockQueue                           0x080031ed   Thumb Code   106  queue.o(i.prvUnlockQueue)
    i.pvPortMalloc                           0x08003258   Section        0  heap_4.o(i.pvPortMalloc)
    i.pxPortInitialiseStack                  0x08003330   Section        0  port.o(i.pxPortInitialiseStack)
    i.rc_callback_handler                    0x0800335c   Section        0  bsp_uart.o(i.rc_callback_handler)
    i.send_chassis_cur                       0x080033e8   Section        0  bsp_can.o(i.send_chassis_cur)
    i.speed_calc                             0x08003478   Section        0  chassis_ctrl.o(i.speed_calc)
    i.uart_receive_handler                   0x080036dc   Section        0  bsp_uart.o(i.uart_receive_handler)
    i.uxListRemove                           0x0800373c   Section        0  list.o(i.uxListRemove)
    i.vListInitialise                        0x08003760   Section        0  list.o(i.vListInitialise)
    i.vListInitialiseItem                    0x08003776   Section        0  list.o(i.vListInitialiseItem)
    i.vListInsert                            0x0800377c   Section        0  list.o(i.vListInsert)
    i.vListInsertEnd                         0x080037ac   Section        0  list.o(i.vListInsertEnd)
    i.vPortEnterCritical                     0x080037c4   Section        0  port.o(i.vPortEnterCritical)
    i.vPortExitCritical                      0x08003804   Section        0  port.o(i.vPortExitCritical)
    i.vPortFree                              0x0800382c   Section        0  heap_4.o(i.vPortFree)
    i.vPortSetupTimerInterrupt               0x08003888   Section        0  port.o(i.vPortSetupTimerInterrupt)
    i.vPortValidateInterruptPriority         0x080038a8   Section        0  port.o(i.vPortValidateInterruptPriority)
    i.vTaskDelay                             0x080038fc   Section        0  tasks.o(i.vTaskDelay)
    i.vTaskMissedYield                       0x08003948   Section        0  tasks.o(i.vTaskMissedYield)
    i.vTaskPlaceOnEventList                  0x08003954   Section        0  tasks.o(i.vTaskPlaceOnEventList)
    i.vTaskSetTimeOutState                   0x08003984   Section        0  tasks.o(i.vTaskSetTimeOutState)
    i.vTaskStartScheduler                    0x080039a8   Section        0  tasks.o(i.vTaskStartScheduler)
    i.vTaskSuspendAll                        0x08003a10   Section        0  tasks.o(i.vTaskSuspendAll)
    i.vTaskSwitchContext                     0x08003a20   Section        0  tasks.o(i.vTaskSwitchContext)
    i.xPortStartScheduler                    0x08003a7c   Section        0  port.o(i.xPortStartScheduler)
    i.xPortSysTickHandler                    0x08003b5c   Section        0  port.o(i.xPortSysTickHandler)
    i.xQueueGenericCreate                    0x08003b88   Section        0  queue.o(i.xQueueGenericCreate)
    i.xQueueGenericReset                     0x08003bd0   Section        0  queue.o(i.xQueueGenericReset)
    i.xQueueGenericSend                      0x08003c58   Section        0  queue.o(i.xQueueGenericSend)
    i.xTaskCheckForTimeOut                   0x08003db8   Section        0  tasks.o(i.xTaskCheckForTimeOut)
    i.xTaskCreate                            0x08003e24   Section        0  tasks.o(i.xTaskCreate)
    i.xTaskGetSchedulerState                 0x08003e7c   Section        0  tasks.o(i.xTaskGetSchedulerState)
    i.xTaskGetTickCount                      0x08003e98   Section        0  tasks.o(i.xTaskGetTickCount)
    i.xTaskGetTickCountFromISR               0x08003ea4   Section        0  tasks.o(i.xTaskGetTickCountFromISR)
    i.xTaskIncrementTick                     0x08003eb4   Section        0  tasks.o(i.xTaskIncrementTick)
    i.xTaskPriorityDisinherit                0x08003f7c   Section        0  tasks.o(i.xTaskPriorityDisinherit)
    i.xTaskRemoveFromEventList               0x08004014   Section        0  tasks.o(i.xTaskRemoveFromEventList)
    i.xTaskResumeAll                         0x08004088   Section        0  tasks.o(i.xTaskResumeAll)
    .constdata                               0x0800414c   Section       40  freertos.o(.constdata)
    .constdata                               0x08004174   Section        8  stm32f4xx_hal_dma.o(.constdata)
    flagBitshiftOffset                       0x08004174   Data           8  stm32f4xx_hal_dma.o(.constdata)
    .constdata                               0x0800417c   Section       16  system_stm32f4xx.o(.constdata)
    .constdata                               0x0800418c   Section        8  system_stm32f4xx.o(.constdata)
    .conststring                             0x08004194   Section       30  freertos.o(.conststring)
    .data                                    0x20000000   Section        9  bsp_can.o(.data)
    i                                        0x20000000   Data           1  bsp_can.o(.data)
    .data                                    0x2000000c   Section        4  can.o(.data)
    HAL_RCC_CAN1_CLK_ENABLED                 0x2000000c   Data           4  can.o(.data)
    .data                                    0x20000010   Section       12  freertos.o(.data)
    .data                                    0x2000001c   Section       12  stm32f4xx_hal.o(.data)
    .data                                    0x20000028   Section        4  system_stm32f4xx.o(.data)
    .data                                    0x2000002c   Section       24  heap_4.o(.data)
    pxEnd                                    0x2000002c   Data           4  heap_4.o(.data)
    xFreeBytesRemaining                      0x20000030   Data           4  heap_4.o(.data)
    xMinimumEverFreeBytesRemaining           0x20000034   Data           4  heap_4.o(.data)
    xBlockAllocatedBit                       0x20000038   Data           4  heap_4.o(.data)
    xStart                                   0x2000003c   Data           8  heap_4.o(.data)
    .data                                    0x20000044   Section       12  port.o(.data)
    ucMaxSysCallPriority                     0x20000044   Data           1  port.o(.data)
    uxCriticalNesting                        0x20000048   Data           4  port.o(.data)
    ulMaxPRIGROUPValue                       0x2000004c   Data           4  port.o(.data)
    .data                                    0x20000050   Section       60  tasks.o(.data)
    uxDeletedTasksWaitingCleanUp             0x20000054   Data           4  tasks.o(.data)
    uxCurrentNumberOfTasks                   0x20000058   Data           4  tasks.o(.data)
    xTickCount                               0x2000005c   Data           4  tasks.o(.data)
    uxTopReadyPriority                       0x20000060   Data           4  tasks.o(.data)
    xSchedulerRunning                        0x20000064   Data           4  tasks.o(.data)
    uxPendedTicks                            0x20000068   Data           4  tasks.o(.data)
    xYieldPending                            0x2000006c   Data           4  tasks.o(.data)
    xNumOfOverflows                          0x20000070   Data           4  tasks.o(.data)
    uxTaskNumber                             0x20000074   Data           4  tasks.o(.data)
    xNextTaskUnblockTime                     0x20000078   Data           4  tasks.o(.data)
    xIdleTaskHandle                          0x2000007c   Data           4  tasks.o(.data)
    uxSchedulerSuspended                     0x20000080   Data           4  tasks.o(.data)
    pxDelayedTaskList                        0x20000084   Data           4  tasks.o(.data)
    pxOverflowDelayedTaskList                0x20000088   Data           4  tasks.o(.data)
    .data                                    0x2000008c   Section        8  chassis_ctrl.o(.data)
    .bss                                     0x20000094   Section      240  bsp_can.o(.bss)
    .bss                                     0x20000184   Section       28  bsp_uart.o(.bss)
    .bss                                     0x200001a0   Section       80  can.o(.bss)
    .bss                                     0x200001f0   Section       88  spi.o(.bss)
    .bss                                     0x20000248   Section      224  usart.o(.bss)
    .bss                                     0x20000328   Section    15360  heap_4.o(.bss)
    ucHeap                                   0x20000328   Data       15360  heap_4.o(.bss)
    .bss                                     0x20003f28   Section      240  tasks.o(.bss)
    pxReadyTasksLists                        0x20003f28   Data         140  tasks.o(.bss)
    xDelayedTaskList1                        0x20003fb4   Data          20  tasks.o(.bss)
    xDelayedTaskList2                        0x20003fc8   Data          20  tasks.o(.bss)
    xPendingReadyList                        0x20003fdc   Data          20  tasks.o(.bss)
    xTasksWaitingTermination                 0x20003ff0   Data          20  tasks.o(.bss)
    xSuspendedTaskList                       0x20004004   Data          20  tasks.o(.bss)
    .bss                                     0x20004018   Section       48  chassis_ctrl.o(.bss)
    .bss                                     0x20004048   Section      304  pid.o(.bss)
    .bss                                     0x20004178   Section       76  pid.o(.bss)
    STACK                                    0x200041c8   Section     4096  startup_stm32f427xx.o(STACK)

    Global Symbols

    Symbol Name                              Value     Ov Type        Size  Object(Section)

    BuildAttributes$$THM_ISAv4$E$P$D$K$B$S$7EM$VFPi3$EXTD16$VFPS$VFMA$PE$A:L22UL41UL21$X:L11$S22US41US21$IEEE1$IW$USESV6$~STKCKD$USESV7$~SHL$OSPACE$ROPI$EBA8$MICROLIB$REQ8$PRES8$EABIv2 0x00000000   Number         0  anon$$obj.o ABSOLUTE
    __ARM_use_no_argv                        0x00000000   Number         0  main.o ABSOLUTE
    __cpp_initialize__aeabi_                  - Undefined Weak Reference
    __cxa_finalize                            - Undefined Weak Reference
    __decompress                              - Undefined Weak Reference
    _clock_init                               - Undefined Weak Reference
    _microlib_exit                            - Undefined Weak Reference
    __Vectors_Size                           0x000001ac   Number         0  startup_stm32f427xx.o ABSOLUTE
    __Vectors                                0x08000000   Data           4  startup_stm32f427xx.o(RESET)
    __Vectors_End                            0x080001ac   Data           0  startup_stm32f427xx.o(RESET)
    __main                                   0x080001ad   Thumb Code     0  entry.o(.ARM.Collect$$$$00000000)
    _main_stk                                0x080001ad   Thumb Code     0  entry2.o(.ARM.Collect$$$$00000001)
    _main_scatterload                        0x080001b1   Thumb Code     0  entry5.o(.ARM.Collect$$$$00000004)
    __main_after_scatterload                 0x080001b5   Thumb Code     0  entry5.o(.ARM.Collect$$$$00000004)
    _main_clock                              0x080001b5   Thumb Code     0  entry7b.o(.ARM.Collect$$$$00000008)
    _main_cpp_init                           0x080001b5   Thumb Code     0  entry8b.o(.ARM.Collect$$$$0000000A)
    _main_init                               0x080001b5   Thumb Code     0  entry9a.o(.ARM.Collect$$$$0000000B)
    __rt_final_cpp                           0x080001bd   Thumb Code     0  entry10a.o(.ARM.Collect$$$$0000000D)
    __rt_final_exit                          0x080001bd   Thumb Code     0  entry11a.o(.ARM.Collect$$$$0000000F)
    SVC_Handler                              0x080001c1   Thumb Code    28  port.o(.emb_text)
    __asm___6_port_c_39a90d8d__prvStartFirstTask 0x080001e1   Thumb Code    28  port.o(.emb_text)
    __asm___6_port_c_39a90d8d__prvEnableVFP  0x08000201   Thumb Code    16  port.o(.emb_text)
    PendSV_Handler                           0x08000215   Thumb Code    92  port.o(.emb_text)
    vPortGetIPSR                             0x08000275   Thumb Code     6  port.o(.emb_text)
    Reset_Handler                            0x0800027d   Thumb Code     8  startup_stm32f427xx.o(.text)
    ADC_IRQHandler                           0x08000297   Thumb Code     0  startup_stm32f427xx.o(.text)
    CAN1_RX1_IRQHandler                      0x08000297   Thumb Code     0  startup_stm32f427xx.o(.text)
    CAN1_SCE_IRQHandler                      0x08000297   Thumb Code     0  startup_stm32f427xx.o(.text)
    CAN2_RX0_IRQHandler                      0x08000297   Thumb Code     0  startup_stm32f427xx.o(.text)
    CAN2_SCE_IRQHandler                      0x08000297   Thumb Code     0  startup_stm32f427xx.o(.text)
    DCMI_IRQHandler                          0x08000297   Thumb Code     0  startup_stm32f427xx.o(.text)
    DMA1_Stream0_IRQHandler                  0x08000297   Thumb Code     0  startup_stm32f427xx.o(.text)
    DMA1_Stream1_IRQHandler                  0x08000297   Thumb Code     0  startup_stm32f427xx.o(.text)
    DMA1_Stream2_IRQHandler                  0x08000297   Thumb Code     0  startup_stm32f427xx.o(.text)
    DMA1_Stream3_IRQHandler                  0x08000297   Thumb Code     0  startup_stm32f427xx.o(.text)
    DMA1_Stream4_IRQHandler                  0x08000297   Thumb Code     0  startup_stm32f427xx.o(.text)
    DMA1_Stream5_IRQHandler                  0x08000297   Thumb Code     0  startup_stm32f427xx.o(.text)
    DMA1_Stream6_IRQHandler                  0x08000297   Thumb Code     0  startup_stm32f427xx.o(.text)
    DMA1_Stream7_IRQHandler                  0x08000297   Thumb Code     0  startup_stm32f427xx.o(.text)
    DMA2D_IRQHandler                         0x08000297   Thumb Code     0  startup_stm32f427xx.o(.text)
    DMA2_Stream0_IRQHandler                  0x08000297   Thumb Code     0  startup_stm32f427xx.o(.text)
    DMA2_Stream1_IRQHandler                  0x08000297   Thumb Code     0  startup_stm32f427xx.o(.text)
    DMA2_Stream3_IRQHandler                  0x08000297   Thumb Code     0  startup_stm32f427xx.o(.text)
    DMA2_Stream4_IRQHandler                  0x08000297   Thumb Code     0  startup_stm32f427xx.o(.text)
    DMA2_Stream5_IRQHandler                  0x08000297   Thumb Code     0  startup_stm32f427xx.o(.text)
    DMA2_Stream6_IRQHandler                  0x08000297   Thumb Code     0  startup_stm32f427xx.o(.text)
    DMA2_Stream7_IRQHandler                  0x08000297   Thumb Code     0  startup_stm32f427xx.o(.text)
    ETH_IRQHandler                           0x08000297   Thumb Code     0  startup_stm32f427xx.o(.text)
    ETH_WKUP_IRQHandler                      0x08000297   Thumb Code     0  startup_stm32f427xx.o(.text)
    EXTI0_IRQHandler                         0x08000297   Thumb Code     0  startup_stm32f427xx.o(.text)
    EXTI15_10_IRQHandler                     0x08000297   Thumb Code     0  startup_stm32f427xx.o(.text)
    EXTI1_IRQHandler                         0x08000297   Thumb Code     0  startup_stm32f427xx.o(.text)
    EXTI2_IRQHandler                         0x08000297   Thumb Code     0  startup_stm32f427xx.o(.text)
    EXTI3_IRQHandler                         0x08000297   Thumb Code     0  startup_stm32f427xx.o(.text)
    EXTI4_IRQHandler                         0x08000297   Thumb Code     0  startup_stm32f427xx.o(.text)
    EXTI9_5_IRQHandler                       0x08000297   Thumb Code     0  startup_stm32f427xx.o(.text)
    FLASH_IRQHandler                         0x08000297   Thumb Code     0  startup_stm32f427xx.o(.text)
    FMC_IRQHandler                           0x08000297   Thumb Code     0  startup_stm32f427xx.o(.text)
    FPU_IRQHandler                           0x08000297   Thumb Code     0  startup_stm32f427xx.o(.text)
    HASH_RNG_IRQHandler                      0x08000297   Thumb Code     0  startup_stm32f427xx.o(.text)
    I2C1_ER_IRQHandler                       0x08000297   Thumb Code     0  startup_stm32f427xx.o(.text)
    I2C1_EV_IRQHandler                       0x08000297   Thumb Code     0  startup_stm32f427xx.o(.text)
    I2C2_ER_IRQHandler                       0x08000297   Thumb Code     0  startup_stm32f427xx.o(.text)
    I2C2_EV_IRQHandler                       0x08000297   Thumb Code     0  startup_stm32f427xx.o(.text)
    I2C3_ER_IRQHandler                       0x08000297   Thumb Code     0  startup_stm32f427xx.o(.text)
    I2C3_EV_IRQHandler                       0x08000297   Thumb Code     0  startup_stm32f427xx.o(.text)
    OTG_FS_IRQHandler                        0x08000297   Thumb Code     0  startup_stm32f427xx.o(.text)
    OTG_FS_WKUP_IRQHandler                   0x08000297   Thumb Code     0  startup_stm32f427xx.o(.text)
    OTG_HS_EP1_IN_IRQHandler                 0x08000297   Thumb Code     0  startup_stm32f427xx.o(.text)
    OTG_HS_EP1_OUT_IRQHandler                0x08000297   Thumb Code     0  startup_stm32f427xx.o(.text)
    OTG_HS_IRQHandler                        0x08000297   Thumb Code     0  startup_stm32f427xx.o(.text)
    OTG_HS_WKUP_IRQHandler                   0x08000297   Thumb Code     0  startup_stm32f427xx.o(.text)
    PVD_IRQHandler                           0x08000297   Thumb Code     0  startup_stm32f427xx.o(.text)
    RCC_IRQHandler                           0x08000297   Thumb Code     0  startup_stm32f427xx.o(.text)
    RTC_Alarm_IRQHandler                     0x08000297   Thumb Code     0  startup_stm32f427xx.o(.text)
    RTC_WKUP_IRQHandler                      0x08000297   Thumb Code     0  startup_stm32f427xx.o(.text)
    SAI1_IRQHandler                          0x08000297   Thumb Code     0  startup_stm32f427xx.o(.text)
    SDIO_IRQHandler                          0x08000297   Thumb Code     0  startup_stm32f427xx.o(.text)
    SPI1_IRQHandler                          0x08000297   Thumb Code     0  startup_stm32f427xx.o(.text)
    SPI2_IRQHandler                          0x08000297   Thumb Code     0  startup_stm32f427xx.o(.text)
    SPI3_IRQHandler                          0x08000297   Thumb Code     0  startup_stm32f427xx.o(.text)
    SPI4_IRQHandler                          0x08000297   Thumb Code     0  startup_stm32f427xx.o(.text)
    SPI5_IRQHandler                          0x08000297   Thumb Code     0  startup_stm32f427xx.o(.text)
    SPI6_IRQHandler                          0x08000297   Thumb Code     0  startup_stm32f427xx.o(.text)
    TAMP_STAMP_IRQHandler                    0x08000297   Thumb Code     0  startup_stm32f427xx.o(.text)
    TIM1_BRK_TIM9_IRQHandler                 0x08000297   Thumb Code     0  startup_stm32f427xx.o(.text)
    TIM1_CC_IRQHandler                       0x08000297   Thumb Code     0  startup_stm32f427xx.o(.text)
    TIM1_TRG_COM_TIM11_IRQHandler            0x08000297   Thumb Code     0  startup_stm32f427xx.o(.text)
    TIM1_UP_TIM10_IRQHandler                 0x08000297   Thumb Code     0  startup_stm32f427xx.o(.text)
    TIM2_IRQHandler                          0x08000297   Thumb Code     0  startup_stm32f427xx.o(.text)
    TIM3_IRQHandler                          0x08000297   Thumb Code     0  startup_stm32f427xx.o(.text)
    TIM4_IRQHandler                          0x08000297   Thumb Code     0  startup_stm32f427xx.o(.text)
    TIM5_IRQHandler                          0x08000297   Thumb Code     0  startup_stm32f427xx.o(.text)
    TIM6_DAC_IRQHandler                      0x08000297   Thumb Code     0  startup_stm32f427xx.o(.text)
    TIM7_IRQHandler                          0x08000297   Thumb Code     0  startup_stm32f427xx.o(.text)
    TIM8_BRK_TIM12_IRQHandler                0x08000297   Thumb Code     0  startup_stm32f427xx.o(.text)
    TIM8_CC_IRQHandler                       0x08000297   Thumb Code     0  startup_stm32f427xx.o(.text)
    TIM8_TRG_COM_TIM14_IRQHandler            0x08000297   Thumb Code     0  startup_stm32f427xx.o(.text)
    TIM8_UP_TIM13_IRQHandler                 0x08000297   Thumb Code     0  startup_stm32f427xx.o(.text)
    UART4_IRQHandler                         0x08000297   Thumb Code     0  startup_stm32f427xx.o(.text)
    UART5_IRQHandler                         0x08000297   Thumb Code     0  startup_stm32f427xx.o(.text)
    UART7_IRQHandler                         0x08000297   Thumb Code     0  startup_stm32f427xx.o(.text)
    UART8_IRQHandler                         0x08000297   Thumb Code     0  startup_stm32f427xx.o(.text)
    USART2_IRQHandler                        0x08000297   Thumb Code     0  startup_stm32f427xx.o(.text)
    USART3_IRQHandler                        0x08000297   Thumb Code     0  startup_stm32f427xx.o(.text)
    WWDG_IRQHandler                          0x08000297   Thumb Code     0  startup_stm32f427xx.o(.text)
    __aeabi_uldivmod                         0x080002a1   Thumb Code    98  uldiv.o(.text)
    __aeabi_memcpy                           0x08000303   Thumb Code    36  memcpya.o(.text)
    __aeabi_memcpy4                          0x08000303   Thumb Code     0  memcpya.o(.text)
    __aeabi_memcpy8                          0x08000303   Thumb Code     0  memcpya.o(.text)
    __aeabi_memset                           0x08000327   Thumb Code    14  memseta.o(.text)
    __aeabi_memset4                          0x08000327   Thumb Code     0  memseta.o(.text)
    __aeabi_memset8                          0x08000327   Thumb Code     0  memseta.o(.text)
    __aeabi_memclr                           0x08000335   Thumb Code     4  memseta.o(.text)
    __aeabi_memclr4                          0x08000335   Thumb Code     0  memseta.o(.text)
    __aeabi_memclr8                          0x08000335   Thumb Code     0  memseta.o(.text)
    _memset$wrapper                          0x08000339   Thumb Code    18  memseta.o(.text)
    __aeabi_dadd                             0x0800034b   Thumb Code   322  dadd.o(.text)
    __aeabi_dsub                             0x0800048d   Thumb Code     6  dadd.o(.text)
    __aeabi_drsub                            0x08000493   Thumb Code     6  dadd.o(.text)
    __aeabi_dmul                             0x08000499   Thumb Code   228  dmul.o(.text)
    __aeabi_ddiv                             0x0800057d   Thumb Code   222  ddiv.o(.text)
    __aeabi_d2iz                             0x0800065b   Thumb Code    62  dfixi.o(.text)
    __aeabi_f2d                              0x08000699   Thumb Code    38  f2d.o(.text)
    __aeabi_llsl                             0x080006bf   Thumb Code    30  llshl.o(.text)
    _ll_shift_l                              0x080006bf   Thumb Code     0  llshl.o(.text)
    __aeabi_llsr                             0x080006dd   Thumb Code    32  llushr.o(.text)
    _ll_ushift_r                             0x080006dd   Thumb Code     0  llushr.o(.text)
    __aeabi_lasr                             0x080006fd   Thumb Code    36  llsshr.o(.text)
    _ll_sshift_r                             0x080006fd   Thumb Code     0  llsshr.o(.text)
    __I$use$fp                               0x08000721   Thumb Code     0  iusefp.o(.text)
    _double_round                            0x08000721   Thumb Code    30  depilogue.o(.text)
    _double_epilogue                         0x0800073f   Thumb Code   156  depilogue.o(.text)
    __scatterload                            0x080007dd   Thumb Code    28  init.o(.text)
    __scatterload_rt2                        0x080007dd   Thumb Code     0  init.o(.text)
    BusFault_Handler                         0x08000801   Thumb Code     2  stm32f4xx_it.o(i.BusFault_Handler)
    CAN1_RX0_IRQHandler                      0x08000805   Thumb Code     6  stm32f4xx_it.o(i.CAN1_RX0_IRQHandler)
    CAN1_TX_IRQHandler                       0x08000811   Thumb Code     6  stm32f4xx_it.o(i.CAN1_TX_IRQHandler)
    CAN2_RX1_IRQHandler                      0x0800081d   Thumb Code     6  stm32f4xx_it.o(i.CAN2_RX1_IRQHandler)
    CAN2_TX_IRQHandler                       0x08000829   Thumb Code     6  stm32f4xx_it.o(i.CAN2_TX_IRQHandler)
    DMA2_Stream2_IRQHandler                  0x08000835   Thumb Code     6  stm32f4xx_it.o(i.DMA2_Stream2_IRQHandler)
    DebugMon_Handler                         0x080008e5   Thumb Code     2  stm32f4xx_it.o(i.DebugMon_Handler)
    HAL_CAN_ActivateNotification             0x080008e7   Thumb Code    40  stm32f4xx_hal_can.o(i.HAL_CAN_ActivateNotification)
    HAL_CAN_AddTxMessage                     0x0800090f   Thumb Code   200  stm32f4xx_hal_can.o(i.HAL_CAN_AddTxMessage)
    HAL_CAN_ConfigFilter                     0x080009d9   Thumb Code   262  stm32f4xx_hal_can.o(i.HAL_CAN_ConfigFilter)
    HAL_CAN_ErrorCallback                    0x08000ae5   Thumb Code    12  bsp_can.o(i.HAL_CAN_ErrorCallback)
    HAL_CAN_GetRxMessage                     0x08000af1   Thumb Code   250  stm32f4xx_hal_can.o(i.HAL_CAN_GetRxMessage)
    HAL_CAN_GetTxMailboxesFreeLevel          0x08000beb   Thumb Code    48  stm32f4xx_hal_can.o(i.HAL_CAN_GetTxMailboxesFreeLevel)
    HAL_CAN_IRQHandler                       0x08000c1b   Thumb Code   508  stm32f4xx_hal_can.o(i.HAL_CAN_IRQHandler)
    HAL_CAN_Init                             0x08000e17   Thumb Code   282  stm32f4xx_hal_can.o(i.HAL_CAN_Init)
    HAL_CAN_MspInit                          0x08000f31   Thumb Code   200  can.o(i.HAL_CAN_MspInit)
    HAL_CAN_RxFifo0FullCallback              0x08001011   Thumb Code     2  stm32f4xx_hal_can.o(i.HAL_CAN_RxFifo0FullCallback)
    HAL_CAN_RxFifo0MsgPendingCallback        0x08001015   Thumb Code   114  bsp_can.o(i.HAL_CAN_RxFifo0MsgPendingCallback)
    HAL_CAN_RxFifo1FullCallback              0x080010ad   Thumb Code     2  stm32f4xx_hal_can.o(i.HAL_CAN_RxFifo1FullCallback)
    HAL_CAN_RxFifo1MsgPendingCallback        0x080010af   Thumb Code     2  stm32f4xx_hal_can.o(i.HAL_CAN_RxFifo1MsgPendingCallback)
    HAL_CAN_SleepCallback                    0x080010b1   Thumb Code     2  stm32f4xx_hal_can.o(i.HAL_CAN_SleepCallback)
    HAL_CAN_Start                            0x080010b5   Thumb Code    88  stm32f4xx_hal_can.o(i.HAL_CAN_Start)
    HAL_CAN_TxMailbox0AbortCallback          0x0800110d   Thumb Code     2  stm32f4xx_hal_can.o(i.HAL_CAN_TxMailbox0AbortCallback)
    HAL_CAN_TxMailbox0CompleteCallback       0x0800110f   Thumb Code     2  stm32f4xx_hal_can.o(i.HAL_CAN_TxMailbox0CompleteCallback)
    HAL_CAN_TxMailbox1AbortCallback          0x08001111   Thumb Code     2  stm32f4xx_hal_can.o(i.HAL_CAN_TxMailbox1AbortCallback)
    HAL_CAN_TxMailbox1CompleteCallback       0x08001113   Thumb Code     2  stm32f4xx_hal_can.o(i.HAL_CAN_TxMailbox1CompleteCallback)
    HAL_CAN_TxMailbox2AbortCallback          0x08001115   Thumb Code     2  stm32f4xx_hal_can.o(i.HAL_CAN_TxMailbox2AbortCallback)
    HAL_CAN_TxMailbox2CompleteCallback       0x08001117   Thumb Code     2  stm32f4xx_hal_can.o(i.HAL_CAN_TxMailbox2CompleteCallback)
    HAL_CAN_WakeUpFromRxMsgCallback          0x08001119   Thumb Code     2  stm32f4xx_hal_can.o(i.HAL_CAN_WakeUpFromRxMsgCallback)
    HAL_DMA_Abort_IT                         0x0800111b   Thumb Code    36  stm32f4xx_hal_dma.o(i.HAL_DMA_Abort_IT)
    HAL_DMA_IRQHandler                       0x08001141   Thumb Code   412  stm32f4xx_hal_dma.o(i.HAL_DMA_IRQHandler)
    HAL_DMA_Init                             0x080012e1   Thumb Code   206  stm32f4xx_hal_dma.o(i.HAL_DMA_Init)
    HAL_DMA_Start                            0x080013b5   Thumb Code    70  stm32f4xx_hal_dma.o(i.HAL_DMA_Start)
    HAL_GPIO_Init                            0x080013fd   Thumb Code   408  stm32f4xx_hal_gpio.o(i.HAL_GPIO_Init)
    HAL_GPIO_WritePin                        0x080015c9   Thumb Code    10  stm32f4xx_hal_gpio.o(i.HAL_GPIO_WritePin)
    HAL_GetTick                              0x080015d5   Thumb Code     6  stm32f4xx_hal.o(i.HAL_GetTick)
    HAL_IncTick                              0x080015e1   Thumb Code    12  stm32f4xx_hal.o(i.HAL_IncTick)
    HAL_Init                                 0x080015f1   Thumb Code    48  stm32f4xx_hal.o(i.HAL_Init)
    HAL_InitTick                             0x08001625   Thumb Code    54  stm32f4xx_hal.o(i.HAL_InitTick)
    HAL_MspInit                              0x08001665   Thumb Code   126  stm32f4xx_hal_msp.o(i.HAL_MspInit)
    HAL_NVIC_EnableIRQ                       0x080016e9   Thumb Code    22  stm32f4xx_hal_cortex.o(i.HAL_NVIC_EnableIRQ)
    HAL_NVIC_SetPriority                     0x08001701   Thumb Code    60  stm32f4xx_hal_cortex.o(i.HAL_NVIC_SetPriority)
    HAL_NVIC_SetPriorityGrouping             0x08001741   Thumb Code    26  stm32f4xx_hal_cortex.o(i.HAL_NVIC_SetPriorityGrouping)
    HAL_PWREx_EnableOverDrive                0x08001765   Thumb Code    98  stm32f4xx_hal_pwr_ex.o(i.HAL_PWREx_EnableOverDrive)
    HAL_RCC_ClockConfig                      0x080017d5   Thumb Code   286  stm32f4xx_hal_rcc.o(i.HAL_RCC_ClockConfig)
    HAL_RCC_GetHCLKFreq                      0x08001905   Thumb Code     6  stm32f4xx_hal_rcc.o(i.HAL_RCC_GetHCLKFreq)
    HAL_RCC_GetPCLK1Freq                     0x08001911   Thumb Code    20  stm32f4xx_hal_rcc.o(i.HAL_RCC_GetPCLK1Freq)
    HAL_RCC_GetPCLK2Freq                     0x08001931   Thumb Code    20  stm32f4xx_hal_rcc.o(i.HAL_RCC_GetPCLK2Freq)
    HAL_RCC_GetSysClockFreq                  0x08001951   Thumb Code    88  stm32f4xx_hal_rcc.o(i.HAL_RCC_GetSysClockFreq)
    HAL_RCC_OscConfig                        0x080019b5   Thumb Code   770  stm32f4xx_hal_rcc.o(i.HAL_RCC_OscConfig)
    HAL_SPI_Init                             0x08001cd1   Thumb Code   128  stm32f4xx_hal_spi.o(i.HAL_SPI_Init)
    HAL_SPI_MspInit                          0x08001d51   Thumb Code    64  spi.o(i.HAL_SPI_MspInit)
    HAL_SYSTICK_CLKSourceConfig              0x08001d9d   Thumb Code    24  stm32f4xx_hal_cortex.o(i.HAL_SYSTICK_CLKSourceConfig)
    HAL_SYSTICK_Config                       0x08001db5   Thumb Code    40  stm32f4xx_hal_cortex.o(i.HAL_SYSTICK_Config)
    HAL_UART_ErrorCallback                   0x08001ddd   Thumb Code     2  stm32f4xx_hal_uart.o(i.HAL_UART_ErrorCallback)
    HAL_UART_IRQHandler                      0x08001de1   Thumb Code   266  stm32f4xx_hal_uart.o(i.HAL_UART_IRQHandler)
    HAL_UART_Init                            0x08001ef1   Thumb Code    98  stm32f4xx_hal_uart.o(i.HAL_UART_Init)
    HAL_UART_MspInit                         0x08001f55   Thumb Code   194  usart.o(i.HAL_UART_MspInit)
    HAL_UART_RxCpltCallback                  0x08002045   Thumb Code     2  stm32f4xx_hal_uart.o(i.HAL_UART_RxCpltCallback)
    HAL_UART_TxCpltCallback                  0x08002047   Thumb Code     2  stm32f4xx_hal_uart.o(i.HAL_UART_TxCpltCallback)
    HardFault_Handler                        0x08002049   Thumb Code     2  stm32f4xx_it.o(i.HardFault_Handler)
    MX_CAN1_Init                             0x0800204d   Thumb Code    64  can.o(i.MX_CAN1_Init)
    MX_CAN2_Init                             0x080020a5   Thumb Code    64  can.o(i.MX_CAN2_Init)
    MX_DMA_Init                              0x080020fd   Thumb Code    40  dma.o(i.MX_DMA_Init)
    MX_FREERTOS_Init                         0x08002129   Thumb Code    66  freertos.o(i.MX_FREERTOS_Init)
    MX_GPIO_Init                             0x08002175   Thumb Code   246  gpio.o(i.MX_GPIO_Init)
    MX_SPI5_Init                             0x08002281   Thumb Code    64  spi.o(i.MX_SPI5_Init)
    MX_USART1_UART_Init                      0x080022d9   Thumb Code    54  usart.o(i.MX_USART1_UART_Init)
    MX_USART6_UART_Init                      0x0800232d   Thumb Code    52  usart.o(i.MX_USART6_UART_Init)
    MemManage_Handler                        0x08002379   Thumb Code     2  stm32f4xx_it.o(i.MemManage_Handler)
    NMI_Handler                              0x0800237b   Thumb Code     2  stm32f4xx_it.o(i.NMI_Handler)
    PID_struct_init                          0x0800239d   Thumb Code    60  pid.o(i.PID_struct_init)
    StartDefaultTask                         0x080023e1   Thumb Code     8  freertos.o(i.StartDefaultTask)
    Start_chassis_ctrl_task                  0x080023e9   Thumb Code    72  chassis_ctrl.o(i.Start_chassis_ctrl_task)
    SysTick_Handler                          0x0800243d   Thumb Code    14  stm32f4xx_it.o(i.SysTick_Handler)
    SystemClock_Config                       0x0800244d   Thumb Code   158  main.o(i.SystemClock_Config)
    SystemInit                               0x080024f5   Thumb Code    66  system_stm32f4xx.o(i.SystemInit)
    USART1_IRQHandler                        0x08002911   Thumb Code    18  stm32f4xx_it.o(i.USART1_IRQHandler)
    USART6_IRQHandler                        0x08002929   Thumb Code     6  stm32f4xx_it.o(i.USART6_IRQHandler)
    UsageFault_Handler                       0x08002935   Thumb Code     2  stm32f4xx_it.o(i.UsageFault_Handler)
    _Error_Handler                           0x08002937   Thumb Code     2  main.o(i._Error_Handler)
    __scatterload_copy                       0x08002939   Thumb Code    14  handlers.o(i.__scatterload_copy)
    __scatterload_null                       0x08002947   Thumb Code     2  handlers.o(i.__scatterload_null)
    __scatterload_zeroinit                   0x08002949   Thumb Code    14  handlers.o(i.__scatterload_zeroinit)
    abs_limit                                0x08002957   Thumb Code    42  pid.o(i.abs_limit)
    can_filter_init                          0x08002981   Thumb Code   106  bsp_can.o(i.can_filter_init)
    chassis_operation_func                   0x08002a0d   Thumb Code    68  chassis_ctrl.o(i.chassis_operation_func)
    chassis_param_init                       0x08002a5d   Thumb Code   114  chassis_ctrl.o(i.chassis_param_init)
    dbus_uart_init                           0x08002aed   Thumb Code    64  bsp_uart.o(i.dbus_uart_init)
    encoder_data_handler                     0x08002b35   Thumb Code    96  bsp_can.o(i.encoder_data_handler)
    get_moto_offset                          0x08002b99   Thumb Code    10  bsp_can.o(i.get_moto_offset)
    led_off                                  0x08002bb1   Thumb Code    26  gpio.o(i.led_off)
    main                                     0x08002bd5   Thumb Code    66  main.o(i.main)
    osDelay                                  0x08002c2d   Thumb Code    14  cmsis_os.o(i.osDelay)
    osDelayUntil                             0x08002c3b   Thumb Code     4  cmsis_os.o(i.osDelayUntil)
    osKernelStart                            0x08002c3f   Thumb Code    10  cmsis_os.o(i.osKernelStart)
    osKernelSysTick                          0x08002c49   Thumb Code    24  cmsis_os.o(i.osKernelSysTick)
    osSemaphoreCreate                        0x08002c61   Thumb Code    38  cmsis_os.o(i.osSemaphoreCreate)
    osSystickHandler                         0x08002c87   Thumb Code    20  cmsis_os.o(i.osSystickHandler)
    osThreadCreate                           0x08002c9b   Thumb Code    46  cmsis_os.o(i.osThreadCreate)
    pid_calc                                 0x08002cc9   Thumb Code   326  pid.o(i.pid_calc)
    pvPortMalloc                             0x08003259   Thumb Code   210  heap_4.o(i.pvPortMalloc)
    pxPortInitialiseStack                    0x08003331   Thumb Code    40  port.o(i.pxPortInitialiseStack)
    rc_callback_handler                      0x0800335d   Thumb Code   140  bsp_uart.o(i.rc_callback_handler)
    send_chassis_cur                         0x080033e9   Thumb Code   116  bsp_can.o(i.send_chassis_cur)
    speed_calc                               0x08003479   Thumb Code   524  chassis_ctrl.o(i.speed_calc)
    uart_receive_handler                     0x080036dd   Thumb Code    86  bsp_uart.o(i.uart_receive_handler)
    uxListRemove                             0x0800373d   Thumb Code    36  list.o(i.uxListRemove)
    vListInitialise                          0x08003761   Thumb Code    22  list.o(i.vListInitialise)
    vListInitialiseItem                      0x08003777   Thumb Code     6  list.o(i.vListInitialiseItem)
    vListInsert                              0x0800377d   Thumb Code    48  list.o(i.vListInsert)
    vListInsertEnd                           0x080037ad   Thumb Code    24  list.o(i.vListInsertEnd)
    vPortEnterCritical                       0x080037c5   Thumb Code    54  port.o(i.vPortEnterCritical)
    vPortExitCritical                        0x08003805   Thumb Code    34  port.o(i.vPortExitCritical)
    vPortFree                                0x0800382d   Thumb Code    88  heap_4.o(i.vPortFree)
    vPortSetupTimerInterrupt                 0x08003889   Thumb Code    26  port.o(i.vPortSetupTimerInterrupt)
    vPortValidateInterruptPriority           0x080038a9   Thumb Code    74  port.o(i.vPortValidateInterruptPriority)
    vTaskDelay                               0x080038fd   Thumb Code    66  tasks.o(i.vTaskDelay)
    vTaskMissedYield                         0x08003949   Thumb Code     8  tasks.o(i.vTaskMissedYield)
    vTaskPlaceOnEventList                    0x08003955   Thumb Code    44  tasks.o(i.vTaskPlaceOnEventList)
    vTaskSetTimeOutState                     0x08003985   Thumb Code    30  tasks.o(i.vTaskSetTimeOutState)
    vTaskStartScheduler                      0x080039a9   Thumb Code    86  tasks.o(i.vTaskStartScheduler)
    vTaskSuspendAll                          0x08003a11   Thumb Code    10  tasks.o(i.vTaskSuspendAll)
    vTaskSwitchContext                       0x08003a21   Thumb Code    82  tasks.o(i.vTaskSwitchContext)
    xPortStartScheduler                      0x08003a7d   Thumb Code   202  port.o(i.xPortStartScheduler)
    xPortSysTickHandler                      0x08003b5d   Thumb Code    38  port.o(i.xPortSysTickHandler)
    xQueueGenericCreate                      0x08003b89   Thumb Code    72  queue.o(i.xQueueGenericCreate)
    xQueueGenericReset                       0x08003bd1   Thumb Code   132  queue.o(i.xQueueGenericReset)
    xQueueGenericSend                        0x08003c59   Thumb Code   346  queue.o(i.xQueueGenericSend)
    xTaskCheckForTimeOut                     0x08003db9   Thumb Code   102  tasks.o(i.xTaskCheckForTimeOut)
    xTaskCreate                              0x08003e25   Thumb Code    86  tasks.o(i.xTaskCreate)
    xTaskGetSchedulerState                   0x08003e7d   Thumb Code    22  tasks.o(i.xTaskGetSchedulerState)
    xTaskGetTickCount                        0x08003e99   Thumb Code     6  tasks.o(i.xTaskGetTickCount)
    xTaskGetTickCountFromISR                 0x08003ea5   Thumb Code    12  tasks.o(i.xTaskGetTickCountFromISR)
    xTaskIncrementTick                       0x08003eb5   Thumb Code   192  tasks.o(i.xTaskIncrementTick)
    xTaskPriorityDisinherit                  0x08003f7d   Thumb Code   144  tasks.o(i.xTaskPriorityDisinherit)
    xTaskRemoveFromEventList                 0x08004015   Thumb Code   108  tasks.o(i.xTaskRemoveFromEventList)
    xTaskResumeAll                           0x08004089   Thumb Code   182  tasks.o(i.xTaskResumeAll)
    AHBPrescTable                            0x0800417c   Data          16  system_stm32f4xx.o(.constdata)
    APBPrescTable                            0x0800418c   Data           8  system_stm32f4xx.o(.constdata)
    Region$$Table$$Base                      0x080041b4   Number         0  anon$$obj.o(Region$$Table)
    Region$$Table$$Limit                     0x080041d4   Number         0  anon$$obj.o(Region$$Table)
    can1_rx_data                             0x20000001   Data           8  bsp_can.o(.data)
    defaultTaskHandle                        0x20000010   Data           4  freertos.o(.data)
    myBinarySem01Handle                      0x20000014   Data           4  freertos.o(.data)
    chassis_ctrl_TaskHandle                  0x20000018   Data           4  freertos.o(.data)
    uwTickFreq                               0x2000001c   Data           1  stm32f4xx_hal.o(.data)
    uwTickPrio                               0x20000020   Data           4  stm32f4xx_hal.o(.data)
    uwTick                                   0x20000024   Data           4  stm32f4xx_hal.o(.data)
    SystemCoreClock                          0x20000028   Data           4  system_stm32f4xx.o(.data)
    pxCurrentTCB                             0x20000050   Data           4  tasks.o(.data)
    wheel_rpm                                0x2000008c   Data           8  chassis_ctrl.o(.data)
    moto_chassis                             0x20000094   Data         240  bsp_can.o(.bss)
    dbus_buf                                 0x20000184   Data          18  bsp_uart.o(.bss)
    rc                                       0x20000196   Data          10  bsp_uart.o(.bss)
    hcan1                                    0x200001a0   Data          40  can.o(.bss)
    hcan2                                    0x200001c8   Data          40  can.o(.bss)
    hspi5                                    0x200001f0   Data          88  spi.o(.bss)
    huart1                                   0x20000248   Data          64  usart.o(.bss)
    huart6                                   0x20000288   Data          64  usart.o(.bss)
    hdma_usart1_rx                           0x200002c8   Data          96  usart.o(.bss)
    rm                                       0x20004018   Data          12  chassis_ctrl.o(.bss)
    chassis                                  0x20004024   Data          36  chassis_ctrl.o(.bss)
    pid_spd                                  0x20004048   Data         304  pid.o(.bss)
    pid_chassis_angle                        0x20004178   Data          76  pid.o(.bss)
    __initial_sp                             0x200051c8   Data           0  startup_stm32f427xx.o(STACK)



==============================================================================

Memory Map of the image

  Image Entry point : 0x080001ad

  Load Region LR_IROM1 (Base: 0x08000000, Size: 0x00004268, Max: 0x00200000, ABSOLUTE)

    Execution Region ER_IROM1 (Exec base: 0x08000000, Load base: 0x08000000, Size: 0x000041d4, Max: 0x00200000, ABSOLUTE)

    Exec Addr    Load Addr    Size         Type   Attr      Idx    E Section Name        Object

    0x08000000   0x08000000   0x000001ac   Data   RO            3    RESET               startup_stm32f427xx.o
    0x080001ac   0x080001ac   0x00000000   Code   RO         3993  * .ARM.Collect$$$$00000000  mc_w.l(entry.o)
    0x080001ac   0x080001ac   0x00000004   Code   RO         4014    .ARM.Collect$$$$00000001  mc_w.l(entry2.o)
    0x080001b0   0x080001b0   0x00000004   Code   RO         4017    .ARM.Collect$$$$00000004  mc_w.l(entry5.o)
    0x080001b4   0x080001b4   0x00000000   Code   RO         4019    .ARM.Collect$$$$00000008  mc_w.l(entry7b.o)
    0x080001b4   0x080001b4   0x00000000   Code   RO         4021    .ARM.Collect$$$$0000000A  mc_w.l(entry8b.o)
    0x080001b4   0x080001b4   0x00000008   Code   RO         4022    .ARM.Collect$$$$0000000B  mc_w.l(entry9a.o)
    0x080001bc   0x080001bc   0x00000000   Code   RO         4024    .ARM.Collect$$$$0000000D  mc_w.l(entry10a.o)
    0x080001bc   0x080001bc   0x00000000   Code   RO         4026    .ARM.Collect$$$$0000000F  mc_w.l(entry11a.o)
    0x080001bc   0x080001bc   0x00000004   Code   RO         4015    .ARM.Collect$$$$00002712  mc_w.l(entry2.o)
    0x080001c0   0x080001c0   0x000000ba   Code   RO         2872    .emb_text           port.o
    0x0800027a   0x0800027a   0x00000002   PAD
    0x0800027c   0x0800027c   0x00000024   Code   RO            4    .text               startup_stm32f427xx.o
    0x080002a0   0x080002a0   0x00000062   Code   RO         3996    .text               mc_w.l(uldiv.o)
    0x08000302   0x08000302   0x00000024   Code   RO         3998    .text               mc_w.l(memcpya.o)
    0x08000326   0x08000326   0x00000024   Code   RO         4000    .text               mc_w.l(memseta.o)
    0x0800034a   0x0800034a   0x0000014e   Code   RO         4004    .text               mf_w.l(dadd.o)
    0x08000498   0x08000498   0x000000e4   Code   RO         4006    .text               mf_w.l(dmul.o)
    0x0800057c   0x0800057c   0x000000de   Code   RO         4008    .text               mf_w.l(ddiv.o)
    0x0800065a   0x0800065a   0x0000003e   Code   RO         4010    .text               mf_w.l(dfixi.o)
    0x08000698   0x08000698   0x00000026   Code   RO         4012    .text               mf_w.l(f2d.o)
    0x080006be   0x080006be   0x0000001e   Code   RO         4028    .text               mc_w.l(llshl.o)
    0x080006dc   0x080006dc   0x00000020   Code   RO         4030    .text               mc_w.l(llushr.o)
    0x080006fc   0x080006fc   0x00000024   Code   RO         4032    .text               mc_w.l(llsshr.o)
    0x08000720   0x08000720   0x00000000   Code   RO         4034    .text               mc_w.l(iusefp.o)
    0x08000720   0x08000720   0x000000ba   Code   RO         4035    .text               mf_w.l(depilogue.o)
    0x080007da   0x080007da   0x00000002   PAD
    0x080007dc   0x080007dc   0x00000024   Code   RO         4037    .text               mc_w.l(init.o)
    0x08000800   0x08000800   0x00000002   Code   RO          597    i.BusFault_Handler  stm32f4xx_it.o
    0x08000802   0x08000802   0x00000002   PAD
    0x08000804   0x08000804   0x0000000c   Code   RO          598    i.CAN1_RX0_IRQHandler  stm32f4xx_it.o
    0x08000810   0x08000810   0x0000000c   Code   RO          599    i.CAN1_TX_IRQHandler  stm32f4xx_it.o
    0x0800081c   0x0800081c   0x0000000c   Code   RO          600    i.CAN2_RX1_IRQHandler  stm32f4xx_it.o
    0x08000828   0x08000828   0x0000000c   Code   RO          601    i.CAN2_TX_IRQHandler  stm32f4xx_it.o
    0x08000834   0x08000834   0x0000000c   Code   RO          602    i.DMA2_Stream2_IRQHandler  stm32f4xx_it.o
    0x08000840   0x08000840   0x00000028   Code   RO         2151    i.DMA_CalcBaseAndBitshift  stm32f4xx_hal_dma.o
    0x08000868   0x08000868   0x00000054   Code   RO         2152    i.DMA_CheckFifoParam  stm32f4xx_hal_dma.o
    0x080008bc   0x080008bc   0x00000028   Code   RO         2153    i.DMA_SetConfig     stm32f4xx_hal_dma.o
    0x080008e4   0x080008e4   0x00000002   Code   RO          603    i.DebugMon_Handler  stm32f4xx_it.o
    0x080008e6   0x080008e6   0x00000028   Code   RO          728    i.HAL_CAN_ActivateNotification  stm32f4xx_hal_can.o
    0x0800090e   0x0800090e   0x000000c8   Code   RO          729    i.HAL_CAN_AddTxMessage  stm32f4xx_hal_can.o
    0x080009d6   0x080009d6   0x00000002   PAD
    0x080009d8   0x080009d8   0x0000010c   Code   RO          730    i.HAL_CAN_ConfigFilter  stm32f4xx_hal_can.o
    0x08000ae4   0x08000ae4   0x0000000c   Code   RO           13    i.HAL_CAN_ErrorCallback  bsp_can.o
    0x08000af0   0x08000af0   0x000000fa   Code   RO          736    i.HAL_CAN_GetRxMessage  stm32f4xx_hal_can.o
    0x08000bea   0x08000bea   0x00000030   Code   RO          738    i.HAL_CAN_GetTxMailboxesFreeLevel  stm32f4xx_hal_can.o
    0x08000c1a   0x08000c1a   0x000001fc   Code   RO          740    i.HAL_CAN_IRQHandler  stm32f4xx_hal_can.o
    0x08000e16   0x08000e16   0x0000011a   Code   RO          741    i.HAL_CAN_Init      stm32f4xx_hal_can.o
    0x08000f30   0x08000f30   0x000000e0   Code   RO          373    i.HAL_CAN_MspInit   can.o
    0x08001010   0x08001010   0x00000002   Code   RO          748    i.HAL_CAN_RxFifo0FullCallback  stm32f4xx_hal_can.o
    0x08001012   0x08001012   0x00000002   PAD
    0x08001014   0x08001014   0x00000098   Code   RO           14    i.HAL_CAN_RxFifo0MsgPendingCallback  bsp_can.o
    0x080010ac   0x080010ac   0x00000002   Code   RO          750    i.HAL_CAN_RxFifo1FullCallback  stm32f4xx_hal_can.o
    0x080010ae   0x080010ae   0x00000002   Code   RO          751    i.HAL_CAN_RxFifo1MsgPendingCallback  stm32f4xx_hal_can.o
    0x080010b0   0x080010b0   0x00000002   Code   RO          752    i.HAL_CAN_SleepCallback  stm32f4xx_hal_can.o
    0x080010b2   0x080010b2   0x00000002   PAD
    0x080010b4   0x080010b4   0x00000058   Code   RO          753    i.HAL_CAN_Start     stm32f4xx_hal_can.o
    0x0800110c   0x0800110c   0x00000002   Code   RO          755    i.HAL_CAN_TxMailbox0AbortCallback  stm32f4xx_hal_can.o
    0x0800110e   0x0800110e   0x00000002   Code   RO          756    i.HAL_CAN_TxMailbox0CompleteCallback  stm32f4xx_hal_can.o
    0x08001110   0x08001110   0x00000002   Code   RO          757    i.HAL_CAN_TxMailbox1AbortCallback  stm32f4xx_hal_can.o
    0x08001112   0x08001112   0x00000002   Code   RO          758    i.HAL_CAN_TxMailbox1CompleteCallback  stm32f4xx_hal_can.o
    0x08001114   0x08001114   0x00000002   Code   RO          759    i.HAL_CAN_TxMailbox2AbortCallback  stm32f4xx_hal_can.o
    0x08001116   0x08001116   0x00000002   Code   RO          760    i.HAL_CAN_TxMailbox2CompleteCallback  stm32f4xx_hal_can.o
    0x08001118   0x08001118   0x00000002   Code   RO          762    i.HAL_CAN_WakeUpFromRxMsgCallback  stm32f4xx_hal_can.o
    0x0800111a   0x0800111a   0x00000024   Code   RO         2155    i.HAL_DMA_Abort_IT  stm32f4xx_hal_dma.o
    0x0800113e   0x0800113e   0x00000002   PAD
    0x08001140   0x08001140   0x000001a0   Code   RO         2159    i.HAL_DMA_IRQHandler  stm32f4xx_hal_dma.o
    0x080012e0   0x080012e0   0x000000d4   Code   RO         2160    i.HAL_DMA_Init      stm32f4xx_hal_dma.o
    0x080013b4   0x080013b4   0x00000046   Code   RO         2163    i.HAL_DMA_Start     stm32f4xx_hal_dma.o
    0x080013fa   0x080013fa   0x00000002   PAD
    0x080013fc   0x080013fc   0x000001cc   Code   RO         2047    i.HAL_GPIO_Init     stm32f4xx_hal_gpio.o
    0x080015c8   0x080015c8   0x0000000a   Code   RO         2051    i.HAL_GPIO_WritePin  stm32f4xx_hal_gpio.o
    0x080015d2   0x080015d2   0x00000002   PAD
    0x080015d4   0x080015d4   0x0000000c   Code   RO         2599    i.HAL_GetTick       stm32f4xx_hal.o
    0x080015e0   0x080015e0   0x00000010   Code   RO         2603    i.HAL_IncTick       stm32f4xx_hal.o
    0x080015f0   0x080015f0   0x00000034   Code   RO         2604    i.HAL_Init          stm32f4xx_hal.o
    0x08001624   0x08001624   0x00000040   Code   RO         2605    i.HAL_InitTick      stm32f4xx_hal.o
    0x08001664   0x08001664   0x00000084   Code   RO          703    i.HAL_MspInit       stm32f4xx_hal_msp.o
    0x080016e8   0x080016e8   0x00000016   Code   RO         2454    i.HAL_NVIC_EnableIRQ  stm32f4xx_hal_cortex.o
    0x080016fe   0x080016fe   0x00000002   PAD
    0x08001700   0x08001700   0x00000040   Code   RO         2460    i.HAL_NVIC_SetPriority  stm32f4xx_hal_cortex.o
    0x08001740   0x08001740   0x00000024   Code   RO         2461    i.HAL_NVIC_SetPriorityGrouping  stm32f4xx_hal_cortex.o
    0x08001764   0x08001764   0x00000070   Code   RO         2383    i.HAL_PWREx_EnableOverDrive  stm32f4xx_hal_pwr_ex.o
    0x080017d4   0x080017d4   0x00000130   Code   RO         1641    i.HAL_RCC_ClockConfig  stm32f4xx_hal_rcc.o
    0x08001904   0x08001904   0x0000000c   Code   RO         1646    i.HAL_RCC_GetHCLKFreq  stm32f4xx_hal_rcc.o
    0x08001910   0x08001910   0x00000020   Code   RO         1648    i.HAL_RCC_GetPCLK1Freq  stm32f4xx_hal_rcc.o
    0x08001930   0x08001930   0x00000020   Code   RO         1649    i.HAL_RCC_GetPCLK2Freq  stm32f4xx_hal_rcc.o
    0x08001950   0x08001950   0x00000064   Code   RO         1650    i.HAL_RCC_GetSysClockFreq  stm32f4xx_hal_rcc.o
    0x080019b4   0x080019b4   0x0000031c   Code   RO         1653    i.HAL_RCC_OscConfig  stm32f4xx_hal_rcc.o
    0x08001cd0   0x08001cd0   0x00000080   Code   RO          972    i.HAL_SPI_Init      stm32f4xx_hal_spi.o
    0x08001d50   0x08001d50   0x0000004c   Code   RO          508    i.HAL_SPI_MspInit   spi.o
    0x08001d9c   0x08001d9c   0x00000018   Code   RO         2463    i.HAL_SYSTICK_CLKSourceConfig  stm32f4xx_hal_cortex.o
    0x08001db4   0x08001db4   0x00000028   Code   RO         2465    i.HAL_SYSTICK_Config  stm32f4xx_hal_cortex.o
    0x08001ddc   0x08001ddc   0x00000002   Code   RO         1335    i.HAL_UART_ErrorCallback  stm32f4xx_hal_uart.o
    0x08001dde   0x08001dde   0x00000002   PAD
    0x08001de0   0x08001de0   0x00000110   Code   RO         1338    i.HAL_UART_IRQHandler  stm32f4xx_hal_uart.o
    0x08001ef0   0x08001ef0   0x00000062   Code   RO         1339    i.HAL_UART_Init     stm32f4xx_hal_uart.o
    0x08001f52   0x08001f52   0x00000002   PAD
    0x08001f54   0x08001f54   0x000000f0   Code   RO          550    i.HAL_UART_MspInit  usart.o
    0x08002044   0x08002044   0x00000002   Code   RO         1345    i.HAL_UART_RxCpltCallback  stm32f4xx_hal_uart.o
    0x08002046   0x08002046   0x00000002   Code   RO         1350    i.HAL_UART_TxCpltCallback  stm32f4xx_hal_uart.o
    0x08002048   0x08002048   0x00000002   Code   RO          604    i.HardFault_Handler  stm32f4xx_it.o
    0x0800204a   0x0800204a   0x00000002   PAD
    0x0800204c   0x0800204c   0x00000058   Code   RO          374    i.MX_CAN1_Init      can.o
    0x080020a4   0x080020a4   0x00000058   Code   RO          375    i.MX_CAN2_Init      can.o
    0x080020fc   0x080020fc   0x0000002c   Code   RO          421    i.MX_DMA_Init       dma.o
    0x08002128   0x08002128   0x0000004c   Code   RO          445    i.MX_FREERTOS_Init  freertos.o
    0x08002174   0x08002174   0x0000010c   Code   RO          342    i.MX_GPIO_Init      gpio.o
    0x08002280   0x08002280   0x00000058   Code   RO          509    i.MX_SPI5_Init      spi.o
    0x080022d8   0x080022d8   0x00000054   Code   RO          551    i.MX_USART1_UART_Init  usart.o
    0x0800232c   0x0800232c   0x0000004c   Code   RO          552    i.MX_USART6_UART_Init  usart.o
    0x08002378   0x08002378   0x00000002   Code   RO          605    i.MemManage_Handler  stm32f4xx_it.o
    0x0800237a   0x0800237a   0x00000002   Code   RO          606    i.NMI_Handler       stm32f4xx_it.o
    0x0800237c   0x0800237c   0x00000020   Code   RO         2467    i.NVIC_SetPriority  stm32f4xx_hal_cortex.o
    0x0800239c   0x0800239c   0x00000044   Code   RO         3932    i.PID_struct_init   pid.o
    0x080023e0   0x080023e0   0x00000008   Code   RO          446    i.StartDefaultTask  freertos.o
    0x080023e8   0x080023e8   0x00000054   Code   RO         3877    i.Start_chassis_ctrl_task  chassis_ctrl.o
    0x0800243c   0x0800243c   0x0000000e   Code   RO          607    i.SysTick_Handler   stm32f4xx_it.o
    0x0800244a   0x0800244a   0x00000002   PAD
    0x0800244c   0x0800244c   0x000000a8   Code   RO          243    i.SystemClock_Config  main.o
    0x080024f4   0x080024f4   0x00000054   Code   RO         2768    i.SystemInit        system_stm32f4xx.o
    0x08002548   0x08002548   0x00000010   Code   RO         1352    i.UART_DMAAbortOnError  stm32f4xx_hal_uart.o
    0x08002558   0x08002558   0x0000001c   Code   RO         1362    i.UART_EndRxTransfer  stm32f4xx_hal_uart.o
    0x08002574   0x08002574   0x0000008c   Code   RO         1364    i.UART_Receive_IT   stm32f4xx_hal_uart.o
    0x08002600   0x08002600   0x000002ac   Code   RO         1365    i.UART_SetConfig    stm32f4xx_hal_uart.o
    0x080028ac   0x080028ac   0x00000062   Code   RO         1366    i.UART_Transmit_IT  stm32f4xx_hal_uart.o
    0x0800290e   0x0800290e   0x00000002   PAD
    0x08002910   0x08002910   0x00000018   Code   RO          608    i.USART1_IRQHandler  stm32f4xx_it.o
    0x08002928   0x08002928   0x0000000c   Code   RO          609    i.USART6_IRQHandler  stm32f4xx_it.o
    0x08002934   0x08002934   0x00000002   Code   RO          610    i.UsageFault_Handler  stm32f4xx_it.o
    0x08002936   0x08002936   0x00000002   Code   RO          244    i._Error_Handler    main.o
    0x08002938   0x08002938   0x0000000e   Code   RO         4041    i.__scatterload_copy  mc_w.l(handlers.o)
    0x08002946   0x08002946   0x00000002   Code   RO         4042    i.__scatterload_null  mc_w.l(handlers.o)
    0x08002948   0x08002948   0x0000000e   Code   RO         4043    i.__scatterload_zeroinit  mc_w.l(handlers.o)
    0x08002956   0x08002956   0x0000002a   Code   RO         3933    i.abs_limit         pid.o
    0x08002980   0x08002980   0x0000008c   Code   RO           15    i.can_filter_init   bsp_can.o
    0x08002a0c   0x08002a0c   0x00000050   Code   RO         3878    i.chassis_operation_func  chassis_ctrl.o
    0x08002a5c   0x08002a5c   0x00000090   Code   RO         3879    i.chassis_param_init  chassis_ctrl.o
    0x08002aec   0x08002aec   0x00000048   Code   RO          178    i.dbus_uart_init    bsp_uart.o
    0x08002b34   0x08002b34   0x00000064   Code   RO           16    i.encoder_data_handler  bsp_can.o
    0x08002b98   0x08002b98   0x0000000a   Code   RO           17    i.get_moto_offset   bsp_can.o
    0x08002ba2   0x08002ba2   0x0000000c   Code   RO         3502    i.inHandlerMode     cmsis_os.o
    0x08002bae   0x08002bae   0x00000002   PAD
    0x08002bb0   0x08002bb0   0x00000024   Code   RO          343    i.led_off           gpio.o
    0x08002bd4   0x08002bd4   0x0000004c   Code   RO          245    i.main              main.o
    0x08002c20   0x08002c20   0x0000000c   Code   RO         3504    i.makeFreeRtosPriority  cmsis_os.o
    0x08002c2c   0x08002c2c   0x0000000e   Code   RO         3506    i.osDelay           cmsis_os.o
    0x08002c3a   0x08002c3a   0x00000004   Code   RO         3507    i.osDelayUntil      cmsis_os.o
    0x08002c3e   0x08002c3e   0x0000000a   Code   RO         3509    i.osKernelStart     cmsis_os.o
    0x08002c48   0x08002c48   0x00000018   Code   RO         3510    i.osKernelSysTick   cmsis_os.o
    0x08002c60   0x08002c60   0x00000026   Code   RO         3535    i.osSemaphoreCreate  cmsis_os.o
    0x08002c86   0x08002c86   0x00000014   Code   RO         3542    i.osSystickHandler  cmsis_os.o
    0x08002c9a   0x08002c9a   0x0000002e   Code   RO         3543    i.osThreadCreate    cmsis_os.o
    0x08002cc8   0x08002cc8   0x0000014c   Code   RO         3934    i.pid_calc          pid.o
    0x08002e14   0x08002e14   0x0000000e   Code   RO         3935    i.pid_param_init    pid.o
    0x08002e22   0x08002e22   0x00000002   PAD
    0x08002e24   0x08002e24   0x00000020   Code   RO         3936    i.pid_reset         pid.o
    0x08002e44   0x08002e44   0x00000070   Code   RO         3215    i.prvAddCurrentTaskToDelayedList  tasks.o
    0x08002eb4   0x08002eb4   0x000000d0   Code   RO         3216    i.prvAddNewTaskToReadyList  tasks.o
    0x08002f84   0x08002f84   0x00000050   Code   RO         3217    i.prvCheckTasksWaitingTermination  tasks.o
    0x08002fd4   0x08002fd4   0x0000006c   Code   RO         3076    i.prvCopyDataToQueue  queue.o
    0x08003040   0x08003040   0x00000014   Code   RO         3218    i.prvDeleteTCB      tasks.o
    0x08003054   0x08003054   0x0000004c   Code   RO         2802    i.prvHeapInit       heap_4.o
    0x080030a0   0x080030a0   0x00000028   Code   RO         3219    i.prvIdleTask       tasks.o
    0x080030c8   0x080030c8   0x0000008e   Code   RO         3220    i.prvInitialiseNewTask  tasks.o
    0x08003156   0x08003156   0x00000002   PAD
    0x08003158   0x08003158   0x0000004c   Code   RO         2803    i.prvInsertBlockIntoFreeList  heap_4.o
    0x080031a4   0x080031a4   0x00000020   Code   RO         3221    i.prvResetNextTaskUnblockTime  tasks.o
    0x080031c4   0x080031c4   0x00000028   Code   RO         2873    i.prvTaskExitError  port.o
    0x080031ec   0x080031ec   0x0000006a   Code   RO         3078    i.prvUnlockQueue    queue.o
    0x08003256   0x08003256   0x00000002   PAD
    0x08003258   0x08003258   0x000000d8   Code   RO         2804    i.pvPortMalloc      heap_4.o
    0x08003330   0x08003330   0x0000002c   Code   RO         2874    i.pxPortInitialiseStack  port.o
    0x0800335c   0x0800335c   0x0000008c   Code   RO          180    i.rc_callback_handler  bsp_uart.o
    0x080033e8   0x080033e8   0x00000090   Code   RO           18    i.send_chassis_cur  bsp_can.o
    0x08003478   0x08003478   0x00000264   Code   RO         3880    i.speed_calc        chassis_ctrl.o
    0x080036dc   0x080036dc   0x00000060   Code   RO          181    i.uart_receive_handler  bsp_uart.o
    0x0800373c   0x0800373c   0x00000024   Code   RO         3038    i.uxListRemove      list.o
    0x08003760   0x08003760   0x00000016   Code   RO         3039    i.vListInitialise   list.o
    0x08003776   0x08003776   0x00000006   Code   RO         3040    i.vListInitialiseItem  list.o
    0x0800377c   0x0800377c   0x00000030   Code   RO         3041    i.vListInsert       list.o
    0x080037ac   0x080037ac   0x00000018   Code   RO         3042    i.vListInsertEnd    list.o
    0x080037c4   0x080037c4   0x00000040   Code   RO         2876    i.vPortEnterCritical  port.o
    0x08003804   0x08003804   0x00000028   Code   RO         2877    i.vPortExitCritical  port.o
    0x0800382c   0x0800382c   0x0000005c   Code   RO         2805    i.vPortFree         heap_4.o
    0x08003888   0x08003888   0x00000020   Code   RO         2878    i.vPortSetupTimerInterrupt  port.o
    0x080038a8   0x080038a8   0x00000054   Code   RO         2879    i.vPortValidateInterruptPriority  port.o
    0x080038fc   0x080038fc   0x0000004c   Code   RO         3229    i.vTaskDelay        tasks.o
    0x08003948   0x08003948   0x0000000c   Code   RO         3232    i.vTaskMissedYield  tasks.o
    0x08003954   0x08003954   0x00000030   Code   RO         3234    i.vTaskPlaceOnEventList  tasks.o
    0x08003984   0x08003984   0x00000024   Code   RO         3239    i.vTaskSetTimeOutState  tasks.o
    0x080039a8   0x080039a8   0x00000068   Code   RO         3240    i.vTaskStartScheduler  tasks.o
    0x08003a10   0x08003a10   0x00000010   Code   RO         3242    i.vTaskSuspendAll   tasks.o
    0x08003a20   0x08003a20   0x0000005c   Code   RO         3243    i.vTaskSwitchContext  tasks.o
    0x08003a7c   0x08003a7c   0x000000e0   Code   RO         2880    i.xPortStartScheduler  port.o
    0x08003b5c   0x08003b5c   0x0000002c   Code   RO         2881    i.xPortSysTickHandler  port.o
    0x08003b88   0x08003b88   0x00000048   Code   RO         3086    i.xQueueGenericCreate  queue.o
    0x08003bd0   0x08003bd0   0x00000088   Code   RO         3088    i.xQueueGenericReset  queue.o
    0x08003c58   0x08003c58   0x00000160   Code   RO         3089    i.xQueueGenericSend  queue.o
    0x08003db8   0x08003db8   0x0000006c   Code   RO         3244    i.xTaskCheckForTimeOut  tasks.o
    0x08003e24   0x08003e24   0x00000056   Code   RO         3245    i.xTaskCreate       tasks.o
    0x08003e7a   0x08003e7a   0x00000002   PAD
    0x08003e7c   0x08003e7c   0x0000001c   Code   RO         3249    i.xTaskGetSchedulerState  tasks.o
    0x08003e98   0x08003e98   0x0000000c   Code   RO         3250    i.xTaskGetTickCount  tasks.o
    0x08003ea4   0x08003ea4   0x00000010   Code   RO         3251    i.xTaskGetTickCountFromISR  tasks.o
    0x08003eb4   0x08003eb4   0x000000c8   Code   RO         3252    i.xTaskIncrementTick  tasks.o
    0x08003f7c   0x08003f7c   0x00000098   Code   RO         3255    i.xTaskPriorityDisinherit  tasks.o
    0x08004014   0x08004014   0x00000074   Code   RO         3256    i.xTaskRemoveFromEventList  tasks.o
    0x08004088   0x08004088   0x000000c4   Code   RO         3258    i.xTaskResumeAll    tasks.o
    0x0800414c   0x0800414c   0x00000028   Data   RO          447    .constdata          freertos.o
    0x08004174   0x08004174   0x00000008   Data   RO         2166    .constdata          stm32f4xx_hal_dma.o
    0x0800417c   0x0800417c   0x00000010   Data   RO         2769    .constdata          system_stm32f4xx.o
    0x0800418c   0x0800418c   0x00000008   Data   RO         2770    .constdata          system_stm32f4xx.o
    0x08004194   0x08004194   0x0000001e   Data   RO          448    .conststring        freertos.o
    0x080041b2   0x080041b2   0x00000002   PAD
    0x080041b4   0x080041b4   0x00000020   Data   RO         4039    Region$$Table       anon$$obj.o


    Execution Region RW_IRAM1 (Exec base: 0x20000000, Load base: 0x080041d4, Size: 0x000051c8, Max: 0x00030000, ABSOLUTE)

    Exec Addr    Load Addr    Size         Type   Attr      Idx    E Section Name        Object

    0x20000000   0x080041d4   0x00000009   Data   RW           20    .data               bsp_can.o
    0x20000009   0x080041dd   0x00000003   PAD
    0x2000000c   0x080041e0   0x00000004   Data   RW          377    .data               can.o
    0x20000010   0x080041e4   0x0000000c   Data   RW          449    .data               freertos.o
    0x2000001c   0x080041f0   0x0000000c   Data   RW         2611    .data               stm32f4xx_hal.o
    0x20000028   0x080041fc   0x00000004   Data   RW         2771    .data               system_stm32f4xx.o
    0x2000002c   0x08004200   0x00000018   Data   RW         2810    .data               heap_4.o
    0x20000044   0x08004218   0x0000000c   Data   RW         2882    .data               port.o
    0x20000050   0x08004224   0x0000003c   Data   RW         3261    .data               tasks.o
    0x2000008c   0x08004260   0x00000008   Data   RW         3883    .data               chassis_ctrl.o
    0x20000094        -       0x000000f0   Zero   RW           19    .bss                bsp_can.o
    0x20000184        -       0x0000001c   Zero   RW          182    .bss                bsp_uart.o
    0x200001a0        -       0x00000050   Zero   RW          376    .bss                can.o
    0x200001f0        -       0x00000058   Zero   RW          510    .bss                spi.o
    0x20000248        -       0x000000e0   Zero   RW          553    .bss                usart.o
    0x20000328        -       0x00003c00   Zero   RW         2809    .bss                heap_4.o
    0x20003f28        -       0x000000f0   Zero   RW         3260    .bss                tasks.o
    0x20004018        -       0x00000030   Zero   RW         3881    .bss                chassis_ctrl.o
    0x20004048        -       0x00000130   Zero   RW         3941    .bss                pid.o
    0x20004178        -       0x0000004c   Zero   RW         3942    .bss                pid.o
    0x200041c4   0x08004268   0x00000004   PAD
    0x200041c8        -       0x00001000   Zero   RW            1    STACK               startup_stm32f427xx.o


==============================================================================

Image component sizes


      Code (inc. data)   RO Data    RW Data    ZI Data      Debug   Object Name

       558        104          0          9        240     719110   bsp_can.o
       308         18          0          0         28       8547   bsp_uart.o
       400         72          0          4         80       2514   can.o
       920        142          0          8         48       3763   chassis_ctrl.o
       180          0          0          0          0      17713   cmsis_os.o
        44          4          0          0          0        806   dma.o
         0          0          0          0          0       8132   event_groups.o
        84         10         70         12          0       2654   freertos.o
       304         32          0          0          0       1633   gpio.o
       460         24          0         24      15360       9019   heap_4.o
       136          0          0          0          0       3714   list.o
       246         20          0          0          0      23189   main.o
       488         20          0          0        380       5225   pid.o
       758         84          0         12          0      12213   port.o
       774         10          0          0          0       7903   queue.o
       164         36          0          0         88       1717   spi.o
        36          8        428          0       4096        864   startup_stm32f427xx.o
       144         24          0         12          0       4101   stm32f4xx_hal.o
      1706          6          0          0          0      14705   stm32f4xx_hal_can.o
       218         14          0          0          0      31225   stm32f4xx_hal_cortex.o
       898         16          8          0          0       6519   stm32f4xx_hal_dma.o
       470         52          0          0          0       2524   stm32f4xx_hal_gpio.o
       132          6          0          0          0        962   stm32f4xx_hal_msp.o
       112         14          0          0          0       1340   stm32f4xx_hal_pwr_ex.o
      1276         86          0          0          0       5816   stm32f4xx_hal_rcc.o
       128          0          0          0          0       1267   stm32f4xx_hal_spi.o
      1342         14          0          0          0       7755   stm32f4xx_hal_uart.o
       122         42          0          0          0       6887   stm32f4xx_it.o
        84         18         24          4          0       1243   system_stm32f4xx.o
      1932        168          0         60        240      22909   tasks.o
       400        100          0          0        224       2566   usart.o

    ----------------------------------------------------------------------
     14862       1144        564        148      20788     938535   Object Totals
         0          0         32          0          0          0   (incl. Generated)
        38          0          2          3          4          0   (incl. Padding)

    ----------------------------------------------------------------------

      Code (inc. data)   RO Data    RW Data    ZI Data      Debug   Library Member Name

         0          0          0          0          0          0   entry.o
         0          0          0          0          0          0   entry10a.o
         0          0          0          0          0          0   entry11a.o
         8          4          0          0          0          0   entry2.o
         4          0          0          0          0          0   entry5.o
         0          0          0          0          0          0   entry7b.o
         0          0          0          0          0          0   entry8b.o
         8          4          0          0          0          0   entry9a.o
        30          0          0          0          0          0   handlers.o
        36          8          0          0          0         68   init.o
         0          0          0          0          0          0   iusefp.o
        30          0          0          0          0         68   llshl.o
        36          0          0          0          0         68   llsshr.o
        32          0          0          0          0         68   llushr.o
        36          0          0          0          0         68   memcpya.o
        36          0          0          0          0        108   memseta.o
        98          0          0          0          0         92   uldiv.o
       334          0          0          0          0        148   dadd.o
       222          0          0          0          0        100   ddiv.o
       186          0          0          0          0        176   depilogue.o
        62          0          0          0          0         80   dfixi.o
       228          0          0          0          0         96   dmul.o
        38          0          0          0          0         68   f2d.o

    ----------------------------------------------------------------------
      1426         16          0          0          0       1208   Library Totals
         2          0          0          0          0          0   (incl. Padding)

    ----------------------------------------------------------------------

      Code (inc. data)   RO Data    RW Data    ZI Data      Debug   Library Name

       354         16          0          0          0        540   mc_w.l
      1070          0          0          0          0        668   mf_w.l

    ----------------------------------------------------------------------
      1426         16          0          0          0       1208   Library Totals

    ----------------------------------------------------------------------

==============================================================================


      Code (inc. data)   RO Data    RW Data    ZI Data      Debug   

     16288       1160        564        148      20788     924427   Grand Totals
     16288       1160        564        148      20788     924427   ELF Image Totals
     16288       1160        564        148          0          0   ROM Totals

==============================================================================

    Total RO  Size (Code + RO Data)                16852 (  16.46kB)
    Total RW  Size (RW Data + ZI Data)             20936 (  20.45kB)
    Total ROM Size (Code + RO Data + RW Data)      17000 (  16.60kB)

==============================================================================

