Component: ARM Compiler 5.06 update 5 (build 528) Tool: armlink [4d35e2]

==============================================================================

Section Cross References

    startup_stm32f427xx.o(RESET) refers to startup_stm32f427xx.o(STACK) for __initial_sp
    startup_stm32f427xx.o(RESET) refers to startup_stm32f427xx.o(.text) for Reset_Handler
    startup_stm32f427xx.o(RESET) refers to stm32f4xx_it.o(i.NMI_Handler) for NMI_Handler
    startup_stm32f427xx.o(RESET) refers to stm32f4xx_it.o(i.HardFault_Handler) for HardFault_Handler
    startup_stm32f427xx.o(RESET) refers to stm32f4xx_it.o(i.MemManage_Handler) for MemManage_Handler
    startup_stm32f427xx.o(RESET) refers to stm32f4xx_it.o(i.BusFault_Handler) for BusFault_Handler
    startup_stm32f427xx.o(RESET) refers to stm32f4xx_it.o(i.UsageFault_Handler) for UsageFault_Handler
    startup_stm32f427xx.o(RESET) refers to port.o(.emb_text) for SVC_Handler
    startup_stm32f427xx.o(RESET) refers to stm32f4xx_it.o(i.DebugMon_Handler) for DebugMon_Handler
    startup_stm32f427xx.o(RESET) refers to stm32f4xx_it.o(i.SysTick_Handler) for SysTick_Handler
    startup_stm32f427xx.o(RESET) refers to stm32f4xx_it.o(i.CAN1_TX_IRQHandler) for CAN1_TX_IRQHandler
    startup_stm32f427xx.o(RESET) refers to stm32f4xx_it.o(i.CAN1_RX0_IRQHandler) for CAN1_RX0_IRQHandler
    startup_stm32f427xx.o(RESET) refers to stm32f4xx_it.o(i.EXTI9_5_IRQHandler) for EXTI9_5_IRQHandler
    startup_stm32f427xx.o(RESET) refers to stm32f4xx_it.o(i.USART1_IRQHandler) for USART1_IRQHandler
    startup_stm32f427xx.o(RESET) refers to stm32f4xx_it.o(i.DMA2_Stream2_IRQHandler) for DMA2_Stream2_IRQHandler
    startup_stm32f427xx.o(RESET) refers to stm32f4xx_it.o(i.CAN2_TX_IRQHandler) for CAN2_TX_IRQHandler
    startup_stm32f427xx.o(RESET) refers to stm32f4xx_it.o(i.CAN2_RX1_IRQHandler) for CAN2_RX1_IRQHandler
    startup_stm32f427xx.o(RESET) refers to stm32f4xx_it.o(i.USART6_IRQHandler) for USART6_IRQHandler
    startup_stm32f427xx.o(RESET) refers to stm32f4xx_it.o(i.SPI5_IRQHandler) for SPI5_IRQHandler
    startup_stm32f427xx.o(.text) refers to system_stm32f4xx.o(i.SystemInit) for SystemInit
    startup_stm32f427xx.o(.text) refers to entry.o(.ARM.Collect$$$$00000000) for __main
    bsp_can.o(i.HAL_CAN_RxFifo0MsgPendingCallback) refers to stm32f4xx_hal_can.o(i.HAL_CAN_GetRxMessage) for HAL_CAN_GetRxMessage
    bsp_can.o(i.HAL_CAN_RxFifo0MsgPendingCallback) refers to main.o(i._Error_Handler) for _Error_Handler
    bsp_can.o(i.HAL_CAN_RxFifo0MsgPendingCallback) refers to bsp_can.o(i.get_moto_offset) for get_moto_offset
    bsp_can.o(i.HAL_CAN_RxFifo0MsgPendingCallback) refers to bsp_can.o(i.encoder_data_handler) for encoder_data_handler
    bsp_can.o(i.HAL_CAN_RxFifo0MsgPendingCallback) refers to bsp_can.o(.data) for .data
    bsp_can.o(i.HAL_CAN_RxFifo0MsgPendingCallback) refers to bsp_can.o(.bss) for .bss
    bsp_can.o(i.HAL_CAN_RxFifo0MsgPendingCallback) refers to can.o(.bss) for hcan1
    bsp_can.o(i.can_filter_init) refers to stm32f4xx_hal_can.o(i.HAL_CAN_ConfigFilter) for HAL_CAN_ConfigFilter
    bsp_can.o(i.can_filter_init) refers to main.o(i._Error_Handler) for _Error_Handler
    bsp_can.o(i.can_filter_init) refers to stm32f4xx_hal_can.o(i.HAL_CAN_Start) for HAL_CAN_Start
    bsp_can.o(i.can_filter_init) refers to stm32f4xx_hal_can.o(i.HAL_CAN_ActivateNotification) for HAL_CAN_ActivateNotification
    bsp_can.o(i.can_filter_init) refers to can.o(.bss) for hcan1
    bsp_can.o(i.send_chassis_cur) refers to stm32f4xx_hal_can.o(i.HAL_CAN_AddTxMessage) for HAL_CAN_AddTxMessage
    bsp_can.o(i.send_chassis_cur) refers to main.o(i._Error_Handler) for _Error_Handler
    bsp_can.o(i.send_chassis_cur) refers to stm32f4xx_hal_can.o(i.HAL_CAN_GetTxMailboxesFreeLevel) for HAL_CAN_GetTxMailboxesFreeLevel
    bsp_can.o(i.send_chassis_cur) refers to can.o(.bss) for hcan1
    bsp_uart.o(i.dbus_uart_init) refers to stm32f4xx_hal_dma.o(i.HAL_DMA_Start) for HAL_DMA_Start
    bsp_uart.o(i.dbus_uart_init) refers to usart.o(.bss) for huart1
    bsp_uart.o(i.dbus_uart_init) refers to bsp_uart.o(.bss) for .bss
    bsp_uart.o(i.uart_receive_handler) refers to bsp_uart.o(i.rc_callback_handler) for rc_callback_handler
    bsp_uart.o(i.uart_receive_handler) refers to usart.o(.bss) for huart1
    bsp_uart.o(i.uart_receive_handler) refers to bsp_uart.o(.bss) for .bss
    bsp_imu.o(i.imu_ahrs_update) refers to stm32f4xx_hal.o(i.HAL_GetTick) for HAL_GetTick
    bsp_imu.o(i.imu_ahrs_update) refers to bsp_imu.o(i.inv_sqrt) for inv_sqrt
    bsp_imu.o(i.imu_ahrs_update) refers to f2d.o(.text) for __aeabi_f2d
    bsp_imu.o(i.imu_ahrs_update) refers to sqrt.o(i.__hardfp_sqrt) for __hardfp_sqrt
    bsp_imu.o(i.imu_ahrs_update) refers to d2f.o(.text) for __aeabi_d2f
    bsp_imu.o(i.imu_ahrs_update) refers to bsp_imu.o(.data) for .data
    bsp_imu.o(i.imu_ahrs_update) refers to bsp_imu.o(.bss) for .bss
    bsp_imu.o(i.imu_attitude_update) refers to f2d.o(.text) for __aeabi_f2d
[...]
    i.osDelayUntil                           0x08004e7a   Section        0  cmsis_os.o(i.osDelayUntil)
    i.osKernelStart                          0x08004e88   Section        0  cmsis_os.o(i.osKernelStart)
    i.osKernelSysTick                        0x08004e92   Section        0  cmsis_os.o(i.osKernelSysTick)
    i.osSemaphoreCreate                      0x08004eaa   Section        0  cmsis_os.o(i.osSemaphoreCreate)
    i.osSystickHandler                       0x08004ed0   Section        0  cmsis_os.o(i.osSystickHandler)
    i.osThreadCreate                         0x08004ee4   Section        0  cmsis_os.o(i.osThreadCreate)
    i.pid_param_init                         0x08004f12   Section        0  pid.o(i.pid_param_init)
    pid_param_init                           0x08004f13   Thumb Code    14  pid.o(i.pid_param_init)
    i.pid_reset                              0x08004f20   Section        0  pid.o(i.pid_reset)
    pid_reset                                0x08004f21   Thumb Code    26  pid.o(i.pid_reset)
    i.prvAddCurrentTaskToDelayedList         0x08004f40   Section        0  tasks.o(i.prvAddCurrentTaskToDelayedList)
    prvAddCurrentTaskToDelayedList           0x08004f41   Thumb Code   102  tasks.o(i.prvAddCurrentTaskToDelayedList)
    i.prvAddNewTaskToReadyList               0x08004fb0   Section        0  tasks.o(i.prvAddNewTaskToReadyList)
    prvAddNewTaskToReadyList                 0x08004fb1   Thumb Code   194  tasks.o(i.prvAddNewTaskToReadyList)
    i.prvCheckTasksWaitingTermination        0x08005080   Section        0  tasks.o(i.prvCheckTasksWaitingTermination)
    prvCheckTasksWaitingTermination          0x08005081   Thumb Code    70  tasks.o(i.prvCheckTasksWaitingTermination)
    i.prvCopyDataToQueue                     0x080050d0   Section        0  queue.o(i.prvCopyDataToQueue)
    prvCopyDataToQueue                       0x080050d1   Thumb Code   108  queue.o(i.prvCopyDataToQueue)
    i.prvDeleteTCB                           0x0800513c   Section        0  tasks.o(i.prvDeleteTCB)
    prvDeleteTCB                             0x0800513d   Thumb Code    20  tasks.o(i.prvDeleteTCB)
    i.prvHeapInit                            0x08005150   Section        0  heap_4.o(i.prvHeapInit)
    prvHeapInit                              0x08005151   Thumb Code    66  heap_4.o(i.prvHeapInit)
    i.prvIdleTask                            0x0800519c   Section        0  tasks.o(i.prvIdleTask)
    prvIdleTask                              0x0800519d   Thumb Code    30  tasks.o(i.prvIdleTask)
    i.prvInitialiseNewTask                   0x080051c4   Section        0  tasks.o(i.prvInitialiseNewTask)
    prvInitialiseNewTask                     0x080051c5   Thumb Code   142  tasks.o(i.prvInitialiseNewTask)
    i.prvInsertBlockIntoFreeList             0x08005254   Section        0  heap_4.o(i.prvInsertBlockIntoFreeList)
    prvInsertBlockIntoFreeList               0x08005255   Thumb Code    72  heap_4.o(i.prvInsertBlockIntoFreeList)
    i.prvResetNextTaskUnblockTime            0x080052a0   Section        0  tasks.o(i.prvResetNextTaskUnblockTime)
    prvResetNextTaskUnblockTime              0x080052a1   Thumb Code    26  tasks.o(i.prvResetNextTaskUnblockTime)
    i.prvTaskExitError                       0x080052c0   Section        0  port.o(i.prvTaskExitError)
    prvTaskExitError                         0x080052c1   Thumb Code    36  port.o(i.prvTaskExitError)
    i.prvUnlockQueue                         0x080052e8   Section        0  queue.o(i.prvUnlockQueue)
    prvUnlockQueue                           0x080052e9   Thumb Code   106  queue.o(i.prvUnlockQueue)
    i.pvPortMalloc                           0x08005354   Section        0  heap_4.o(i.pvPortMalloc)
    i.pxPortInitialiseStack                  0x0800542c   Section        0  port.o(i.pxPortInitialiseStack)
    i.rc_callback_handler                    0x08005458   Section        0  bsp_uart.o(i.rc_callback_handler)
    i.send_chassis_cur                       0x080054e4   Section        0  bsp_can.o(i.send_chassis_cur)
    i.sqrt                                   0x08005574   Section        0  sqrt.o(i.sqrt)
    i.uart_receive_handler                   0x080055e4   Section        0  bsp_uart.o(i.uart_receive_handler)
    i.uxListRemove                           0x08005644   Section        0  list.o(i.uxListRemove)
    i.vListInitialise                        0x08005668   Section        0  list.o(i.vListInitialise)
    i.vListInitialiseItem                    0x0800567e   Section        0  list.o(i.vListInitialiseItem)
    i.vListInsert                            0x08005684   Section        0  list.o(i.vListInsert)
    i.vListInsertEnd                         0x080056b4   Section        0  list.o(i.vListInsertEnd)
    i.vPortEnterCritical                     0x080056cc   Section        0  port.o(i.vPortEnterCritical)
    i.vPortExitCritical                      0x0800570c   Section        0  port.o(i.vPortExitCritical)
    i.vPortFree                              0x08005734   Section        0  heap_4.o(i.vPortFree)
    i.vPortSetupTimerInterrupt               0x08005790   Section        0  port.o(i.vPortSetupTimerInterrupt)
    i.vPortValidateInterruptPriority         0x080057b0   Section        0  port.o(i.vPortValidateInterruptPriority)
    i.vTaskDelay                             0x08005804   Section        0  tasks.o(i.vTaskDelay)
    i.vTaskDelayUntil                        0x08005850   Section        0  tasks.o(i.vTaskDelayUntil)
    i.vTaskMissedYield                       0x080058dc   Section        0  tasks.o(i.vTaskMissedYield)
    i.vTaskPlaceOnEventList                  0x080058e8   Section        0  tasks.o(i.vTaskPlaceOnEventList)
    i.vTaskSetTimeOutState                   0x08005918   Section        0  tasks.o(i.vTaskSetTimeOutState)
    i.vTaskStartScheduler                    0x0800593c   Section        0  tasks.o(i.vTaskStartScheduler)
    i.vTaskSuspendAll                        0x080059a4   Section        0  tasks.o(i.vTaskSuspendAll)
    i.vTaskSwitchContext                     0x080059b4   Section        0  tasks.o(i.vTaskSwitchContext)
    i.xPortStartScheduler                    0x08005a10   Section        0  port.o(i.xPortStartScheduler)
    i.xPortSysTickHandler                    0x08005af0   Section        0  port.o(i.xPortSysTickHandler)
    i.xQueueGenericCreate                    0x08005b1c   Section        0  queue.o(i.xQueueGenericCreate)
    i.xQueueGenericReset                     0x08005b64   Section        0  queue.o(i.xQueueGenericReset)
    i.xQueueGenericSend                      0x08005bec   Section        0  queue.o(i.xQueueGenericSend)
    i.xTaskCheckForTimeOut                   0x08005d4c   Section        0  tasks.o(i.xTaskCheckForTimeOut)
    i.xTaskCreate                            0x08005db8   Section        0  tasks.o(i.xTaskCreate)
    i.xTaskGetSchedulerState                 0x08005e10   Section        0  tasks.o(i.xTaskGetSchedulerState)
    i.xTaskGetTickCount                      0x08005e2c   Section        0  tasks.o(i.xTaskGetTickCount)
    i.xTaskGetTickCountFromISR               0x08005e38   Section        0  tasks.o(i.xTaskGetTickCountFromISR)
    i.xTaskIncrementTick                     0x08005e48   Section        0  tasks.o(i.xTaskIncrementTick)
    i.xTaskPriorityDisinherit                0x08005f10   Section        0  tasks.o(i.xTaskPriorityDisinherit)
    i.xTaskRemoveFromEventList               0x08005fa8   Section        0  tasks.o(i.xTaskRemoveFromEventList)
    i.xTaskResumeAll                         0x0800601c   Section        0  tasks.o(i.xTaskResumeAll)
    .constdata                               0x080060e0   Section       20  bsp_imu.o(.constdata)
    .constdata                               0x080060f4   Section       40  freertos.o(.constdata)
    .constdata                               0x0800611c   Section        8  stm32f4xx_hal_dma.o(.constdata)
    flagBitshiftOffset                       0x0800611c   Data           8  stm32f4xx_hal_dma.o(.constdata)
    .constdata                               0x08006124   Section       16  system_stm32f4xx.o(.constdata)
    .constdata                               0x08006134   Section        8  system_stm32f4xx.o(.constdata)
    .constdata                               0x08006140   Section       80  asin.o(.constdata)
    pS                                       0x08006140   Data          48  asin.o(.constdata)
    qS                                       0x08006170   Data          32  asin.o(.constdata)
    .constdata                               0x08006190   Section      152  atan.o(.constdata)
    atanhi                                   0x08006190   Data          32  atan.o(.constdata)
    atanlo                                   0x080061b0   Data          32  atan.o(.constdata)
    aTodd                                    0x080061d0   Data          40  atan.o(.constdata)
    aTeven                                   0x080061f8   Data          48  atan.o(.constdata)
    .constdata                               0x08006228   Section        8  qnan.o(.constdata)
    .conststring                             0x08006230   Section       30  freertos.o(.conststring)
    .data                                    0x20000000   Section        9  bsp_can.o(.data)
    i                                        0x20000000   Data           1  bsp_can.o(.data)
    .data                                    0x2000000c   Section       96  bsp_imu.o(.data)
    tx                                       0x2000000c   Data           1  bsp_imu.o(.data)
    rx                                       0x2000000d   Data           1  bsp_imu.o(.data)
    gx                                       0x2000002c   Data           4  bsp_imu.o(.data)
    gy                                       0x20000030   Data           4  bsp_imu.o(.data)
    gz                                       0x20000034   Data           4  bsp_imu.o(.data)
    ax                                       0x20000038   Data           4  bsp_imu.o(.data)
    ay                                       0x2000003c   Data           4  bsp_imu.o(.data)
    az                                       0x20000040   Data           4  bsp_imu.o(.data)
    mx                                       0x20000044   Data           4  bsp_imu.o(.data)
    my                                       0x20000048   Data           4  bsp_imu.o(.data)
    mz                                       0x2000004c   Data           4  bsp_imu.o(.data)
    tx_buff                                  0x2000005e   Data          14  bsp_imu.o(.data)
    .data                                    0x2000006c   Section        4  can.o(.data)
    HAL_RCC_CAN1_CLK_ENABLED                 0x2000006c   Data           4  can.o(.data)
    .data                                    0x20000070   Section       12  freertos.o(.data)
    .data                                    0x2000007c   Section       12  stm32f4xx_hal.o(.data)
    .data                                    0x20000088   Section        4  system_stm32f4xx.o(.data)
    .data                                    0x2000008c   Section       24  heap_4.o(.data)
    pxEnd                                    0x2000008c   Data           4  heap_4.o(.data)
    xFreeBytesRemaining                      0x20000090   Data           4  heap_4.o(.data)
    xMinimumEverFreeBytesRemaining           0x20000094   Data           4  heap_4.o(.data)
    xBlockAllocatedBit                       0x20000098   Data           4  heap_4.o(.data)
    xStart                                   0x2000009c   Data           8  heap_4.o(.data)
    .data                                    0x200000a4   Section       12  port.o(.data)
    ucMaxSysCallPriority                     0x200000a4   Data           1  port.o(.data)
    uxCriticalNesting                        0x200000a8   Data           4  port.o(.data)
    ulMaxPRIGROUPValue                       0x200000ac   Data           4  port.o(.data)
    .data                                    0x200000b0   Section       60  tasks.o(.data)
    uxDeletedTasksWaitingCleanUp             0x200000b4   Data           4  tasks.o(.data)
    uxCurrentNumberOfTasks                   0x200000b8   Data           4  tasks.o(.data)
    xTickCount                               0x200000bc   Data           4  tasks.o(.data)
    uxTopReadyPriority                       0x200000c0   Data           4  tasks.o(.data)
    xSchedulerRunning                        0x200000c4   Data           4  tasks.o(.data)
    uxPendedTicks                            0x200000c8   Data           4  tasks.o(.data)
    xYieldPending                            0x200000cc   Data           4  tasks.o(.data)
    xNumOfOverflows                          0x200000d0   Data           4  tasks.o(.data)
    uxTaskNumber                             0x200000d4   Data           4  tasks.o(.data)
    xNextTaskUnblockTime                     0x200000d8   Data           4  tasks.o(.data)
    xIdleTaskHandle                          0x200000dc   Data           4  tasks.o(.data)
    uxSchedulerSuspended                     0x200000e0   Data           4  tasks.o(.data)
    pxDelayedTaskList                        0x200000e4   Data           4  tasks.o(.data)
    pxOverflowDelayedTaskList                0x200000e8   Data           4  tasks.o(.data)
    .data                                    0x200000ec   Section       12  ctrl_task.o(.data)
    .data                                    0x200000f8   Section        4  errno.o(.data)
    _errno                                   0x200000f8   Data           4  errno.o(.data)
    .bss                                     0x200000fc   Section      240  bsp_can.o(.bss)
    .bss                                     0x200001ec   Section       28  bsp_uart.o(.bss)
    .bss                                     0x20000208   Section       98  bsp_imu.o(.bss)
    .bss                                     0x2000026c   Section       80  can.o(.bss)
    .bss                                     0x200002bc   Section       88  spi.o(.bss)
    .bss                                     0x20000314   Section       60  tim.o(.bss)
    .bss                                     0x20000350   Section      224  usart.o(.bss)
    .bss                                     0x20000430   Section    15360  heap_4.o(.bss)
    ucHeap                                   0x20000430   Data       15360  heap_4.o(.bss)
    .bss                                     0x20004030   Section      240  tasks.o(.bss)
    pxReadyTasksLists                        0x20004030   Data         140  tasks.o(.bss)
    xDelayedTaskList1                        0x200040bc   Data          20  tasks.o(.bss)
    xDelayedTaskList2                        0x200040d0   Data          20  tasks.o(.bss)
    xPendingReadyList                        0x200040e4   Data          20  tasks.o(.bss)
    xTasksWaitingTermination                 0x200040f8   Data          20  tasks.o(.bss)
    xSuspendedTaskList                       0x2000410c   Data          20  tasks.o(.bss)
    .bss                                     0x20004120   Section       36  ctrl_task.o(.bss)
    .bss                                     0x20004144   Section      304  pid.o(.bss)
    .bss                                     0x20004274   Section       76  pid.o(.bss)
    .bss                                     0x200042c0   Section       76  pid.o(.bss)
    STACK                                    0x20004310   Section     4096  startup_stm32f427xx.o(STACK)

    Global Symbols

    Symbol Name                              Value     Ov Type        Size  Object(Section)

    BuildAttributes$$THM_ISAv4$E$P$D$K$B$S$7EM$VFPi3$EXTD16$VFPS$VFMA$PE$A:L22UL41UL21$X:L11$S22US41US21$IEEE1$IW$USESV6$~STKCKD$USESV7$~SHL$OTIME$ROPI$IEEEX$EBA8$MICROLIB$REQ8$PRES8$EABIv2 0x00000000   Number         0  anon$$obj.o ABSOLUTE
    __ARM_use_no_argv                        0x00000000   Number         0  main.o ABSOLUTE
    __use_no_errno                           0x00000000   Number         0  useno.o ABSOLUTE
    __use_no_exception_handling              0x00000000   Number         0  useno.o ABSOLUTE
    __use_no_fp                              0x00000000   Number         0  useno.o ABSOLUTE
    __use_no_heap                            0x00000000   Number         0  useno.o ABSOLUTE
    __use_no_heap_region                     0x00000000   Number         0  useno.o ABSOLUTE
    __use_no_semihosting                     0x00000000   Number         0  useno.o ABSOLUTE
    __use_no_semihosting_swi                 0x00000000   Number         0  useno.o ABSOLUTE
    __use_no_signal_handling                 0x00000000   Number         0  useno.o ABSOLUTE
    __cpp_initialize__aeabi_                  - Undefined Weak Reference
    __cxa_finalize                            - Undefined Weak Reference
    __decompress                              - Undefined Weak Reference
    _clock_init                               - Undefined Weak Reference
    _microlib_exit                            - Undefined Weak Reference
    __Vectors_Size                           0x000001ac   Number         0  startup_stm32f427xx.o ABSOLUTE
    __Vectors                                0x08000000   Data           4  startup_stm32f427xx.o(RESET)
    __Vectors_End                            0x080001ac   Data           0  startup_stm32f427xx.o(RESET)
    __main                                   0x080001ad   Thumb Code     0  entry.o(.ARM.Collect$$$$00000000)
    _main_stk                                0x080001ad   Thumb Code     0  entry2.o(.ARM.Collect$$$$00000001)
    _main_scatterload                        0x080001b1   Thumb Code     0  entry5.o(.ARM.Collect$$$$00000004)
    __main_after_scatterload                 0x080001b5   Thumb Code     0  entry5.o(.ARM.Collect$$$$00000004)
    _main_clock                              0x080001b5   Thumb Code     0  entry7b.o(.ARM.Collect$$$$00000008)
    _main_cpp_init                           0x080001b5   Thumb Code     0  entry8b.o(.ARM.Collect$$$$0000000A)
    _main_init                               0x080001b5   Thumb Code     0  entry9a.o(.ARM.Collect$$$$0000000B)
    __rt_final_cpp                           0x080001bd   Thumb Code     0  entry10a.o(.ARM.Collect$$$$0000000D)
    __rt_final_exit                          0x080001bd   Thumb Code     0  entry11a.o(.ARM.Collect$$$$0000000F)
    SVC_Handler                              0x080001c1   Thumb Code    28  port.o(.emb_text)
    __asm___6_port_c_39a90d8d__prvStartFirstTask 0x080001e1   Thumb Code    28  port.o(.emb_text)
    __asm___6_port_c_39a90d8d__prvEnableVFP  0x08000201   Thumb Code    16  port.o(.emb_text)
    PendSV_Handler                           0x08000215   Thumb Code    92  port.o(.emb_text)
    vPortGetIPSR                             0x08000275   Thumb Code     6  port.o(.emb_text)
    Reset_Handler                            0x0800027d   Thumb Code     8  startup_stm32f427xx.o(.text)
    ADC_IRQHandler                           0x08000297   Thumb Code     0  startup_stm32f427xx.o(.text)
    CAN1_RX1_IRQHandler                      0x08000297   Thumb Code     0  startup_stm32f427xx.o(.text)
    CAN1_SCE_IRQHandler                      0x08000297   Thumb Code     0  startup_stm32f427xx.o(.text)
    CAN2_RX0_IRQHandler                      0x08000297   Thumb Code     0  startup_stm32f427xx.o(.text)
    CAN2_SCE_IRQHandler                      0x08000297   Thumb Code     0  startup_stm32f427xx.o(.text)
    DCMI_IRQHandler                          0x08000297   Thumb Code     0  startup_stm32f427xx.o(.text)
    DMA1_Stream0_IRQHandler                  0x08000297   Thumb Code     0  startup_stm32f427xx.o(.text)
    DMA1_Stream1_IRQHandler                  0x08000297   Thumb Code     0  startup_stm32f427xx.o(.text)
    DMA1_Stream2_IRQHandler                  0x08000297   Thumb Code     0  startup_stm32f427xx.o(.text)
    DMA1_Stream3_IRQHandler                  0x08000297   Thumb Code     0  startup_stm32f427xx.o(.text)
    DMA1_Stream4_IRQHandler                  0x08000297   Thumb Code     0  startup_stm32f427xx.o(.text)
    DMA1_Stream5_IRQHandler                  0x08000297   Thumb Code     0  startup_stm32f427xx.o(.text)
    DMA1_Stream6_IRQHandler                  0x08000297   Thumb Code     0  startup_stm32f427xx.o(.text)
    DMA1_Stream7_IRQHandler                  0x08000297   Thumb Code     0  startup_stm32f427xx.o(.text)
    DMA2D_IRQHandler                         0x08000297   Thumb Code     0  startup_stm32f427xx.o(.text)
    DMA2_Stream0_IRQHandler                  0x08000297   Thumb Code     0  startup_stm32f427xx.o(.text)
    DMA2_Stream1_IRQHandler                  0x08000297   Thumb Code     0  startup_stm32f427xx.o(.text)
    DMA2_Stream3_IRQHandler                  0x08000297   Thumb Code     0  startup_stm32f427xx.o(.text)
    DMA2_Stream4_IRQHandler                  0x08000297   Thumb Code     0  startup_stm32f427xx.o(.text)
    DMA2_Stream5_IRQHandler                  0x08000297   Thumb Code     0  startup_stm32f427xx.o(.text)
    DMA2_Stream6_IRQHandler                  0x08000297   Thumb Code     0  startup_stm32f427xx.o(.text)
    DMA2_Stream7_IRQHandler                  0x08000297   Thumb Code     0  startup_stm32f427xx.o(.text)
    ETH_IRQHandler                           0x08000297   Thumb Code     0  startup_stm32f427xx.o(.text)
    ETH_WKUP_IRQHandler                      0x08000297   Thumb Code     0  startup_stm32f427xx.o(.text)
    EXTI0_IRQHandler                         0x08000297   Thumb Code     0  startup_stm32f427xx.o(.text)
    EXTI15_10_IRQHandler                     0x08000297   Thumb Code     0  startup_stm32f427xx.o(.text)
    EXTI1_IRQHandler                         0x08000297   Thumb Code     0  startup_stm32f427xx.o(.text)
    EXTI2_IRQHandler                         0x08000297   Thumb Code     0  startup_stm32f427xx.o(.text)
    EXTI3_IRQHandler                         0x08000297   Thumb Code     0  startup_stm32f427xx.o(.text)
    EXTI4_IRQHandler                         0x08000297   Thumb Code     0  startup_stm32f427xx.o(.text)
    FLASH_IRQHandler                         0x08000297   Thumb Code     0  startup_stm32f427xx.o(.text)
    FMC_IRQHandler                           0x08000297   Thumb Code     0  startup_stm32f427xx.o(.text)
    FPU_IRQHandler                           0x08000297   Thumb Code     0  startup_stm32f427xx.o(.text)
    HASH_RNG_IRQHandler                      0x08000297   Thumb Code     0  startup_stm32f427xx.o(.text)
    I2C1_ER_IRQHandler                       0x08000297   Thumb Code     0  startup_stm32f427xx.o(.text)
    I2C1_EV_IRQHandler                       0x08000297   Thumb Code     0  startup_stm32f427xx.o(.text)
    I2C2_ER_IRQHandler                       0x08000297   Thumb Code     0  startup_stm32f427xx.o(.text)
    I2C2_EV_IRQHandler                       0x08000297   Thumb Code     0  startup_stm32f427xx.o(.text)
    I2C3_ER_IRQHandler                       0x08000297   Thumb Code     0  startup_stm32f427xx.o(.text)
    I2C3_EV_IRQHandler                       0x08000297   Thumb Code     0  startup_stm32f427xx.o(.text)
    OTG_FS_IRQHandler                        0x08000297   Thumb Code     0  startup_stm32f427xx.o(.text)
    OTG_FS_WKUP_IRQHandler                   0x08000297   Thumb Code     0  startup_stm32f427xx.o(.text)
    OTG_HS_EP1_IN_IRQHandler                 0x08000297   Thumb Code     0  startup_stm32f427xx.o(.text)
    OTG_HS_EP1_OUT_IRQHandler                0x08000297   Thumb Code     0  startup_stm32f427xx.o(.text)
    OTG_HS_IRQHandler                        0x08000297   Thumb Code     0  startup_stm32f427xx.o(.text)
    OTG_HS_WKUP_IRQHandler                   0x08000297   Thumb Code     0  startup_stm32f427xx.o(.text)
    PVD_IRQHandler                           0x08000297   Thumb Code     0  startup_stm32f427xx.o(.text)
    RCC_IRQHandler                           0x08000297   Thumb Code     0  startup_stm32f427xx.o(.text)
    RTC_Alarm_IRQHandler                     0x08000297   Thumb Code     0  startup_stm32f427xx.o(.text)
    RTC_WKUP_IRQHandler                      0x08000297   Thumb Code     0  startup_stm32f427xx.o(.text)
    SAI1_IRQHandler                          0x08000297   Thumb Code     0  startup_stm32f427xx.o(.text)
    SDIO_IRQHandler                          0x08000297   Thumb Code     0  startup_stm32f427xx.o(.text)
    SPI1_IRQHandler                          0x08000297   Thumb Code     0  startup_stm32f427xx.o(.text)
    SPI2_IRQHandler                          0x08000297   Thumb Code     0  startup_stm32f427xx.o(.text)
    SPI3_IRQHandler                          0x08000297   Thumb Code     0  startup_stm32f427xx.o(.text)
    SPI4_IRQHandler                          0x08000297   Thumb Code     0  startup_stm32f427xx.o(.text)
    SPI6_IRQHandler                          0x08000297   Thumb Code     0  startup_stm32f427xx.o(.text)
    TAMP_STAMP_IRQHandler                    0x08000297   Thumb Code     0  startup_stm32f427xx.o(.text)
    TIM1_BRK_TIM9_IRQHandler                 0x08000297   Thumb Code     0  startup_stm32f427xx.o(.text)
    TIM1_CC_IRQHandler                       0x08000297   Thumb Code     0  startup_stm32f427xx.o(.text)
    TIM1_TRG_COM_TIM11_IRQHandler            0x08000297   Thumb Code     0  startup_stm32f427xx.o(.text)
    TIM1_UP_TIM10_IRQHandler                 0x08000297   Thumb Code     0  startup_stm32f427xx.o(.text)
    TIM2_IRQHandler                          0x08000297   Thumb Code     0  startup_stm32f427xx.o(.text)
    TIM3_IRQHandler                          0x08000297   Thumb Code     0  startup_stm32f427xx.o(.text)
    TIM4_IRQHandler                          0x08000297   Thumb Code     0  startup_stm32f427xx.o(.text)
    TIM5_IRQHandler                          0x08000297   Thumb Code     0  startup_stm32f427xx.o(.text)
    TIM6_DAC_IRQHandler                      0x08000297   Thumb Code     0  startup_stm32f427xx.o(.text)
    TIM7_IRQHandler                          0x08000297   Thumb Code     0  startup_stm32f427xx.o(.text)
    TIM8_BRK_TIM12_IRQHandler                0x08000297   Thumb Code     0  startup_stm32f427xx.o(.text)
    TIM8_CC_IRQHandler                       0x08000297   Thumb Code     0  startup_stm32f427xx.o(.text)
    TIM8_TRG_COM_TIM14_IRQHandler            0x08000297   Thumb Code     0  startup_stm32f427xx.o(.text)
    TIM8_UP_TIM13_IRQHandler                 0x08000297   Thumb Code     0  startup_stm32f427xx.o(.text)
    UART4_IRQHandler                         0x08000297   Thumb Code     0  startup_stm32f427xx.o(.text)
    UART5_IRQHandler                         0x08000297   Thumb Code     0  startup_stm32f427xx.o(.text)
    UART7_IRQHandler                         0x08000297   Thumb Code     0  startup_stm32f427xx.o(.text)
    UART8_IRQHandler                         0x08000297   Thumb Code     0  startup_stm32f427xx.o(.text)
    USART2_IRQHandler                        0x08000297   Thumb Code     0  startup_stm32f427xx.o(.text)
    USART3_IRQHandler                        0x08000297   Thumb Code     0  startup_stm32f427xx.o(.text)
    WWDG_IRQHandler                          0x08000297   Thumb Code     0  startup_stm32f427xx.o(.text)
    __aeabi_uldivmod                         0x080002a1   Thumb Code    98  uldiv.o(.text)
    __aeabi_memcpy                           0x08000303   Thumb Code    36  memcpya.o(.text)
    __aeabi_memcpy4                          0x08000303   Thumb Code     0  memcpya.o(.text)
    __aeabi_memcpy8                          0x08000303   Thumb Code     0  memcpya.o(.text)
    __aeabi_memset                           0x08000327   Thumb Code    14  memseta.o(.text)
    __aeabi_memset4                          0x08000327   Thumb Code     0  memseta.o(.text)
    __aeabi_memset8                          0x08000327   Thumb Code     0  memseta.o(.text)
    __aeabi_memclr                           0x08000335   Thumb Code     4  memseta.o(.text)
    __aeabi_memclr4                          0x08000335   Thumb Code     0  memseta.o(.text)
    __aeabi_memclr8                          0x08000335   Thumb Code     0  memseta.o(.text)
    _memset$wrapper                          0x08000339   Thumb Code    18  memseta.o(.text)
    __aeabi_dmul                             0x0800034b   Thumb Code   228  dmul.o(.text)
    __aeabi_i2d                              0x0800042f   Thumb Code    34  dflti.o(.text)
    __aeabi_f2d                              0x08000451   Thumb Code    38  f2d.o(.text)
    __aeabi_cdrcmple                         0x08000479   Thumb Code    48  cdrcmple.o(.text)
    __aeabi_d2f                              0x080004a9   Thumb Code    56  d2f.o(.text)
    __aeabi_llsl                             0x080004e1   Thumb Code    30  llshl.o(.text)
    _ll_shift_l                              0x080004e1   Thumb Code     0  llshl.o(.text)
    __aeabi_llsr                             0x080004ff   Thumb Code    32  llushr.o(.text)
    _ll_ushift_r                             0x080004ff   Thumb Code     0  llushr.o(.text)
    __I$use$fp                               0x0800051f   Thumb Code     0  iusefp.o(.text)
    _float_round                             0x0800051f   Thumb Code    18  fepilogue.o(.text)
    _float_epilogue                          0x08000531   Thumb Code    92  fepilogue.o(.text)
    _double_round                            0x0800058d   Thumb Code    30  depilogue.o(.text)
    _double_epilogue                         0x080005ab   Thumb Code   156  depilogue.o(.text)
    __aeabi_dadd                             0x08000647   Thumb Code   322  dadd.o(.text)
    __aeabi_dsub                             0x08000789   Thumb Code     6  dadd.o(.text)
    __aeabi_drsub                            0x0800078f   Thumb Code     6  dadd.o(.text)
    __aeabi_ddiv                             0x08000795   Thumb Code   222  ddiv.o(.text)
    _dsqrt                                   0x08000873   Thumb Code   162  dsqrt.o(.text)
    __scatterload                            0x08000915   Thumb Code    28  init.o(.text)
    __scatterload_rt2                        0x08000915   Thumb Code     0  init.o(.text)
    __aeabi_lasr                             0x08000939   Thumb Code    36  llsshr.o(.text)
    _ll_sshift_r                             0x08000939   Thumb Code     0  llsshr.o(.text)
    BusFault_Handler                         0x0800095d   Thumb Code     2  stm32f4xx_it.o(i.BusFault_Handler)
    CAN1_RX0_IRQHandler                      0x08000961   Thumb Code     6  stm32f4xx_it.o(i.CAN1_RX0_IRQHandler)
    CAN1_TX_IRQHandler                       0x0800096d   Thumb Code     6  stm32f4xx_it.o(i.CAN1_TX_IRQHandler)
    CAN2_RX1_IRQHandler                      0x08000979   Thumb Code     6  stm32f4xx_it.o(i.CAN2_RX1_IRQHandler)
    CAN2_TX_IRQHandler                       0x08000985   Thumb Code     6  stm32f4xx_it.o(i.CAN2_TX_IRQHandler)
    DMA2_Stream2_IRQHandler                  0x08000991   Thumb Code     6  stm32f4xx_it.o(i.DMA2_Stream2_IRQHandler)
    DebugMon_Handler                         0x08000a41   Thumb Code     2  stm32f4xx_it.o(i.DebugMon_Handler)
    EXTI9_5_IRQHandler                       0x08000a43   Thumb Code     8  stm32f4xx_it.o(i.EXTI9_5_IRQHandler)
    HAL_CAN_ActivateNotification             0x08000a4b   Thumb Code    40  stm32f4xx_hal_can.o(i.HAL_CAN_ActivateNotification)
    HAL_CAN_AddTxMessage                     0x08000a73   Thumb Code   200  stm32f4xx_hal_can.o(i.HAL_CAN_AddTxMessage)
    HAL_CAN_ConfigFilter                     0x08000b3d   Thumb Code   262  stm32f4xx_hal_can.o(i.HAL_CAN_ConfigFilter)
    HAL_CAN_ErrorCallback                    0x08000c49   Thumb Code    12  bsp_can.o(i.HAL_CAN_ErrorCallback)
    HAL_CAN_GetRxMessage                     0x08000c55   Thumb Code   250  stm32f4xx_hal_can.o(i.HAL_CAN_GetRxMessage)
    HAL_CAN_GetTxMailboxesFreeLevel          0x08000d4f   Thumb Code    48  stm32f4xx_hal_can.o(i.HAL_CAN_GetTxMailboxesFreeLevel)
    HAL_CAN_IRQHandler                       0x08000d7f   Thumb Code   508  stm32f4xx_hal_can.o(i.HAL_CAN_IRQHandler)
    HAL_CAN_Init                             0x08000f7b   Thumb Code   282  stm32f4xx_hal_can.o(i.HAL_CAN_Init)
    HAL_CAN_MspInit                          0x08001095   Thumb Code   200  can.o(i.HAL_CAN_MspInit)
    HAL_CAN_RxFifo0FullCallback              0x08001175   Thumb Code     2  stm32f4xx_hal_can.o(i.HAL_CAN_RxFifo0FullCallback)
    HAL_CAN_RxFifo0MsgPendingCallback        0x08001179   Thumb Code   114  bsp_can.o(i.HAL_CAN_RxFifo0MsgPendingCallback)
    HAL_CAN_RxFifo1FullCallback              0x08001211   Thumb Code     2  stm32f4xx_hal_can.o(i.HAL_CAN_RxFifo1FullCallback)
    HAL_CAN_RxFifo1MsgPendingCallback        0x08001213   Thumb Code     2  stm32f4xx_hal_can.o(i.HAL_CAN_RxFifo1MsgPendingCallback)
    HAL_CAN_SleepCallback                    0x08001215   Thumb Code     2  stm32f4xx_hal_can.o(i.HAL_CAN_SleepCallback)
    HAL_CAN_Start                            0x08001219   Thumb Code    88  stm32f4xx_hal_can.o(i.HAL_CAN_Start)
    HAL_CAN_TxMailbox0AbortCallback          0x08001271   Thumb Code     2  stm32f4xx_hal_can.o(i.HAL_CAN_TxMailbox0AbortCallback)
    HAL_CAN_TxMailbox0CompleteCallback       0x08001273   Thumb Code     2  stm32f4xx_hal_can.o(i.HAL_CAN_TxMailbox0CompleteCallback)
    HAL_CAN_TxMailbox1AbortCallback          0x08001275   Thumb Code     2  stm32f4xx_hal_can.o(i.HAL_CAN_TxMailbox1AbortCallback)
    HAL_CAN_TxMailbox1CompleteCallback       0x08001277   Thumb Code     2  stm32f4xx_hal_can.o(i.HAL_CAN_TxMailbox1CompleteCallback)
    HAL_CAN_TxMailbox2AbortCallback          0x08001279   Thumb Code     2  stm32f4xx_hal_can.o(i.HAL_CAN_TxMailbox2AbortCallback)
    HAL_CAN_TxMailbox2CompleteCallback       0x0800127b   Thumb Code     2  stm32f4xx_hal_can.o(i.HAL_CAN_TxMailbox2CompleteCallback)
    HAL_CAN_WakeUpFromRxMsgCallback          0x0800127d   Thumb Code     2  stm32f4xx_hal_can.o(i.HAL_CAN_WakeUpFromRxMsgCallback)
    HAL_DMA_Abort_IT                         0x0800127f   Thumb Code    36  stm32f4xx_hal_dma.o(i.HAL_DMA_Abort_IT)
    HAL_DMA_IRQHandler                       0x080012a5   Thumb Code   412  stm32f4xx_hal_dma.o(i.HAL_DMA_IRQHandler)
    HAL_DMA_Init                             0x08001445   Thumb Code   206  stm32f4xx_hal_dma.o(i.HAL_DMA_Init)
    HAL_DMA_Start                            0x08001519   Thumb Code    70  stm32f4xx_hal_dma.o(i.HAL_DMA_Start)
    HAL_Delay                                0x08001561   Thumb Code    32  stm32f4xx_hal.o(i.HAL_Delay)
    HAL_GPIO_EXTI_Callback                   0x08001585   Thumb Code     2  stm32f4xx_hal_gpio.o(i.HAL_GPIO_EXTI_Callback)
    HAL_GPIO_EXTI_IRQHandler                 0x08001589   Thumb Code    18  stm32f4xx_hal_gpio.o(i.HAL_GPIO_EXTI_IRQHandler)
    HAL_GPIO_Init                            0x080015a1   Thumb Code   408  stm32f4xx_hal_gpio.o(i.HAL_GPIO_Init)
    HAL_GPIO_WritePin                        0x0800176d   Thumb Code    10  stm32f4xx_hal_gpio.o(i.HAL_GPIO_WritePin)
    HAL_GetTick                              0x08001779   Thumb Code     6  stm32f4xx_hal.o(i.HAL_GetTick)
    HAL_IncTick                              0x08001785   Thumb Code    12  stm32f4xx_hal.o(i.HAL_IncTick)
    HAL_Init                                 0x08001795   Thumb Code    48  stm32f4xx_hal.o(i.HAL_Init)
    HAL_InitTick                             0x080017c9   Thumb Code    54  stm32f4xx_hal.o(i.HAL_InitTick)
    HAL_MspInit                              0x08001809   Thumb Code   126  stm32f4xx_hal_msp.o(i.HAL_MspInit)
    HAL_NVIC_EnableIRQ                       0x0800188d   Thumb Code    22  stm32f4xx_hal_cortex.o(i.HAL_NVIC_EnableIRQ)
    HAL_NVIC_SetPriority                     0x080018a5   Thumb Code    60  stm32f4xx_hal_cortex.o(i.HAL_NVIC_SetPriority)
    HAL_NVIC_SetPriorityGrouping             0x080018e5   Thumb Code    26  stm32f4xx_hal_cortex.o(i.HAL_NVIC_SetPriorityGrouping)
    HAL_PWREx_EnableOverDrive                0x08001909   Thumb Code    98  stm32f4xx_hal_pwr_ex.o(i.HAL_PWREx_EnableOverDrive)
    HAL_RCC_ClockConfig                      0x08001979   Thumb Code   286  stm32f4xx_hal_rcc.o(i.HAL_RCC_ClockConfig)
    HAL_RCC_GetHCLKFreq                      0x08001aa9   Thumb Code     6  stm32f4xx_hal_rcc.o(i.HAL_RCC_GetHCLKFreq)
    HAL_RCC_GetPCLK1Freq                     0x08001ab5   Thumb Code    20  stm32f4xx_hal_rcc.o(i.HAL_RCC_GetPCLK1Freq)
    HAL_RCC_GetPCLK2Freq                     0x08001ad5   Thumb Code    20  stm32f4xx_hal_rcc.o(i.HAL_RCC_GetPCLK2Freq)
    HAL_RCC_GetSysClockFreq                  0x08001af5   Thumb Code    88  stm32f4xx_hal_rcc.o(i.HAL_RCC_GetSysClockFreq)
    HAL_RCC_OscConfig                        0x08001b59   Thumb Code   770  stm32f4xx_hal_rcc.o(i.HAL_RCC_OscConfig)
    HAL_SPI_ErrorCallback                    0x08001e75   Thumb Code     2  stm32f4xx_hal_spi.o(i.HAL_SPI_ErrorCallback)
    HAL_SPI_IRQHandler                       0x08001e79   Thumb Code   208  stm32f4xx_hal_spi.o(i.HAL_SPI_IRQHandler)
    HAL_SPI_Init                             0x08001f4d   Thumb Code   128  stm32f4xx_hal_spi.o(i.HAL_SPI_Init)
    HAL_SPI_MspInit                          0x08001fcd   Thumb Code    80  spi.o(i.HAL_SPI_MspInit)
    HAL_SPI_TransmitReceive                  0x08002029   Thumb Code   472  stm32f4xx_hal_spi.o(i.HAL_SPI_TransmitReceive)
    HAL_SYSTICK_CLKSourceConfig              0x08002201   Thumb Code    24  stm32f4xx_hal_cortex.o(i.HAL_SYSTICK_CLKSourceConfig)
    HAL_SYSTICK_Config                       0x08002219   Thumb Code    40  stm32f4xx_hal_cortex.o(i.HAL_SYSTICK_Config)
    HAL_TIM_MspPostInit                      0x08002241   Thumb Code    42  tim.o(i.HAL_TIM_MspPostInit)
    HAL_TIM_PWM_ConfigChannel                0x08002275   Thumb Code   208  stm32f4xx_hal_tim.o(i.HAL_TIM_PWM_ConfigChannel)
    HAL_TIM_PWM_Init                         0x08002345   Thumb Code    54  stm32f4xx_hal_tim.o(i.HAL_TIM_PWM_Init)
    HAL_TIM_PWM_MspInit                      0x0800237d   Thumb Code    30  tim.o(i.HAL_TIM_PWM_MspInit)
    HAL_TIM_PWM_Start                        0x080023a5   Thumb Code    48  stm32f4xx_hal_tim.o(i.HAL_TIM_PWM_Start)
    HAL_UART_ErrorCallback                   0x080023dd   Thumb Code     2  stm32f4xx_hal_uart.o(i.HAL_UART_ErrorCallback)
    HAL_UART_IRQHandler                      0x080023e1   Thumb Code   266  stm32f4xx_hal_uart.o(i.HAL_UART_IRQHandler)
    HAL_UART_Init                            0x080024f1   Thumb Code    98  stm32f4xx_hal_uart.o(i.HAL_UART_Init)
    HAL_UART_MspInit                         0x08002555   Thumb Code   194  usart.o(i.HAL_UART_MspInit)
    HAL_UART_RxCpltCallback                  0x08002645   Thumb Code     2  stm32f4xx_hal_uart.o(i.HAL_UART_RxCpltCallback)
    HAL_UART_TxCpltCallback                  0x08002647   Thumb Code     2  stm32f4xx_hal_uart.o(i.HAL_UART_TxCpltCallback)
    HardFault_Handler                        0x08002649   Thumb Code     2  stm32f4xx_it.o(i.HardFault_Handler)
    MX_CAN1_Init                             0x0800264d   Thumb Code    64  can.o(i.MX_CAN1_Init)
    MX_CAN2_Init                             0x080026a5   Thumb Code    64  can.o(i.MX_CAN2_Init)
    MX_DMA_Init                              0x080026fd   Thumb Code    40  dma.o(i.MX_DMA_Init)
    MX_FREERTOS_Init                         0x08002729   Thumb Code    66  freertos.o(i.MX_FREERTOS_Init)
    MX_GPIO_Init                             0x08002775   Thumb Code   284  gpio.o(i.MX_GPIO_Init)
    MX_SPI5_Init                             0x080028a9   Thumb Code    66  spi.o(i.MX_SPI5_Init)
    MX_TIM12_Init                            0x08002905   Thumb Code    80  tim.o(i.MX_TIM12_Init)
    MX_USART1_UART_Init                      0x0800296d   Thumb Code    54  usart.o(i.MX_USART1_UART_Init)
    MX_USART6_UART_Init                      0x080029c1   Thumb Code    52  usart.o(i.MX_USART6_UART_Init)
    MemManage_Handler                        0x08002a0d   Thumb Code     2  stm32f4xx_it.o(i.MemManage_Handler)
    NMI_Handler                              0x08002a0f   Thumb Code     2  stm32f4xx_it.o(i.NMI_Handler)
    PID_struct_init                          0x08002a31   Thumb Code    60  pid.o(i.PID_struct_init)
    PWM_SetDuty                              0x08002a75   Thumb Code    70  tim.o(i.PWM_SetDuty)
    SPI5_IRQHandler                          0x08002ac1   Thumb Code     6  stm32f4xx_it.o(i.SPI5_IRQHandler)
    StartDefaultTask                         0x08002b93   Thumb Code    14  freertos.o(i.StartDefaultTask)
    Start_chassis_ctrl_task                  0x08002ba1   Thumb Code   130  ctrl_task.o(i.Start_chassis_ctrl_task)
    SysTick_Handler                          0x08002c39   Thumb Code    14  stm32f4xx_it.o(i.SysTick_Handler)
    SystemClock_Config                       0x08002c49   Thumb Code   158  main.o(i.SystemClock_Config)
    SystemInit                               0x08002cf1   Thumb Code    66  system_stm32f4xx.o(i.SystemInit)
    TIM_Base_SetConfig                       0x08002d45   Thumb Code   148  stm32f4xx_hal_tim.o(i.TIM_Base_SetConfig)
    TIM_CCxChannelCmd                        0x08002e05   Thumb Code    22  stm32f4xx_hal_tim.o(i.TIM_CCxChannelCmd)
    TIM_OC2_SetConfig                        0x08002e75   Thumb Code    90  stm32f4xx_hal_tim.o(i.TIM_OC2_SetConfig)
    USART1_IRQHandler                        0x08003351   Thumb Code    18  stm32f4xx_it.o(i.USART1_IRQHandler)
    USART6_IRQHandler                        0x08003369   Thumb Code     6  stm32f4xx_it.o(i.USART6_IRQHandler)
    UsageFault_Handler                       0x08003375   Thumb Code     2  stm32f4xx_it.o(i.UsageFault_Handler)
    _Error_Handler                           0x08003377   Thumb Code     2  main.o(i._Error_Handler)
    __ARM_fpclassify                         0x08003379   Thumb Code    48  fpclassify.o(i.__ARM_fpclassify)
    __hardfp_asin                            0x080033a9   Thumb Code   770  asin.o(i.__hardfp_asin)
    __hardfp_atan                            0x08003709   Thumb Code   622  atan.o(i.__hardfp_atan)
    __hardfp_atan2                           0x080039e1   Thumb Code   432  atan2.o(i.__hardfp_atan2)
    __hardfp_fabs                            0x08003bd1   Thumb Code    20  fabs.o(i.__hardfp_fabs)
    __hardfp_sqrt                            0x08003be5   Thumb Code   122  sqrt.o(i.__hardfp_sqrt)
    __kernel_poly                            0x08003c5f   Thumb Code   248  poly.o(i.__kernel_poly)
    __mathlib_dbl_infnan                     0x08003d57   Thumb Code    20  dunder.o(i.__mathlib_dbl_infnan)
    __mathlib_dbl_infnan2                    0x08003d6b   Thumb Code    20  dunder.o(i.__mathlib_dbl_infnan2)
    __mathlib_dbl_invalid                    0x08003d81   Thumb Code    24  dunder.o(i.__mathlib_dbl_invalid)
    __mathlib_dbl_underflow                  0x08003da1   Thumb Code    24  dunder.o(i.__mathlib_dbl_underflow)
    __scatterload_copy                       0x08003dc1   Thumb Code    14  handlers.o(i.__scatterload_copy)
    __scatterload_null                       0x08003dcf   Thumb Code     2  handlers.o(i.__scatterload_null)
    __scatterload_zeroinit                   0x08003dd1   Thumb Code    14  handlers.o(i.__scatterload_zeroinit)
    __set_errno                              0x08003de1   Thumb Code     6  errno.o(i.__set_errno)
    atan                                     0x08003ded   Thumb Code    16  atan.o(i.atan)
    balance                                  0x08003dfd   Thumb Code    36  ctrl_task.o(i.balance)
    can_filter_init                          0x08003e25   Thumb Code   106  bsp_can.o(i.can_filter_init)
    chassis_param_init                       0x08003eb1   Thumb Code   148  ctrl_task.o(i.chassis_param_init)
    dbus_uart_init                           0x08003f69   Thumb Code    64  bsp_uart.o(i.dbus_uart_init)
    encoder_data_handler                     0x08003fb1   Thumb Code    96  bsp_can.o(i.encoder_data_handler)
    fabs                                     0x08004015   Thumb Code    24  fabs.o(i.fabs)
    get_moto_offset                          0x0800402d   Thumb Code    10  bsp_can.o(i.get_moto_offset)
    imu_ahrs_update                          0x08004039   Thumb Code  1194  bsp_imu.o(i.imu_ahrs_update)
    imu_attitude_update                      0x080044e5   Thumb Code   346  bsp_imu.o(i.imu_attitude_update)
    init_quaternion                          0x08004665   Thumb Code   360  bsp_imu.o(i.init_quaternion)
    inv_sqrt                                 0x08004831   Thumb Code    40  bsp_imu.o(i.inv_sqrt)
    ist8310_get_data                         0x0800485d   Thumb Code    10  bsp_imu.o(i.ist8310_get_data)
    ist8310_init                             0x08004867   Thumb Code   256  bsp_imu.o(i.ist8310_init)
    led_blink                                0x080049e1   Thumb Code    80  gpio.o(i.led_blink)
    led_off                                  0x08004a35   Thumb Code    26  gpio.o(i.led_off)
    main                                     0x08004a59   Thumb Code    78  main.o(i.main)
    mpu_device_init                          0x08004ac1   Thumb Code    90  bsp_imu.o(i.mpu_device_init)
    mpu_get_data                             0x08004b25   Thumb Code   234  bsp_imu.o(i.mpu_get_data)
    mpu_offset_call                          0x08004cb5   Thumb Code   160  bsp_imu.o(i.mpu_offset_call)
    mpu_read_byte                            0x08004d59   Thumb Code    68  bsp_imu.o(i.mpu_read_byte)
    mpu_read_bytes                           0x08004da9   Thumb Code    80  bsp_imu.o(i.mpu_read_bytes)
    mpu_set_accel_fsr                        0x08004e05   Thumb Code    10  bsp_imu.o(i.mpu_set_accel_fsr)
    mpu_set_gyro_fsr                         0x08004e0f   Thumb Code    10  bsp_imu.o(i.mpu_set_gyro_fsr)
    mpu_write_byte                           0x08004e19   Thumb Code    72  bsp_imu.o(i.mpu_write_byte)
    osDelay                                  0x08004e6d   Thumb Code    14  cmsis_os.o(i.osDelay)
    osDelayUntil                             0x08004e7b   Thumb Code    14  cmsis_os.o(i.osDelayUntil)
    osKernelStart                            0x08004e89   Thumb Code    10  cmsis_os.o(i.osKernelStart)
    osKernelSysTick                          0x08004e93   Thumb Code    24  cmsis_os.o(i.osKernelSysTick)
    osSemaphoreCreate                        0x08004eab   Thumb Code    38  cmsis_os.o(i.osSemaphoreCreate)
    osSystickHandler                         0x08004ed1   Thumb Code    20  cmsis_os.o(i.osSystickHandler)
    osThreadCreate                           0x08004ee5   Thumb Code    46  cmsis_os.o(i.osThreadCreate)
    pvPortMalloc                             0x08005355   Thumb Code   210  heap_4.o(i.pvPortMalloc)
    pxPortInitialiseStack                    0x0800542d   Thumb Code    40  port.o(i.pxPortInitialiseStack)
    rc_callback_handler                      0x08005459   Thumb Code   140  bsp_uart.o(i.rc_callback_handler)
    send_chassis_cur                         0x080054e5   Thumb Code   116  bsp_can.o(i.send_chassis_cur)
    sqrt                                     0x08005575   Thumb Code   110  sqrt.o(i.sqrt)
    uart_receive_handler                     0x080055e5   Thumb Code    86  bsp_uart.o(i.uart_receive_handler)
    uxListRemove                             0x08005645   Thumb Code    36  list.o(i.uxListRemove)
    vListInitialise                          0x08005669   Thumb Code    22  list.o(i.vListInitialise)
    vListInitialiseItem                      0x0800567f   Thumb Code     6  list.o(i.vListInitialiseItem)
    vListInsert                              0x08005685   Thumb Code    48  list.o(i.vListInsert)
    vListInsertEnd                           0x080056b5   Thumb Code    24  list.o(i.vListInsertEnd)
    vPortEnterCritical                       0x080056cd   Thumb Code    54  port.o(i.vPortEnterCritical)
    vPortExitCritical                        0x0800570d   Thumb Code    34  port.o(i.vPortExitCritical)
    vPortFree                                0x08005735   Thumb Code    88  heap_4.o(i.vPortFree)
    vPortSetupTimerInterrupt                 0x08005791   Thumb Code    26  port.o(i.vPortSetupTimerInterrupt)
    vPortValidateInterruptPriority           0x080057b1   Thumb Code    74  port.o(i.vPortValidateInterruptPriority)
    vTaskDelay                               0x08005805   Thumb Code    66  tasks.o(i.vTaskDelay)
    vTaskDelayUntil                          0x08005851   Thumb Code   132  tasks.o(i.vTaskDelayUntil)
    vTaskMissedYield                         0x080058dd   Thumb Code     8  tasks.o(i.vTaskMissedYield)
    vTaskPlaceOnEventList                    0x080058e9   Thumb Code    44  tasks.o(i.vTaskPlaceOnEventList)
    vTaskSetTimeOutState                     0x08005919   Thumb Code    30  tasks.o(i.vTaskSetTimeOutState)
    vTaskStartScheduler                      0x0800593d   Thumb Code    86  tasks.o(i.vTaskStartScheduler)
    vTaskSuspendAll                          0x080059a5   Thumb Code    10  tasks.o(i.vTaskSuspendAll)
    vTaskSwitchContext                       0x080059b5   Thumb Code    82  tasks.o(i.vTaskSwitchContext)
    xPortStartScheduler                      0x08005a11   Thumb Code   202  port.o(i.xPortStartScheduler)
    xPortSysTickHandler                      0x08005af1   Thumb Code    38  port.o(i.xPortSysTickHandler)
    xQueueGenericCreate                      0x08005b1d   Thumb Code    72  queue.o(i.xQueueGenericCreate)
    xQueueGenericReset                       0x08005b65   Thumb Code   132  queue.o(i.xQueueGenericReset)
    xQueueGenericSend                        0x08005bed   Thumb Code   346  queue.o(i.xQueueGenericSend)
    xTaskCheckForTimeOut                     0x08005d4d   Thumb Code   102  tasks.o(i.xTaskCheckForTimeOut)
    xTaskCreate                              0x08005db9   Thumb Code    86  tasks.o(i.xTaskCreate)
    xTaskGetSchedulerState                   0x08005e11   Thumb Code    22  tasks.o(i.xTaskGetSchedulerState)
    xTaskGetTickCount                        0x08005e2d   Thumb Code     6  tasks.o(i.xTaskGetTickCount)
    xTaskGetTickCountFromISR                 0x08005e39   Thumb Code    12  tasks.o(i.xTaskGetTickCountFromISR)
    xTaskIncrementTick                       0x08005e49   Thumb Code   192  tasks.o(i.xTaskIncrementTick)
    xTaskPriorityDisinherit                  0x08005f11   Thumb Code   144  tasks.o(i.xTaskPriorityDisinherit)
    xTaskRemoveFromEventList                 0x08005fa9   Thumb Code   108  tasks.o(i.xTaskRemoveFromEventList)
    xTaskResumeAll                           0x0800601d   Thumb Code   182  tasks.o(i.xTaskResumeAll)
    AHBPrescTable                            0x08006124   Data          16  system_stm32f4xx.o(.constdata)
    APBPrescTable                            0x08006134   Data           8  system_stm32f4xx.o(.constdata)
    __mathlib_zero                           0x08006228   Data           8  qnan.o(.constdata)
    Region$$Table$$Base                      0x08006250   Number         0  anon$$obj.o(Region$$Table)
    Region$$Table$$Limit                     0x08006270   Number         0  anon$$obj.o(Region$$Table)
    can1_rx_data                             0x20000001   Data           8  bsp_can.o(.data)
    id                                       0x2000000e   Data           1  bsp_imu.o(.data)
    q0                                       0x20000010   Data           4  bsp_imu.o(.data)
    q1                                       0x20000014   Data           4  bsp_imu.o(.data)
    q2                                       0x20000018   Data           4  bsp_imu.o(.data)
    q3                                       0x2000001c   Data           4  bsp_imu.o(.data)
    exInt                                    0x20000020   Data           4  bsp_imu.o(.data)
    eyInt                                    0x20000024   Data           4  bsp_imu.o(.data)
    ezInt                                    0x20000028   Data           4  bsp_imu.o(.data)
    last_update                              0x20000050   Data           4  bsp_imu.o(.data)
    now_update                               0x20000054   Data           4  bsp_imu.o(.data)
    ist_buff                                 0x20000058   Data           6  bsp_imu.o(.data)
    chassis_ctrl_TaskHandle                  0x20000070   Data           4  freertos.o(.data)
    defaultTaskHandle                        0x20000074   Data           4  freertos.o(.data)
    myBinarySem01Handle                      0x20000078   Data           4  freertos.o(.data)
    uwTickFreq                               0x2000007c   Data           1  stm32f4xx_hal.o(.data)
    uwTickPrio                               0x20000080   Data           4  stm32f4xx_hal.o(.data)
    uwTick                                   0x20000084   Data           4  stm32f4xx_hal.o(.data)
    SystemCoreClock                          0x20000088   Data           4  system_stm32f4xx.o(.data)
    pxCurrentTCB                             0x200000b0   Data           4  tasks.o(.data)
    Balance_Kp                               0x200000ec   Data           4  ctrl_task.o(.data)
    Balance_Kd                               0x200000f0   Data           4  ctrl_task.o(.data)
    temp_ctrl                                0x200000f4   Data           4  ctrl_task.o(.data)
    moto_chassis                             0x200000fc   Data         240  bsp_can.o(.bss)
    dbus_buf                                 0x200001ec   Data          18  bsp_uart.o(.bss)
    rc                                       0x200001fe   Data          10  bsp_uart.o(.bss)
    imu                                      0x20000208   Data          52  bsp_imu.o(.bss)
    mpu_buff                                 0x2000023c   Data          14  bsp_imu.o(.bss)
    mpu_data                                 0x2000024a   Data          32  bsp_imu.o(.bss)
    hcan1                                    0x2000026c   Data          40  can.o(.bss)
    hcan2                                    0x20000294   Data          40  can.o(.bss)
    hspi5                                    0x200002bc   Data          88  spi.o(.bss)
    htim12                                   0x20000314   Data          60  tim.o(.bss)
    huart1                                   0x20000350   Data          64  usart.o(.bss)
    huart6                                   0x20000390   Data          64  usart.o(.bss)
    hdma_usart1_rx                           0x200003d0   Data          96  usart.o(.bss)
    chassis                                  0x20004120   Data          36  ctrl_task.o(.bss)
    pid_spd                                  0x20004144   Data         304  pid.o(.bss)
    pid_chassis_angle                        0x20004274   Data          76  pid.o(.bss)
    pid_imu_tmp                              0x200042c0   Data          76  pid.o(.bss)
    __initial_sp                             0x20005310   Data           0  startup_stm32f427xx.o(STACK)



==============================================================================

Memory Map of the image

  Image Entry point : 0x080001ad

  Load Region LR_IROM1 (Base: 0x08000000, Size: 0x0000636c, Max: 0x00200000, ABSOLUTE)

    Execution Region ER_IROM1 (Exec base: 0x08000000, Load base: 0x08000000, Size: 0x00006270, Max: 0x00200000, ABSOLUTE)

    Exec Addr    Load Addr    Size         Type   Attr      Idx    E Section Name        Object

    0x08000000   0x08000000   0x000001ac   Data   RO            3    RESET               startup_stm32f427xx.o
    0x080001ac   0x080001ac   0x00000000   Code   RO         5378  * .ARM.Collect$$$$00000000  mc_w.l(entry.o)
    0x080001ac   0x080001ac   0x00000004   Code   RO         5432    .ARM.Collect$$$$00000001  mc_w.l(entry2.o)
    0x080001b0   0x080001b0   0x00000004   Code   RO         5435    .ARM.Collect$$$$00000004  mc_w.l(entry5.o)
    0x080001b4   0x080001b4   0x00000000   Code   RO         5437    .ARM.Collect$$$$00000008  mc_w.l(entry7b.o)
    0x080001b4   0x080001b4   0x00000000   Code   RO         5439    .ARM.Collect$$$$0000000A  mc_w.l(entry8b.o)
    0x080001b4   0x080001b4   0x00000008   Code   RO         5440    .ARM.Collect$$$$0000000B  mc_w.l(entry9a.o)
    0x080001bc   0x080001bc   0x00000000   Code   RO         5442    .ARM.Collect$$$$0000000D  mc_w.l(entry10a.o)
    0x080001bc   0x080001bc   0x00000000   Code   RO         5444    .ARM.Collect$$$$0000000F  mc_w.l(entry11a.o)
    0x080001bc   0x080001bc   0x00000004   Code   RO         5433    .ARM.Collect$$$$00002712  mc_w.l(entry2.o)
    0x080001c0   0x080001c0   0x000000ba   Code   RO         4204    .emb_text           port.o
    0x0800027a   0x0800027a   0x00000002   PAD
    0x0800027c   0x0800027c   0x00000024   Code   RO            4    .text               startup_stm32f427xx.o
    0x080002a0   0x080002a0   0x00000062   Code   RO         5381    .text               mc_w.l(uldiv.o)
    0x08000302   0x08000302   0x00000024   Code   RO         5383    .text               mc_w.l(memcpya.o)
    0x08000326   0x08000326   0x00000024   Code   RO         5385    .text               mc_w.l(memseta.o)
    0x0800034a   0x0800034a   0x000000e4   Code   RO         5389    .text               mf_w.l(dmul.o)
    0x0800042e   0x0800042e   0x00000022   Code   RO         5391    .text               mf_w.l(dflti.o)
    0x08000450   0x08000450   0x00000026   Code   RO         5393    .text               mf_w.l(f2d.o)
    0x08000476   0x08000476   0x00000002   PAD
    0x08000478   0x08000478   0x00000030   Code   RO         5395    .text               mf_w.l(cdrcmple.o)
    0x080004a8   0x080004a8   0x00000038   Code   RO         5397    .text               mf_w.l(d2f.o)
    0x080004e0   0x080004e0   0x0000001e   Code   RO         5446    .text               mc_w.l(llshl.o)
    0x080004fe   0x080004fe   0x00000020   Code   RO         5448    .text               mc_w.l(llushr.o)
    0x0800051e   0x0800051e   0x00000000   Code   RO         5457    .text               mc_w.l(iusefp.o)
    0x0800051e   0x0800051e   0x0000006e   Code   RO         5458    .text               mf_w.l(fepilogue.o)
    0x0800058c   0x0800058c   0x000000ba   Code   RO         5460    .text               mf_w.l(depilogue.o)
    0x08000646   0x08000646   0x0000014e   Code   RO         5462    .text               mf_w.l(dadd.o)
    0x08000794   0x08000794   0x000000de   Code   RO         5464    .text               mf_w.l(ddiv.o)
    0x08000872   0x08000872   0x000000a2   Code   RO         5468    .text               mf_w.l(dsqrt.o)
    0x08000914   0x08000914   0x00000024   Code   RO         5472    .text               mc_w.l(init.o)
    0x08000938   0x08000938   0x00000024   Code   RO         5474    .text               mc_w.l(llsshr.o)
    0x0800095c   0x0800095c   0x00000002   Code   RO         1033    i.BusFault_Handler  stm32f4xx_it.o
    0x0800095e   0x0800095e   0x00000002   PAD
    0x08000960   0x08000960   0x0000000c   Code   RO         1034    i.CAN1_RX0_IRQHandler  stm32f4xx_it.o
    0x0800096c   0x0800096c   0x0000000c   Code   RO         1035    i.CAN1_TX_IRQHandler  stm32f4xx_it.o
    0x08000978   0x08000978   0x0000000c   Code   RO         1036    i.CAN2_RX1_IRQHandler  stm32f4xx_it.o
    0x08000984   0x08000984   0x0000000c   Code   RO         1037    i.CAN2_TX_IRQHandler  stm32f4xx_it.o
    0x08000990   0x08000990   0x0000000c   Code   RO         1038    i.DMA2_Stream2_IRQHandler  stm32f4xx_it.o
    0x0800099c   0x0800099c   0x00000028   Code   RO         3479    i.DMA_CalcBaseAndBitshift  stm32f4xx_hal_dma.o
    0x080009c4   0x080009c4   0x00000054   Code   RO         3480    i.DMA_CheckFifoParam  stm32f4xx_hal_dma.o
    0x08000a18   0x08000a18   0x00000028   Code   RO         3481    i.DMA_SetConfig     stm32f4xx_hal_dma.o
    0x08000a40   0x08000a40   0x00000002   Code   RO         1039    i.DebugMon_Handler  stm32f4xx_it.o
    0x08000a42   0x08000a42   0x00000008   Code   RO         1040    i.EXTI9_5_IRQHandler  stm32f4xx_it.o
    0x08000a4a   0x08000a4a   0x00000028   Code   RO         1222    i.HAL_CAN_ActivateNotification  stm32f4xx_hal_can.o
    0x08000a72   0x08000a72   0x000000c8   Code   RO         1223    i.HAL_CAN_AddTxMessage  stm32f4xx_hal_can.o
    0x08000b3a   0x08000b3a   0x00000002   PAD
    0x08000b3c   0x08000b3c   0x0000010c   Code   RO         1224    i.HAL_CAN_ConfigFilter  stm32f4xx_hal_can.o
    0x08000c48   0x08000c48   0x0000000c   Code   RO           13    i.HAL_CAN_ErrorCallback  bsp_can.o
    0x08000c54   0x08000c54   0x000000fa   Code   RO         1230    i.HAL_CAN_GetRxMessage  stm32f4xx_hal_can.o
    0x08000d4e   0x08000d4e   0x00000030   Code   RO         1232    i.HAL_CAN_GetTxMailboxesFreeLevel  stm32f4xx_hal_can.o
    0x08000d7e   0x08000d7e   0x000001fc   Code   RO         1234    i.HAL_CAN_IRQHandler  stm32f4xx_hal_can.o
    0x08000f7a   0x08000f7a   0x0000011a   Code   RO         1235    i.HAL_CAN_Init      stm32f4xx_hal_can.o
    0x08001094   0x08001094   0x000000e0   Code   RO          748    i.HAL_CAN_MspInit   can.o
    0x08001174   0x08001174   0x00000002   Code   RO         1242    i.HAL_CAN_RxFifo0FullCallback  stm32f4xx_hal_can.o
    0x08001176   0x08001176   0x00000002   PAD
    0x08001178   0x08001178   0x00000098   Code   RO           14    i.HAL_CAN_RxFifo0MsgPendingCallback  bsp_can.o
    0x08001210   0x08001210   0x00000002   Code   RO         1244    i.HAL_CAN_RxFifo1FullCallback  stm32f4xx_hal_can.o
    0x08001212   0x08001212   0x00000002   Code   RO         1245    i.HAL_CAN_RxFifo1MsgPendingCallback  stm32f4xx_hal_can.o
    0x08001214   0x08001214   0x00000002   Code   RO         1246    i.HAL_CAN_SleepCallback  stm32f4xx_hal_can.o
    0x08001216   0x08001216   0x00000002   PAD
    0x08001218   0x08001218   0x00000058   Code   RO         1247    i.HAL_CAN_Start     stm32f4xx_hal_can.o
    0x08001270   0x08001270   0x00000002   Code   RO         1249    i.HAL_CAN_TxMailbox0AbortCallback  stm32f4xx_hal_can.o
    0x08001272   0x08001272   0x00000002   Code   RO         1250    i.HAL_CAN_TxMailbox0CompleteCallback  stm32f4xx_hal_can.o
    0x08001274   0x08001274   0x00000002   Code   RO         1251    i.HAL_CAN_TxMailbox1AbortCallback  stm32f4xx_hal_can.o
    0x08001276   0x08001276   0x00000002   Code   RO         1252    i.HAL_CAN_TxMailbox1CompleteCallback  stm32f4xx_hal_can.o
    0x08001278   0x08001278   0x00000002   Code   RO         1253    i.HAL_CAN_TxMailbox2AbortCallback  stm32f4xx_hal_can.o
    0x0800127a   0x0800127a   0x00000002   Code   RO         1254    i.HAL_CAN_TxMailbox2CompleteCallback  stm32f4xx_hal_can.o
    0x0800127c   0x0800127c   0x00000002   Code   RO         1256    i.HAL_CAN_WakeUpFromRxMsgCallback  stm32f4xx_hal_can.o
    0x0800127e   0x0800127e   0x00000024   Code   RO         3483    i.HAL_DMA_Abort_IT  stm32f4xx_hal_dma.o
    0x080012a2   0x080012a2   0x00000002   PAD
    0x080012a4   0x080012a4   0x000001a0   Code   RO         3487    i.HAL_DMA_IRQHandler  stm32f4xx_hal_dma.o
    0x08001444   0x08001444   0x000000d4   Code   RO         3488    i.HAL_DMA_Init      stm32f4xx_hal_dma.o
    0x08001518   0x08001518   0x00000046   Code   RO         3491    i.HAL_DMA_Start     stm32f4xx_hal_dma.o
    0x0800155e   0x0800155e   0x00000002   PAD
    0x08001560   0x08001560   0x00000024   Code   RO         3919    i.HAL_Delay         stm32f4xx_hal.o
    0x08001584   0x08001584   0x00000002   Code   RO         3373    i.HAL_GPIO_EXTI_Callback  stm32f4xx_hal_gpio.o
    0x08001586   0x08001586   0x00000002   PAD
    0x08001588   0x08001588   0x00000018   Code   RO         3374    i.HAL_GPIO_EXTI_IRQHandler  stm32f4xx_hal_gpio.o
    0x080015a0   0x080015a0   0x000001cc   Code   RO         3375    i.HAL_GPIO_Init     stm32f4xx_hal_gpio.o
    0x0800176c   0x0800176c   0x0000000a   Code   RO         3379    i.HAL_GPIO_WritePin  stm32f4xx_hal_gpio.o
    0x08001776   0x08001776   0x00000002   PAD
    0x08001778   0x08001778   0x0000000c   Code   RO         3927    i.HAL_GetTick       stm32f4xx_hal.o
    0x08001784   0x08001784   0x00000010   Code   RO         3931    i.HAL_IncTick       stm32f4xx_hal.o
    0x08001794   0x08001794   0x00000034   Code   RO         3932    i.HAL_Init          stm32f4xx_hal.o
    0x080017c8   0x080017c8   0x00000040   Code   RO         3933    i.HAL_InitTick      stm32f4xx_hal.o
    0x08001808   0x08001808   0x00000084   Code   RO         1197    i.HAL_MspInit       stm32f4xx_hal_msp.o
    0x0800188c   0x0800188c   0x00000016   Code   RO         3782    i.HAL_NVIC_EnableIRQ  stm32f4xx_hal_cortex.o
    0x080018a2   0x080018a2   0x00000002   PAD
    0x080018a4   0x080018a4   0x00000040   Code   RO         3788    i.HAL_NVIC_SetPriority  stm32f4xx_hal_cortex.o
    0x080018e4   0x080018e4   0x00000024   Code   RO         3789    i.HAL_NVIC_SetPriorityGrouping  stm32f4xx_hal_cortex.o
    0x08001908   0x08001908   0x00000070   Code   RO         3711    i.HAL_PWREx_EnableOverDrive  stm32f4xx_hal_pwr_ex.o
    0x08001978   0x08001978   0x00000130   Code   RO         2969    i.HAL_RCC_ClockConfig  stm32f4xx_hal_rcc.o
    0x08001aa8   0x08001aa8   0x0000000c   Code   RO         2974    i.HAL_RCC_GetHCLKFreq  stm32f4xx_hal_rcc.o
    0x08001ab4   0x08001ab4   0x00000020   Code   RO         2976    i.HAL_RCC_GetPCLK1Freq  stm32f4xx_hal_rcc.o
    0x08001ad4   0x08001ad4   0x00000020   Code   RO         2977    i.HAL_RCC_GetPCLK2Freq  stm32f4xx_hal_rcc.o
    0x08001af4   0x08001af4   0x00000064   Code   RO         2978    i.HAL_RCC_GetSysClockFreq  stm32f4xx_hal_rcc.o
    0x08001b58   0x08001b58   0x0000031c   Code   RO         2981    i.HAL_RCC_OscConfig  stm32f4xx_hal_rcc.o
    0x08001e74   0x08001e74   0x00000002   Code   RO         1462    i.HAL_SPI_ErrorCallback  stm32f4xx_hal_spi.o
    0x08001e76   0x08001e76   0x00000002   PAD
    0x08001e78   0x08001e78   0x000000d4   Code   RO         1465    i.HAL_SPI_IRQHandler  stm32f4xx_hal_spi.o
    0x08001f4c   0x08001f4c   0x00000080   Code   RO         1466    i.HAL_SPI_Init      stm32f4xx_hal_spi.o
    0x08001fcc   0x08001fcc   0x0000005c   Code   RO          890    i.HAL_SPI_MspInit   spi.o
    0x08002028   0x08002028   0x000001d8   Code   RO         1475    i.HAL_SPI_TransmitReceive  stm32f4xx_hal_spi.o
    0x08002200   0x08002200   0x00000018   Code   RO         3791    i.HAL_SYSTICK_CLKSourceConfig  stm32f4xx_hal_cortex.o
    0x08002218   0x08002218   0x00000028   Code   RO         3793    i.HAL_SYSTICK_Config  stm32f4xx_hal_cortex.o
    0x08002240   0x08002240   0x00000034   Code   RO          931    i.HAL_TIM_MspPostInit  tim.o
    0x08002274   0x08002274   0x000000d0   Code   RO         1840    i.HAL_TIM_PWM_ConfigChannel  stm32f4xx_hal_tim.o
    0x08002344   0x08002344   0x00000036   Code   RO         1843    i.HAL_TIM_PWM_Init  stm32f4xx_hal_tim.o
    0x0800237a   0x0800237a   0x00000002   PAD
    0x0800237c   0x0800237c   0x00000028   Code   RO          933    i.HAL_TIM_PWM_MspInit  tim.o
    0x080023a4   0x080023a4   0x00000038   Code   RO         1847    i.HAL_TIM_PWM_Start  stm32f4xx_hal_tim.o
    0x080023dc   0x080023dc   0x00000002   Code   RO         2663    i.HAL_UART_ErrorCallback  stm32f4xx_hal_uart.o
    0x080023de   0x080023de   0x00000002   PAD
    0x080023e0   0x080023e0   0x00000110   Code   RO         2666    i.HAL_UART_IRQHandler  stm32f4xx_hal_uart.o
    0x080024f0   0x080024f0   0x00000062   Code   RO         2667    i.HAL_UART_Init     stm32f4xx_hal_uart.o
    0x08002552   0x08002552   0x00000002   PAD
    0x08002554   0x08002554   0x000000f0   Code   RO          986    i.HAL_UART_MspInit  usart.o
    0x08002644   0x08002644   0x00000002   Code   RO         2673    i.HAL_UART_RxCpltCallback  stm32f4xx_hal_uart.o
    0x08002646   0x08002646   0x00000002   Code   RO         2678    i.HAL_UART_TxCpltCallback  stm32f4xx_hal_uart.o
    0x08002648   0x08002648   0x00000002   Code   RO         1041    i.HardFault_Handler  stm32f4xx_it.o
    0x0800264a   0x0800264a   0x00000002   PAD
    0x0800264c   0x0800264c   0x00000058   Code   RO          749    i.MX_CAN1_Init      can.o
    0x080026a4   0x080026a4   0x00000058   Code   RO          750    i.MX_CAN2_Init      can.o
    0x080026fc   0x080026fc   0x0000002c   Code   RO          803    i.MX_DMA_Init       dma.o
    0x08002728   0x08002728   0x0000004c   Code   RO          830    i.MX_FREERTOS_Init  freertos.o
    0x08002774   0x08002774   0x00000134   Code   RO          711    i.MX_GPIO_Init      gpio.o
    0x080028a8   0x080028a8   0x0000005c   Code   RO          891    i.MX_SPI5_Init      spi.o
    0x08002904   0x08002904   0x00000068   Code   RO          934    i.MX_TIM12_Init     tim.o
    0x0800296c   0x0800296c   0x00000054   Code   RO          987    i.MX_USART1_UART_Init  usart.o
    0x080029c0   0x080029c0   0x0000004c   Code   RO          988    i.MX_USART6_UART_Init  usart.o
    0x08002a0c   0x08002a0c   0x00000002   Code   RO         1042    i.MemManage_Handler  stm32f4xx_it.o
    0x08002a0e   0x08002a0e   0x00000002   Code   RO         1043    i.NMI_Handler       stm32f4xx_it.o
    0x08002a10   0x08002a10   0x00000020   Code   RO         3795    i.NVIC_SetPriority  stm32f4xx_hal_cortex.o
    0x08002a30   0x08002a30   0x00000044   Code   RO         5277    i.PID_struct_init   pid.o
    0x08002a74   0x08002a74   0x0000004c   Code   RO          935    i.PWM_SetDuty       tim.o
    0x08002ac0   0x08002ac0   0x0000000c   Code   RO         1044    i.SPI5_IRQHandler   stm32f4xx_it.o
    0x08002acc   0x08002acc   0x00000020   Code   RO         1490    i.SPI_CheckFlag_BSY  stm32f4xx_hal_spi.o
    0x08002aec   0x08002aec   0x00000010   Code   RO         1494    i.SPI_DMAAbortOnError  stm32f4xx_hal_spi.o
    0x08002afc   0x08002afc   0x00000096   Code   RO         1508    i.SPI_WaitFlagStateUntilTimeout  stm32f4xx_hal_spi.o
    0x08002b92   0x08002b92   0x0000000e   Code   RO          831    i.StartDefaultTask  freertos.o
    0x08002ba0   0x08002ba0   0x00000098   Code   RO         5218    i.Start_chassis_ctrl_task  ctrl_task.o
    0x08002c38   0x08002c38   0x0000000e   Code   RO         1045    i.SysTick_Handler   stm32f4xx_it.o
    0x08002c46   0x08002c46   0x00000002   PAD
    0x08002c48   0x08002c48   0x000000a8   Code   RO          663    i.SystemClock_Config  main.o
    0x08002cf0   0x08002cf0   0x00000054   Code   RO         4096    i.SystemInit        system_stm32f4xx.o
    0x08002d44   0x08002d44   0x000000c0   Code   RO         1858    i.TIM_Base_SetConfig  stm32f4xx_hal_tim.o
    0x08002e04   0x08002e04   0x00000016   Code   RO         1859    i.TIM_CCxChannelCmd  stm32f4xx_hal_tim.o
    0x08002e1a   0x08002e1a   0x00000002   PAD
    0x08002e1c   0x08002e1c   0x00000058   Code   RO         1867    i.TIM_OC1_SetConfig  stm32f4xx_hal_tim.o
    0x08002e74   0x08002e74   0x00000064   Code   RO         1868    i.TIM_OC2_SetConfig  stm32f4xx_hal_tim.o
    0x08002ed8   0x08002ed8   0x00000060   Code   RO         1869    i.TIM_OC3_SetConfig  stm32f4xx_hal_tim.o
    0x08002f38   0x08002f38   0x00000050   Code   RO         1870    i.TIM_OC4_SetConfig  stm32f4xx_hal_tim.o
    0x08002f88   0x08002f88   0x00000010   Code   RO         2680    i.UART_DMAAbortOnError  stm32f4xx_hal_uart.o
    0x08002f98   0x08002f98   0x0000001c   Code   RO         2690    i.UART_EndRxTransfer  stm32f4xx_hal_uart.o
    0x08002fb4   0x08002fb4   0x0000008c   Code   RO         2692    i.UART_Receive_IT   stm32f4xx_hal_uart.o
    0x08003040   0x08003040   0x000002ac   Code   RO         2693    i.UART_SetConfig    stm32f4xx_hal_uart.o
    0x080032ec   0x080032ec   0x00000062   Code   RO         2694    i.UART_Transmit_IT  stm32f4xx_hal_uart.o
    0x0800334e   0x0800334e   0x00000002   PAD
    0x08003350   0x08003350   0x00000018   Code   RO         1046    i.USART1_IRQHandler  stm32f4xx_it.o
    0x08003368   0x08003368   0x0000000c   Code   RO         1047    i.USART6_IRQHandler  stm32f4xx_it.o
    0x08003374   0x08003374   0x00000002   Code   RO         1048    i.UsageFault_Handler  stm32f4xx_it.o
    0x08003376   0x08003376   0x00000002   Code   RO          664    i._Error_Handler    main.o
    0x08003378   0x08003378   0x00000030   Code   RO         5427    i.__ARM_fpclassify  m_wm.l(fpclassify.o)
    0x080033a8   0x080033a8   0x00000360   Code   RO         5334    i.__hardfp_asin     m_wm.l(asin.o)
    0x08003708   0x08003708   0x000002d8   Code   RO         5399    i.__hardfp_atan     m_wm.l(atan.o)
    0x080039e0   0x080039e0   0x000001f0   Code   RO         5348    i.__hardfp_atan2    m_wm.l(atan2.o)
    0x08003bd0   0x08003bd0   0x00000014   Code   RO         5360    i.__hardfp_fabs     m_wm.l(fabs.o)
    0x08003be4   0x08003be4   0x0000007a   Code   RO         5366    i.__hardfp_sqrt     m_wm.l(sqrt.o)
    0x08003c5e   0x08003c5e   0x000000f8   Code   RO         5429    i.__kernel_poly     m_wm.l(poly.o)
    0x08003d56   0x08003d56   0x00000014   Code   RO         5414    i.__mathlib_dbl_infnan  m_wm.l(dunder.o)
    0x08003d6a   0x08003d6a   0x00000014   Code   RO         5415    i.__mathlib_dbl_infnan2  m_wm.l(dunder.o)
    0x08003d7e   0x08003d7e   0x00000002   PAD
    0x08003d80   0x08003d80   0x00000020   Code   RO         5416    i.__mathlib_dbl_invalid  m_wm.l(dunder.o)
    0x08003da0   0x08003da0   0x00000020   Code   RO         5419    i.__mathlib_dbl_underflow  m_wm.l(dunder.o)
    0x08003dc0   0x08003dc0   0x0000000e   Code   RO         5478    i.__scatterload_copy  mc_w.l(handlers.o)
    0x08003dce   0x08003dce   0x00000002   Code   RO         5479    i.__scatterload_null  mc_w.l(handlers.o)
    0x08003dd0   0x08003dd0   0x0000000e   Code   RO         5480    i.__scatterload_zeroinit  mc_w.l(handlers.o)
    0x08003dde   0x08003dde   0x00000002   PAD
    0x08003de0   0x08003de0   0x0000000c   Code   RO         5452    i.__set_errno       mc_w.l(errno.o)
    0x08003dec   0x08003dec   0x00000010   Code   RO         5401    i.atan              m_wm.l(atan.o)
    0x08003dfc   0x08003dfc   0x00000028   Code   RO         5219    i.balance           ctrl_task.o
    0x08003e24   0x08003e24   0x0000008c   Code   RO           15    i.can_filter_init   bsp_can.o
    0x08003eb0   0x08003eb0   0x000000b8   Code   RO         5220    i.chassis_param_init  ctrl_task.o
    0x08003f68   0x08003f68   0x00000048   Code   RO          274    i.dbus_uart_init    bsp_uart.o
    0x08003fb0   0x08003fb0   0x00000064   Code   RO           16    i.encoder_data_handler  bsp_can.o
    0x08004014   0x08004014   0x00000018   Code   RO         5362    i.fabs              m_wm.l(fabs.o)
    0x0800402c   0x0800402c   0x0000000a   Code   RO           17    i.get_moto_offset   bsp_can.o
    0x08004036   0x08004036   0x00000002   PAD
    0x08004038   0x08004038   0x000004aa   Code   RO          521    i.imu_ahrs_update   bsp_imu.o
    0x080044e2   0x080044e2   0x00000002   PAD
    0x080044e4   0x080044e4   0x00000174   Code   RO          522    i.imu_attitude_update  bsp_imu.o
    0x08004658   0x08004658   0x0000000c   Code   RO         4843    i.inHandlerMode     cmsis_os.o
    0x08004664   0x08004664   0x000001cc   Code   RO          523    i.init_quaternion   bsp_imu.o
    0x08004830   0x08004830   0x0000002c   Code   RO          524    i.inv_sqrt          bsp_imu.o
    0x0800485c   0x0800485c   0x0000000a   Code   RO          525    i.ist8310_get_data  bsp_imu.o
    0x08004866   0x08004866   0x00000100   Code   RO          526    i.ist8310_init      bsp_imu.o
    0x08004966   0x08004966   0x00000038   Code   RO          527    i.ist_reg_read_by_mpu  bsp_imu.o
    0x0800499e   0x0800499e   0x00000042   Code   RO          528    i.ist_reg_write_by_mpu  bsp_imu.o
    0x080049e0   0x080049e0   0x00000054   Code   RO          712    i.led_blink         gpio.o
    0x08004a34   0x08004a34   0x00000024   Code   RO          713    i.led_off           gpio.o
    0x08004a58   0x08004a58   0x0000005c   Code   RO          665    i.main              main.o
    0x08004ab4   0x08004ab4   0x0000000c   Code   RO         4845    i.makeFreeRtosPriority  cmsis_os.o
    0x08004ac0   0x08004ac0   0x00000064   Code   RO          529    i.mpu_device_init   bsp_imu.o
    0x08004b24   0x08004b24   0x00000100   Code   RO          530    i.mpu_get_data      bsp_imu.o
    0x08004c24   0x08004c24   0x0000008e   Code   RO          531    i.mpu_master_i2c_auto_read_config  bsp_imu.o
    0x08004cb2   0x08004cb2   0x00000002   PAD
    0x08004cb4   0x08004cb4   0x000000a4   Code   RO          532    i.mpu_offset_call   bsp_imu.o
    0x08004d58   0x08004d58   0x00000050   Code   RO          533    i.mpu_read_byte     bsp_imu.o
    0x08004da8   0x08004da8   0x0000005c   Code   RO          534    i.mpu_read_bytes    bsp_imu.o
    0x08004e04   0x08004e04   0x0000000a   Code   RO          535    i.mpu_set_accel_fsr  bsp_imu.o
    0x08004e0e   0x08004e0e   0x0000000a   Code   RO          536    i.mpu_set_gyro_fsr  bsp_imu.o
    0x08004e18   0x08004e18   0x00000054   Code   RO          537    i.mpu_write_byte    bsp_imu.o
    0x08004e6c   0x08004e6c   0x0000000e   Code   RO         4847    i.osDelay           cmsis_os.o
    0x08004e7a   0x08004e7a   0x0000000e   Code   RO         4848    i.osDelayUntil      cmsis_os.o
    0x08004e88   0x08004e88   0x0000000a   Code   RO         4850    i.osKernelStart     cmsis_os.o
    0x08004e92   0x08004e92   0x00000018   Code   RO         4851    i.osKernelSysTick   cmsis_os.o
    0x08004eaa   0x08004eaa   0x00000026   Code   RO         4876    i.osSemaphoreCreate  cmsis_os.o
    0x08004ed0   0x08004ed0   0x00000014   Code   RO         4883    i.osSystickHandler  cmsis_os.o
    0x08004ee4   0x08004ee4   0x0000002e   Code   RO         4884    i.osThreadCreate    cmsis_os.o
    0x08004f12   0x08004f12   0x0000000e   Code   RO         5280    i.pid_param_init    pid.o
    0x08004f20   0x08004f20   0x00000020   Code   RO         5281    i.pid_reset         pid.o
    0x08004f40   0x08004f40   0x00000070   Code   RO         4550    i.prvAddCurrentTaskToDelayedList  tasks.o
    0x08004fb0   0x08004fb0   0x000000d0   Code   RO         4551    i.prvAddNewTaskToReadyList  tasks.o
    0x08005080   0x08005080   0x00000050   Code   RO         4552    i.prvCheckTasksWaitingTermination  tasks.o
    0x080050d0   0x080050d0   0x0000006c   Code   RO         4411    i.prvCopyDataToQueue  queue.o
    0x0800513c   0x0800513c   0x00000014   Code   RO         4553    i.prvDeleteTCB      tasks.o
    0x08005150   0x08005150   0x0000004c   Code   RO         4130    i.prvHeapInit       heap_4.o
    0x0800519c   0x0800519c   0x00000028   Code   RO         4554    i.prvIdleTask       tasks.o
    0x080051c4   0x080051c4   0x0000008e   Code   RO         4555    i.prvInitialiseNewTask  tasks.o
    0x08005252   0x08005252   0x00000002   PAD
    0x08005254   0x08005254   0x0000004c   Code   RO         4131    i.prvInsertBlockIntoFreeList  heap_4.o
    0x080052a0   0x080052a0   0x00000020   Code   RO         4556    i.prvResetNextTaskUnblockTime  tasks.o
    0x080052c0   0x080052c0   0x00000028   Code   RO         4205    i.prvTaskExitError  port.o
    0x080052e8   0x080052e8   0x0000006a   Code   RO         4413    i.prvUnlockQueue    queue.o
    0x08005352   0x08005352   0x00000002   PAD
    0x08005354   0x08005354   0x000000d8   Code   RO         4132    i.pvPortMalloc      heap_4.o
    0x0800542c   0x0800542c   0x0000002c   Code   RO         4206    i.pxPortInitialiseStack  port.o
    0x08005458   0x08005458   0x0000008c   Code   RO          276    i.rc_callback_handler  bsp_uart.o
    0x080054e4   0x080054e4   0x00000090   Code   RO           18    i.send_chassis_cur  bsp_can.o
    0x08005574   0x08005574   0x0000006e   Code   RO         5368    i.sqrt              m_wm.l(sqrt.o)
    0x080055e2   0x080055e2   0x00000002   PAD
    0x080055e4   0x080055e4   0x00000060   Code   RO          277    i.uart_receive_handler  bsp_uart.o
    0x08005644   0x08005644   0x00000024   Code   RO         4373    i.uxListRemove      list.o
    0x08005668   0x08005668   0x00000016   Code   RO         4374    i.vListInitialise   list.o
    0x0800567e   0x0800567e   0x00000006   Code   RO         4375    i.vListInitialiseItem  list.o
    0x08005684   0x08005684   0x00000030   Code   RO         4376    i.vListInsert       list.o
    0x080056b4   0x080056b4   0x00000018   Code   RO         4377    i.vListInsertEnd    list.o
    0x080056cc   0x080056cc   0x00000040   Code   RO         4208    i.vPortEnterCritical  port.o
    0x0800570c   0x0800570c   0x00000028   Code   RO         4209    i.vPortExitCritical  port.o
    0x08005734   0x08005734   0x0000005c   Code   RO         4133    i.vPortFree         heap_4.o
    0x08005790   0x08005790   0x00000020   Code   RO         4210    i.vPortSetupTimerInterrupt  port.o
    0x080057b0   0x080057b0   0x00000054   Code   RO         4211    i.vPortValidateInterruptPriority  port.o
    0x08005804   0x08005804   0x0000004c   Code   RO         4564    i.vTaskDelay        tasks.o
    0x08005850   0x08005850   0x0000008c   Code   RO         4565    i.vTaskDelayUntil   tasks.o
    0x080058dc   0x080058dc   0x0000000c   Code   RO         4568    i.vTaskMissedYield  tasks.o
    0x080058e8   0x080058e8   0x00000030   Code   RO         4570    i.vTaskPlaceOnEventList  tasks.o
    0x08005918   0x08005918   0x00000024   Code   RO         4575    i.vTaskSetTimeOutState  tasks.o
    0x0800593c   0x0800593c   0x00000068   Code   RO         4576    i.vTaskStartScheduler  tasks.o
    0x080059a4   0x080059a4   0x00000010   Code   RO         4578    i.vTaskSuspendAll   tasks.o
    0x080059b4   0x080059b4   0x0000005c   Code   RO         4579    i.vTaskSwitchContext  tasks.o
    0x08005a10   0x08005a10   0x000000e0   Code   RO         4212    i.xPortStartScheduler  port.o
    0x08005af0   0x08005af0   0x0000002c   Code   RO         4213    i.xPortSysTickHandler  port.o
    0x08005b1c   0x08005b1c   0x00000048   Code   RO         4421    i.xQueueGenericCreate  queue.o
    0x08005b64   0x08005b64   0x00000088   Code   RO         4423    i.xQueueGenericReset  queue.o
    0x08005bec   0x08005bec   0x00000160   Code   RO         4424    i.xQueueGenericSend  queue.o
    0x08005d4c   0x08005d4c   0x0000006c   Code   RO         4580    i.xTaskCheckForTimeOut  tasks.o
    0x08005db8   0x08005db8   0x00000056   Code   RO         4581    i.xTaskCreate       tasks.o
    0x08005e0e   0x08005e0e   0x00000002   PAD
    0x08005e10   0x08005e10   0x0000001c   Code   RO         4585    i.xTaskGetSchedulerState  tasks.o
    0x08005e2c   0x08005e2c   0x0000000c   Code   RO         4586    i.xTaskGetTickCount  tasks.o
    0x08005e38   0x08005e38   0x00000010   Code   RO         4587    i.xTaskGetTickCountFromISR  tasks.o
    0x08005e48   0x08005e48   0x000000c8   Code   RO         4588    i.xTaskIncrementTick  tasks.o
    0x08005f10   0x08005f10   0x00000098   Code   RO         4591    i.xTaskPriorityDisinherit  tasks.o
    0x08005fa8   0x08005fa8   0x00000074   Code   RO         4592    i.xTaskRemoveFromEventList  tasks.o
    0x0800601c   0x0800601c   0x000000c4   Code   RO         4594    i.xTaskResumeAll    tasks.o
    0x080060e0   0x080060e0   0x00000014   Data   RO          540    .constdata          bsp_imu.o
    0x080060f4   0x080060f4   0x00000028   Data   RO          832    .constdata          freertos.o
    0x0800611c   0x0800611c   0x00000008   Data   RO         3494    .constdata          stm32f4xx_hal_dma.o
    0x08006124   0x08006124   0x00000010   Data   RO         4097    .constdata          system_stm32f4xx.o
    0x08006134   0x08006134   0x00000008   Data   RO         4098    .constdata          system_stm32f4xx.o
    0x0800613c   0x0800613c   0x00000004   PAD
    0x08006140   0x08006140   0x00000050   Data   RO         5337    .constdata          m_wm.l(asin.o)
    0x08006190   0x08006190   0x00000098   Data   RO         5402    .constdata          m_wm.l(atan.o)
    0x08006228   0x08006228   0x00000008   Data   RO         5431    .constdata          m_wm.l(qnan.o)
    0x08006230   0x08006230   0x0000001e   Data   RO          833    .conststring        freertos.o
    0x0800624e   0x0800624e   0x00000002   PAD
    0x08006250   0x08006250   0x00000020   Data   RO         5476    Region$$Table       anon$$obj.o


    Execution Region RW_IRAM1 (Exec base: 0x20000000, Load base: 0x08006270, Size: 0x00005310, Max: 0x00030000, ABSOLUTE)

    Exec Addr    Load Addr    Size         Type   Attr      Idx    E Section Name        Object

    0x20000000   0x08006270   0x00000009   Data   RW           20    .data               bsp_can.o
    0x20000009   0x08006279   0x00000003   PAD
    0x2000000c   0x0800627c   0x00000060   Data   RW          541    .data               bsp_imu.o
    0x2000006c   0x080062dc   0x00000004   Data   RW          752    .data               can.o
    0x20000070   0x080062e0   0x0000000c   Data   RW          834    .data               freertos.o
    0x2000007c   0x080062ec   0x0000000c   Data   RW         3939    .data               stm32f4xx_hal.o
    0x20000088   0x080062f8   0x00000004   Data   RW         4099    .data               system_stm32f4xx.o
    0x2000008c   0x080062fc   0x00000018   Data   RW         4138    .data               heap_4.o
    0x200000a4   0x08006314   0x0000000c   Data   RW         4214    .data               port.o
    0x200000b0   0x08006320   0x0000003c   Data   RW         4597    .data               tasks.o
    0x200000ec   0x0800635c   0x0000000c   Data   RW         5223    .data               ctrl_task.o
    0x200000f8   0x08006368   0x00000004   Data   RW         5453    .data               mc_w.l(errno.o)
    0x200000fc        -       0x000000f0   Zero   RW           19    .bss                bsp_can.o
    0x200001ec        -       0x0000001c   Zero   RW          278    .bss                bsp_uart.o
    0x20000208        -       0x00000062   Zero   RW          539    .bss                bsp_imu.o
    0x2000026a   0x0800636c   0x00000002   PAD
    0x2000026c        -       0x00000050   Zero   RW          751    .bss                can.o
    0x200002bc        -       0x00000058   Zero   RW          892    .bss                spi.o
    0x20000314        -       0x0000003c   Zero   RW          936    .bss                tim.o
    0x20000350        -       0x000000e0   Zero   RW          989    .bss                usart.o
    0x20000430        -       0x00003c00   Zero   RW         4137    .bss                heap_4.o
    0x20004030        -       0x000000f0   Zero   RW         4596    .bss                tasks.o
    0x20004120        -       0x00000024   Zero   RW         5222    .bss                ctrl_task.o
    0x20004144        -       0x00000130   Zero   RW         5286    .bss                pid.o
    0x20004274        -       0x0000004c   Zero   RW         5287    .bss                pid.o
    0x200042c0        -       0x0000004c   Zero   RW         5290    .bss                pid.o
    0x2000430c   0x0800636c   0x00000004   PAD
    0x20004310        -       0x00001000   Zero   RW            1    STACK               startup_stm32f427xx.o


==============================================================================

Image component sizes


      Code (inc. data)   RO Data    RW Data    ZI Data      Debug   Object Name

       558        104          0          9        240     744026   bsp_can.o
      3396        220         20         96         98      13816   bsp_imu.o
       308         18          0          0         28     741863   bsp_uart.o
       400         72          0          4         80       2422   can.o
       190          0          0          0          0      17597   cmsis_os.o
       376         62          0         12         36       3215   ctrl_task.o
        44          4          0          0          0        770   dma.o
         0          0          0          0          0       8076   event_groups.o
        90         10         70         12          0       1966   freertos.o
       428         38          0          0          0       2225   gpio.o
       460         24          0         24      15360       8899   heap_4.o
       136          0          0          0          0       3606   list.o
       262         24          0          0          0       5861   main.o
       114         14          0          0        456       3770   pid.o
       758         84          0         12          0      12001   port.o
       774         10          0          0          0       7803   queue.o
       184         38          0          0         88       1653   spi.o
        36          8        428          0       4096        844   startup_stm32f427xx.o
       180         28          0         12          0       4645   stm32f4xx_hal.o
      1706          6          0          0          0      14349   stm32f4xx_hal_can.o
       218         14          0          0          0      31105   stm32f4xx_hal_cortex.o
       898         16          8          0          0       6379   stm32f4xx_hal_dma.o
       496         58          0          0          0       3660   stm32f4xx_hal_gpio.o
       132          6          0          0          0        926   stm32f4xx_hal_msp.o
       112         14          0          0          0       1304   stm32f4xx_hal_pwr_ex.o
      1276         86          0          0          0       5688   stm32f4xx_hal_rcc.o
      1012          4          0          0          0       6730   stm32f4xx_hal_spi.o
       896         88          0          0          0       8000   stm32f4xx_hal_tim.o
      1342         14          0          0          0       7547   stm32f4xx_hal_uart.o
       142         48          0          0          0      21826   stm32f4xx_it.o
        84         18         24          4          0       1183   system_stm32f4xx.o
      2072        176          0         60        240      23623   tasks.o
       272         50          0          0         60       2859   tim.o
       400        100          0          0        224       2466   usart.o

    ----------------------------------------------------------------------
     19800       1456        588        248      21012    1722703   Object Totals
         0          0         32          0          0          0   (incl. Generated)
        48          0          6          3          6          0   (incl. Padding)

    ----------------------------------------------------------------------

      Code (inc. data)   RO Data    RW Data    ZI Data      Debug   Library Member Name

       864         94         80          0          0        280   asin.o
       744        106        152          0          0        352   atan.o
       496         64          0          0          0        192   atan2.o
       104         16          0          0          0        496   dunder.o
        44          0          0          0          0        248   fabs.o
        48          0          0          0          0        124   fpclassify.o
       248          0          0          0          0        152   poly.o
         0          0          8          0          0          0   qnan.o
       232          0          0          0          0        296   sqrt.o
         0          0          0          0          0          0   entry.o
         0          0          0          0          0          0   entry10a.o
         0          0          0          0          0          0   entry11a.o
         8          4          0          0          0          0   entry2.o
         4          0          0          0          0          0   entry5.o
         0          0          0          0          0          0   entry7b.o
         0          0          0          0          0          0   entry8b.o
         8          4          0          0          0          0   entry9a.o
        12          6          0          4          0         68   errno.o
        30          0          0          0          0          0   handlers.o
        36          8          0          0          0         68   init.o
         0          0          0          0          0          0   iusefp.o
        30          0          0          0          0         68   llshl.o
        36          0          0          0          0         68   llsshr.o
        32          0          0          0          0         68   llushr.o
        36          0          0          0          0         68   memcpya.o
        36          0          0          0          0        108   memseta.o
        98          0          0          0          0         92   uldiv.o
        48          0          0          0          0         68   cdrcmple.o
        56          0          0          0          0         88   d2f.o
       334          0          0          0          0        148   dadd.o
       222          0          0          0          0        100   ddiv.o
       186          0          0          0          0        176   depilogue.o
        34          0          0          0          0         76   dflti.o
       228          0          0          0          0         96   dmul.o
       162          0          0          0          0        100   dsqrt.o
        38          0          0          0          0         68   f2d.o
       110          0          0          0          0        168   fepilogue.o

    ----------------------------------------------------------------------
      4572        302        240          4          0       3836   Library Totals
         8          0          0          0          0          0   (incl. Padding)

    ----------------------------------------------------------------------

      Code (inc. data)   RO Data    RW Data    ZI Data      Debug   Library Name

      2780        280        240          0          0       2140   m_wm.l
       366         22          0          4          0        608   mc_w.l
      1418          0          0          0          0       1088   mf_w.l

    ----------------------------------------------------------------------
      4572        302        240          4          0       3836   Library Totals

    ----------------------------------------------------------------------

==============================================================================


      Code (inc. data)   RO Data    RW Data    ZI Data      Debug   

     24372       1758        828        252      21012    1705563   Grand Totals
     24372       1758        828        252      21012    1705563   ELF Image Totals
     24372       1758        828        252          0          0   ROM Totals

==============================================================================

    Total RO  Size (Code + RO Data)                25200 (  24.61kB)
    Total RW  Size (RW Data + ZI Data)             21264 (  20.77kB)
    Total ROM Size (Code + RO Data + RW Data)      25452 (  24.86kB)

==============================================================================

